== manuscript/figures/captions_v2.md:
    -Generated by `scripts/15_figures_v2.py` at git 7c7809a, seed 20261120. Every value is read from the saved results files named under each figure.
    +Generated by `scripts/15_figures_v2.py` at git d145e1c, seed 20261120. Every value is read from the saved results files named under each figure.
== notes/review_results/inference_rows_ccs.csv: old (72, 31) new (72, 31)
   max |diff| over numeric cells 1.07e-13; cells differing by > 1e-9: 0
   non-numeric column differs: survives
== notes/review_results/inference_rows_ccs_pub.csv: old (72, 31) new (72, 31)
   max |diff| over numeric cells 4e-14; cells differing by > 1e-9: 0
   non-numeric column differs: survives
== notes/review_results/inference_rows_diag.csv: old (72, 31) new (72, 31)
   max |diff| over numeric cells 5.19e-15; cells differing by > 1e-9: 0
   non-numeric column differs: survives
== notes/review_results/inference_rows_lag.csv: old (72, 31) new (72, 31)
   max |diff| over numeric cells 5.42e-14; cells differing by > 1e-9: 0
   non-numeric column differs: survives
== notes/review_results/inference_rows_raw.csv: old (84, 31) new (84, 31)
   max |diff| over numeric cells 7.89e-13; cells differing by > 1e-9: 0
   non-numeric column differs: survives
== notes/review_results/partB/coupling_map_tables.md:
    -Residual at c = 0: +0.00000; first derivative in c at 0: -0.0000 nats per unit c; second derivative: +36.924 nats per unit c². A spread of pair-specific coupling with zero mean and SD σ_c gives an expected residual of ½
    +Residual at c = 0: +0.00000; first derivative in c at 0: +0.0000 nats per unit c; second derivative: +36.924 nats per unit c². A spread of pair-specific coupling with zero mean and SD σ_c gives an expected residual of ½
== notes/review_results/partB/crosslag_deviation.csv: old (56, 12) new (56, 12)
   max |diff| over numeric cells 8.88e-16; cells differing by > 1e-9: 0
== notes/review_results/partB/crosslag_deviation_tables.md:
    -# Run-level mean cross-lag deviation (partB10_crosslag_deviation.py; git=152cc6d; seed=20261120)
    +# Run-level mean cross-lag deviation (partB10_crosslag_deviation.py; git=d145e1c; seed=20261120)
== notes/review_results/partB/regional_sts_r1_tables.md:
    -# Regional MMI-sts against regional lag-1 autocorrelation, placebo run, pre-injection (partB11_regional_sts_r1.py; git=152cc6d; seed=20261120)
    +# Regional MMI-sts against regional lag-1 autocorrelation, placebo run, pre-injection (partB11_regional_sts_r1.py; git=d145e1c; seed=20261120)
== results/atoms_bins_115regions-all_ts_demean_global.csv: old (784, 19) new (784, 19)
   max |diff| over numeric cells 0; cells differing by > 1e-9: 0
== results/atoms_bins_115regions-all_ts_gsr_global.csv: old (784, 19) new (784, 19)
   max |diff| over numeric cells 0; cells differing by > 1e-9: 0
== results/atoms_bins_115regions-all_ts_gsr_placebo.csv: old (784, 19) new (784, 19)
   max |diff| over numeric cells 0; cells differing by > 1e-9: 0
== results/atoms_win30_115regions-all_ts_gsr_window.csv: old (784, 19) new (784, 19)
   max |diff| over numeric cells 0; cells differing by > 1e-9: 0
== results/atoms_win60_115regions-all_ts_demean_window.csv: old (392, 19) new (392, 19)
   max |diff| over numeric cells 0; cells differing by > 1e-9: 0
== results/atoms_win60_115regions-all_ts_gsr_window.csv: old (392, 19) new (392, 19)
   max |diff| over numeric cells 0; cells differing by > 1e-9: 0
== results/bias_check.csv: old (36, 14) new (36, 14)
   max |diff| over numeric cells 0; cells differing by > 1e-9: 0
== results/bias_check_differential.csv: old (24, 12) new (24, 12)
   max |diff| over numeric cells 0; cells differing by > 1e-9: 0
== results/bias_check_nonstat.csv: old (336, 12) new (420, 12)
   rows in new not in old: 84
           condition  window  window_index atom bins_covered  f_first_bin  analytic  est_mean      bias  bias_ci_lo  bias_ci_hi    est_sd     _merge
336  nonstat_step_ar      30             1  sts          1-1          0.0  1.384438  0.482424 -0.902014   -0.906216   -0.897811  0.303224  left_only
337  nonstat_step_ar      30             2  sts          2-2          0.0  1.384438  0.481430 -0.903008   -0.907149   -0.898866  0.298840  left_only
338  nonstat_step_ar      30             3  sts          3-3          0.0  1.384438  0.488010 -0.896428   -0.900623   -0.892232  0.302736  left_only
== results/bias_check_nonstat_criterion.csv: old (12, 21) new (12, 21)
   max |diff| over numeric cells 0; cells differing by > 1e-9: 0
== results/bias_check_nonstat_global.csv: old (8, 12) new (10, 12)
   rows in new not in old: 2
         condition atom  global_est_mean  global_est_sd  global_est_ci_lo  global_est_ci_hi  regime_pre  regime_peak  weighted_mean_of_bin_truths  mixture_cov_truth  n_pre_bins  n_post_bins     _merge
8  nonstat_step_ar  sts         1.268019       0.095461          1.266696          1.269342    1.384438     1.328420                     1.344425           1.344706           8           20  left_only
9  nonstat_step_ar  rtr         0.018051       0.016122          0.017828          0.018275    0.016268     0.014496                     0.015002           0.015014           8           20  left_only
== results/bias_check_nonstat_tracking.csv: old (162, 12) new (162, 12)
   max |diff| over numeric cells 0; cells differing by > 1e-9: 0
== results/global_fc_bins_115regions-all_ts_demean.csv: old (784, 5) new (784, 5)
   max |diff| over numeric cells 0; cells differing by > 1e-9: 0
== results/global_fc_bins_115regions-all_ts_gsr.csv: old (784, 5) new (784, 5)
   max |diff| over numeric cells 0; cells differing by > 1e-9: 0
== results/global_fc_did_ts_demean.csv: old (160, 9) new (160, 9)
   max |diff| over numeric cells 0; cells differing by > 1e-9: 0
== results/global_fc_did_ts_gsr.csv: old (160, 9) new (160, 9)
   max |diff| over numeric cells 0; cells differing by > 1e-9: 0
== results/logdet_correction_check.csv: old (114, 17) new (114, 17)
   max |diff| over numeric cells 0; cells differing by > 1e-9: 0
   non-numeric column differs: condition
== results/loo_did_win60.csv: old (30, 10) new (30, 10)
   max |diff| over numeric cells 0; cells differing by > 1e-9: 0
== results/lz_vs_tdmi_ts_demean.csv: old (6, 14) new (6, 14)
   max |diff| over numeric cells 0; cells differing by > 1e-9: 0
== results/lz_vs_tdmi_ts_gsr.csv: old (6, 14) new (6, 14)
   max |diff| over numeric cells 0; cells differing by > 1e-9: 0
== results/nonstat_ar_step/bias_check_nonstat.csv: old (84, 12) new (84, 12)
   max |diff| over numeric cells 0; cells differing by > 1e-9: 0
== results/nonstat_ar_step/bias_check_nonstat_global.csv: old (2, 12) new (2, 12)
   max |diff| over numeric cells 0; cells differing by > 1e-9: 0
== results/primary_b_ts_demean_win60.csv: old (70, 7) new (70, 7)
   max |diff| over numeric cells 0; cells differing by > 1e-9: 0
   non-numeric column differs: note
== results/primary_b_ts_gsr_win30.csv: old (98, 7) new (98, 7)
   max |diff| over numeric cells 0; cells differing by > 1e-9: 0
   non-numeric column differs: note
== results/primary_b_ts_gsr_win60.csv: old (70, 7) new (70, 7)
   max |diff| over numeric cells 0; cells differing by > 1e-9: 0
   non-numeric column differs: note
== results/proportionality.csv: old (36, 8) new (36, 8)
   max |diff| over numeric cells 0; cells differing by > 1e-9: 0
   non-numeric column differs: note
== results/regional_analysis_ts_demean.csv: old (88, 7) new (88, 7)
   max |diff| over numeric cells 0; cells differing by > 1e-9: 0
   non-numeric column differs: note
== results/regional_analysis_ts_gsr.csv: old (76, 7) new (76, 7)
   max |diff| over numeric cells 0; cells differing by > 1e-9: 0
   non-numeric column differs: note
== results/regional_did_map_ts_demean.csv: old (115, 8) new (115, 8)
   max |diff| over numeric cells 0; cells differing by > 1e-9: 0
== results/regional_did_map_ts_gsr.csv: old (115, 8) new (115, 8)
   max |diff| over numeric cells 0; cells differing by > 1e-9: 0
== results/robustness_c_ts_gsr.csv: old (18, 13) new (18, 13)
   max |diff| over numeric cells 0; cells differing by > 1e-9: 0
== results/subject_alignment_check.txt:
    -# subject alignment check — 10_subject_alignment_check.py, git=66b570e-dirty, seed=20261120
    -# participant codes removed from this report on 15 Sep 2026 (data governance; record, "Data-governance note, 15 Sep 2026"); the script now prints table row indices; every number is unchanged
    +# subject alignment check — 10_subject_alignment_check.py, git=42d0d8e, seed=20261120
== results/subject_alignment_permtests.csv: old (14, 7) new (14, 7)
   max |diff| over numeric cells 0; cells differing by > 1e-9: 0
== results/tier_check_decay_windows.csv: old (24, 18) new (24, 18)
   max |diff| over numeric cells 0; cells differing by > 1e-9: 0
== results/windowed_atoms_did_ts_gsr_win60.csv: old (36, 13) new (36, 13)
   max |diff| over numeric cells 0; cells differing by > 1e-9: 0
