1. captions_v2.md (HEAD is e9fcbda)
   line 3, the header: 'Generated by `scripts/15_figures_v2.py` at git e9fcbda, seed 20261120': names HEAD
   line 7, Fig 1's caption: changed, with a Source sentence, and equal to the main text's without it
   line 11, Fig 2's caption: HEAD's, and the main text's without its Source sentence
   line 15, Fig 3's caption: changed, with a Source sentence, and equal to the main text's without it
   line 19, Fig 4's caption: changed, with a Source sentence, and equal to the main text's without it
   line 23, Fig 5's caption: changed, with a Source sentence, and equal to the main text's without it
   line 27, Fig 6's caption: changed, with a Source sentence, and equal to the main text's without it
2. the PNG files
   fig1_v2_scope_map.png: redrawn; 4250 × 1264 px at HEAD, 4250 × 1264 now (+0.00 % and +0.00 %): within 3 %
   fig2_v2_atoms_observed_substituted.png: identical to HEAD's
   fig3_v2_per_subject.png: redrawn; 3351 × 1182 px at HEAD, 3351 × 1182 now (+0.00 % and +0.00 %): within 3 %
   fig4_v2_regional.png: identical to HEAD's
   fig5_v2_residual_diagnostic.png: redrawn; 2212 × 2655 px at HEAD, 2188 × 2658 now (-1.08 % and +0.11 %): within 3 %
   fig6_v2_lag_dependence.png: identical to HEAD's
3. the PDF files
   fig1_v2_scope_map.pdf: differs beyond its dates (redrawn)
   fig2_v2_atoms_observed_substituted.pdf: identical once its dates are masked
   fig3_v2_per_subject.pdf: differs beyond its dates (redrawn)
   fig4_v2_regional.pdf: identical once its dates are masked
   fig5_v2_residual_diagnostic.pdf: differs beyond its dates (redrawn)
   fig6_v2_lag_dependence.pdf: identical once its dates are masked
conditions met
