=== 2026-10-01 23:37:10  notes/partB27_baseline_gap.py   -> notes/review_results/partB/baseline_gap_run.log
git=13e7299
   series read; the per-subject DiDs equal the saved ones (1s)
# The pre-injection gap and the per-subject relations (partB27_baseline_gap.py)
git=13e7299

Per subject: pre = mean of windows 1–4 (bins 1–8 at W = 30), post = windows 6–14 (bins 11–28); pre gap = DMT pre − placebo pre; post gap = DMT post − placebo post; DiD = post gap − pre gap. Means with B21's inverted sign-flip 95 % intervals and exact sign-flip p (2^14 assignments); 'adjusted' = the intercept of the OLS regression of the post gap on the pre gap (the post gap expected at a pre gap of zero), with its 95 % t interval (12 df), and the regression's slope; r(DiD, pre gap) and r(DiD, post gap) across the 14 subjects. nats for sts and the residual; r₁ dimensionless.

## (a) The gaps, the DiD and the baseline-adjusted contrast

| quantity | variant | W | pre gap (DMT − placebo) | p; share > 0 | post gap | p; share < 0 | DiD | p | adjusted (post gap at pre gap 0) | slope on pre gap | r(DiD, pre gap) | r(DiD, post gap) |
|---|---|---|---|---|---|---|---|---|---|---|---|---|
| sts | ts_gsr | 60 | +0.0176 [-0.0131, +0.0465] | 0.2307; 10/14 | -0.0633 [-0.0917, -0.0369] | 0.0001; 14/14 | -0.0809 [-0.1317, -0.0310] | 0.0038 | -0.0544 [-0.0806, -0.0283] | -0.503 [-0.992, -0.013] | -0.888 | +0.868 |
| r1 | ts_gsr | 60 | +0.0025 [-0.0044, +0.0092] | 0.4417; 10/14 | -0.0122 [-0.0187, -0.0064] | 0.0002; 13/14 | -0.0146 [-0.0261, -0.0037] | 0.0106 | -0.0110 [-0.0170, -0.0050] | -0.480 [-0.997, +0.038] | -0.874 | +0.860 |
| substituted | ts_gsr | 60 | +0.0227 [-0.0105, +0.0543] | 0.1576; 10/14 | -0.0697 [-0.1041, -0.0386] | 0.0001; 14/14 | -0.0924 [-0.1503, -0.0348] | 0.0037 | -0.0566 [-0.0888, -0.0245] | -0.576 [-1.119, -0.033] | -0.877 | +0.886 |
| residual | ts_gsr | 60 | -0.0051 [-0.0111, +0.0006] | 0.0775; 5/14 | +0.0064 [-0.0007, +0.0141] | 0.0782; 3/14 | +0.0115 [+0.0005, +0.0226] | 0.0421 | +0.0044 [-0.0042, +0.0130] | -0.398 [-1.165, +0.369] | -0.754 | +0.859 |
| sts | ts_demean | 60 | +0.0185 [-0.0207, +0.0562] | 0.3116; 9/14 | -0.0846 [-0.1208, -0.0480] | 0.0001; 14/14 | -0.1031 [-0.1629, -0.0435] | 0.0026 | -0.0796 [-0.1170, -0.0421] | -0.272 [-0.834, +0.290] | -0.818 | +0.788 |
| r1 | ts_demean | 60 | +0.0054 [-0.0031, +0.0136] | 0.1871; 9/14 | -0.0162 [-0.0242, -0.0086] | 0.0002; 13/14 | -0.0216 [-0.0331, -0.0102] | 0.0017 | -0.0161 [-0.0250, -0.0073] | -0.016 [-0.606, +0.574] | -0.735 | +0.691 |
| substituted | ts_demean | 60 | +0.0285 [-0.0188, +0.0750] | 0.2103; 8/14 | -0.0929 [-0.1352, -0.0506] | 0.0001; 14/14 | -0.1213 [-0.1874, -0.0554] | 0.0022 | -0.0903 [-0.1369, -0.0438] | -0.089 [-0.647, +0.469] | -0.775 | +0.706 |
| residual | ts_demean | 60 | -0.0100 [-0.0223, +0.0021] | 0.1011; 7/14 | +0.0083 [-0.0012, +0.0186] | 0.0895; 4/14 | +0.0182 [+0.0072, +0.0293] | 0.0040 | +0.0127 [+0.0025, +0.0228] | +0.442 [-0.007, +0.892] | -0.615 | +0.346 |
| sts | ts_gsr | 30 | +0.0160 [-0.0124, +0.0427] | 0.2417; 10/14 | -0.0526 [-0.0776, -0.0299] | 0.0002; 13/14 | -0.0686 [-0.1142, -0.0242] | 0.0042 | -0.0453 [-0.0689, -0.0218] | -0.453 [-0.929, +0.022] | -0.887 | +0.852 |
| r1 | ts_gsr | 30 | +0.0026 [-0.0045, +0.0093] | 0.4419; 9/14 | -0.0116 [-0.0172, -0.0064] | 0.0005; 12/14 | -0.0142 [-0.0249, -0.0032] | 0.0165 | -0.0105 [-0.0156, -0.0054] | -0.411 [-0.835, +0.012] | -0.903 | +0.838 |
| substituted | ts_gsr | 30 | +0.0214 [-0.0109, +0.0519] | 0.1692; 10/14 | -0.0655 [-0.0986, -0.0360] | 0.0005; 12/14 | -0.0869 [-0.1430, -0.0317] | 0.0046 | -0.0538 [-0.0854, -0.0222] | -0.544 [-1.095, +0.007] | -0.870 | +0.878 |
| residual | ts_gsr | 30 | -0.0054 [-0.0136, +0.0026] | 0.1754; 6/14 | +0.0129 [+0.0044, +0.0221] | 0.0037; 2/14 | +0.0183 [+0.0047, +0.0318] | 0.0134 | +0.0115 [+0.0014, +0.0216] | -0.246 [-0.938, +0.447] | -0.749 | +0.810 |

## (b) The per-subject relations of sts and the residual with r₁: DiDs, gaps and the partial correlation

| variant | W | r(sts DiD, r₁ DiD) | r(sts pre gap, r₁ DiD) | r(sts pre gap, r₁ pre gap) | r(sts post gap, r₁ post gap) | r(sts DiD, r₁ DiD given sts pre gap) | r(residual DiD, r₁ DiD) | r(residual pre gap, r₁ DiD) | r(residual post gap, r₁ post gap) |
|---|---|---|---|---|---|---|---|---|---|
| ts_gsr | 60 | +0.953 | -0.844 | +0.922 | +0.939 | +0.824 | -0.780 | +0.374 | -0.838 |
| ts_demean | 60 | +0.958 | -0.735 | +0.920 | +0.895 | +0.914 | -0.597 | +0.342 | -0.731 |
| ts_gsr | 30 | +0.921 | -0.799 | +0.862 | +0.912 | +0.765 | -0.871 | +0.463 | -0.950 |

## (c) ts_gsr, W = 60: the residual DiD on the r₁ DiD across subjects, with subjects left out; the test's sensitivity; Fieller's g

All 14 subjects: slope -0.753 [-1.133, -0.373], r = -0.780; r(sts DiD, r₁ DiD) = +0.953.

| subjects left out | slopes (min to max) | intervals containing 0 | containing −0.18 (band-passed) | containing −0.39 (AR(1)) | containing −0.37 (null) | r(residual DiD, r₁ DiD) (min to max) | r(sts DiD, r₁ DiD) (min to max) |
|---|---|---|---|---|---|---|---|
| one (14 sets) | -0.791 to -0.699 | 0 | 0 | 11 | 11 | -0.871 to -0.670 | +0.921 to +0.964 |
| two (91 sets) | -0.906 to -0.642 | 1 | 13 | 71 | 63 | -0.930 to -0.465 | +0.846 to +0.973 |
| subject 8 (the largest fall of r₁) | -0.785 [-1.361, -0.208] | — | — | — | — | -0.670 | +0.921 |
| subject 14 (the rise of r₁) | -0.699 [-1.180, -0.218] | — | — | — | — | -0.694 | +0.931 |
| subjects 8 and 14 | -0.667 [-1.561, +0.227] | — | — | — | — | -0.465 | +0.846 |

Sensitivity: the residual DiD's SE over subjects is 0.0051 nats; the minimal difference from a point expectation detected with 80 % power at the two-sided 5 % level (one-sample t, 13 df) is 0.0155 nats; the data's residual DiD, +0.0115, exceeds the three expectations (+0.0027, +0.0049, +0.0054) by +0.0088, +0.0066 and +0.0061.
Fieller's g (the squared ratio of the denominator's half-width to the denominator; the interval is finite for g < 1 and widens as g grows): 0.611 for the sts DiD per unit of r₁ DiD and 0.611 for the residual DiD per unit of r₁ DiD (the same denominator, the whole-brain r₁ DiD, mean -0.01465, SE 0.00530).

## Reading under the rule of the pre-run entry

Reported as computed: the entry's predictions (the r₁ pre gap positive and not significant, the post gap negative and significant, the pre gap the smaller; r(r₁ DiD, r₁ pre gap) below −0.5 and the adjusted r₁ contrast negative; r(sts pre gap, r₁ pre gap) and r(sts post gap, r₁ post gap) above 0.7) are read against (a) and (b) in the outcome entry; (c) and the values the entry lists as known are reported, not predicted; and the text's statements on the primary contrast, the shared variance of the two contrasts and the residual's per-subject slope follow the rule the entry sets.
done (7s)
=== 2026-10-01 23:37:18  notes/partB28_matched_slope.py   -> notes/review_results/partB/matched_slope_run.log
git=13e7299
   the data's r₁ DiDs (mean -0.01465) rescaled to Δa_s with mean -0.0150: [-0.0165, -0.0025, -0.0267, -0.0205, 0.0005, -0.0191, -0.0086, -0.0657, -0.0319, -0.0206, -0.0147, -0.0082, -0.0003, 0.0248]; the data's slope -0.753 [-1.133, -0.373], r = -0.780
   filter fitted to the placebo ACF: beta=200 lo=0.0064 hi=0.080
   solving β̄ and σ_q on calibration draws (3,000 pairs × 3,000 samples) ...
   solved: β̄ = 185.4, σ_q = 0.2637; check draw: a = 0.8628, |q| = 0.2828 (32s)
   table a(β̄): 0.03β̄ → 0.8257, 0.06β̄ → 0.8269, 0.12β̄ → 0.8294, 0.2β̄ → 0.8331, 0.3β̄ → 0.8373, 0.5β̄ → 0.8455, 0.7β̄ → 0.8530, 0.85β̄ → 0.8581, 1β̄ → 0.8632, 1.2β̄ → 0.8693, 1.5β̄ → 0.8781, 2β̄ → 0.8906, 3β̄ → 0.9105; floor Δa = -0.0375; subjects at the floor: [8]
   β̄_s and the check draws' a − 0.8632: 99 (-0.0163 for -0.0165), 172 (-0.0018 for -0.0025), 52 (-0.0269 for -0.0267), 80 (-0.0207 for -0.0205), 188 (+0.0010 for +0.0005), 87 (-0.0189 for -0.0191), 138 (-0.0086 for -0.0086), 6 (-0.0376 for -0.0375), 30 (-0.0318 for -0.0319), 80 (-0.0204 for -0.0206), 108 (-0.0146 for -0.0147), 140 (-0.0083 for -0.0082), 184 (+0.0001 for -0.0003), 351 (+0.0248 for +0.0248) (77s)
   (i) band-passed, step: replicate 20/100: slope so far -0.194 ± 0.075 (133s)
   (i) band-passed, step: replicate 40/100: slope so far -0.198 ± 0.078 (204s)
   (i) band-passed, step: replicate 60/100: slope so far -0.194 ± 0.079 (273s)
   (i) band-passed, step: replicate 80/100: slope so far -0.197 ± 0.093 (328s)
   (i) band-passed, step: replicate 100/100: slope so far -0.200 ± 0.091 (377s)
   (ii) band-passed, ramp: replicate 20/100: slope so far -0.158 ± 0.080 (431s)
   (ii) band-passed, ramp: replicate 40/100: slope so far -0.150 ± 0.085 (494s)
   (ii) band-passed, ramp: replicate 60/100: slope so far -0.171 ± 0.096 (553s)
   (ii) band-passed, ramp: replicate 80/100: slope so far -0.175 ± 0.097 (618s)
   (ii) band-passed, ramp: replicate 100/100: slope so far -0.185 ± 0.096 (676s)
   (iii) AR(1), step: replicate 20/100: slope so far -0.351 ± 0.088 (730s)
   (iii) AR(1), step: replicate 40/100: slope so far -0.356 ± 0.087 (790s)
   (iii) AR(1), step: replicate 60/100: slope so far -0.366 ± 0.086 (841s)
   (iii) AR(1), step: replicate 80/100: slope so far -0.356 ± 0.090 (907s)
   (iii) AR(1), step: replicate 100/100: slope so far -0.355 ± 0.087 (969s)
   (iv) AR(1), ramp: replicate 20/100: slope so far -0.396 ± 0.091 (1055s)
   (iv) AR(1), ramp: replicate 40/100: slope so far -0.369 ± 0.084 (1162s)
   (iv) AR(1), ramp: replicate 60/100: slope so far -0.369 ± 0.096 (1248s)
   (iv) AR(1), ramp: replicate 80/100: slope so far -0.367 ± 0.091 (1332s)
   (iv) AR(1), ramp: replicate 100/100: slope so far -0.375 ± 0.094 (1428s)
# The per-subject slope under a pure autocorrelation change of the data's heterogeneity (partB28_matched_slope.py)
git=13e7299

B17b's band-passed generator (β̄ = 185.4, σ_q = 0.2637; window-level mean a 0.8628, |q| 0.2828 on the check draw), 14 subjects × 2 runs × 300 pairs × 840 samples; the DMT run's post parameters β̄_s per subject so that its window-level mean a is 0.8632 + Δa_s, Δa_s the subject's whole-brain r₁ DiD rescaled to mean -0.0150 (Δa_s: -0.0165, -0.0025, -0.0267, -0.0205, +0.0005, -0.0191, -0.0086, -0.0657, -0.0319, -0.0206, -0.0147, -0.0082, -0.0003, +0.0248; the generator's floor is Δa = -0.0375, below which subjects [8] are set to it; β̄_s: 99, 172, 52, 80, 188, 87, 138, 6, 30, 80, 108, 140, 184, 351; the check draws give a − 0.8632 of -0.0163, -0.0018, -0.0269, -0.0207, +0.0010, -0.0189, -0.0086, -0.0376, -0.0318, -0.0204, -0.0146, -0.0083, +0.0001, +0.0248). B17's AR(1) generator (a_x, a_y ~ N(0.85, 0.0125), q from the data's window-level pair q, burn-in 200): the subject's change is exactly Δa_s on both coefficients. (i) and (iii) the step at sample 300; (ii) and (iv) the ramp from sample 300 to 420. W = 60; DiD = windows 6–14 minus 1–4, DMT minus placebo; the slope = OLS of the residual DiD on the pair-a DiD across the 14 subjects (intercept free), with its 95 % t interval (12 df); 100 replicates per condition; seed 20261120.

The data (ts_gsr, W = 60): slope -0.753 [-1.133, -0.373] per unit of whole-brain r₁ DiD, r = -0.780; ratio of means -0.788 per unit of whole-brain r₁ DiD (the main text's −0.74 is per unit of pair r₁).

| condition | slope: mean ± SD | slope percentiles 2.5 / 50 / 97.5 | share of replicates with slope ≤ the data's | r: mean ± SD | r percentiles 2.5 / 50 / 97.5 | share with r ≤ the data's | per-replicate ratio of means: mean ± SD | its percentiles 2.5 / 50 / 97.5 | ratio of the replicate-mean DiDs | slope intervals containing that ratio; containing 0 | residual DiD | sts DiD | pair-a DiD |
|---|---|---|---|---|---|---|---|---|---|---|---|---|---|
| (i) band-passed, step | -0.200 ± 0.091 | -0.407 / -0.205 / -0.012 | 0.000 | -0.591 ± 0.204 | -0.856 / -0.627 / -0.044 | 0.190 | -0.167 ± 0.077 | -0.311 / -0.174 / -0.008 | -0.167 | 0.91; 0.30 | +0.0022 ± 0.0010 | -0.0741 ± 0.0026 | -0.0131 ± 0.0004 |
| (ii) band-passed, ramp | -0.185 ± 0.096 | -0.360 / -0.176 / -0.025 | 0.000 | -0.501 ± 0.209 | -0.797 / -0.526 / -0.081 | 0.070 | -0.173 ± 0.101 | -0.366 / -0.173 / +0.005 | -0.174 | 0.95; 0.51 | +0.0020 ± 0.0012 | -0.0670 ± 0.0028 | -0.0117 ± 0.0003 |
| (iii) AR(1), step | -0.355 ± 0.087 | -0.513 / -0.354 / -0.179 | 0.000 | -0.731 ± 0.122 | -0.904 / -0.751 / -0.428 | 0.370 | -0.349 ± 0.129 | -0.588 / -0.345 / -0.115 | -0.351 | 0.97; 0.05 | +0.0049 ± 0.0019 | -0.0402 ± 0.0031 | -0.0138 ± 0.0008 |
| (iv) AR(1), ramp | -0.375 ± 0.094 | -0.580 / -0.363 / -0.227 | 0.000 | -0.706 ± 0.109 | -0.863 / -0.727 / -0.447 | 0.280 | -0.339 ± 0.139 | -0.550 / -0.343 / -0.072 | -0.343 | 0.96; 0.06 | +0.0042 ± 0.0019 | -0.0362 ± 0.0029 | -0.0123 ± 0.0008 |

One change for every subject, at W = 60: B17b's (i) residual DiD +0.0027 ± 0.0014 (calibration_filtered_tables.md), B17's (i) +0.0049 ± 0.0017 (calibration_tables.md); the data's residual DiD +0.0115 and r₁ DiD −0.01465 (whole-brain), −0.0155 (pair).

## Reading under the rule of the pre-run entry

The entry's predictions (the generators' slopes more negative than their ratios of means; the data's slope against the central 95 % of each condition's slopes; the ramps' residual DiDs against the steps') are read against the table in the outcome entry, and Results 4 and the Discussion state the per-subject scaling as the rule of the entry says.
done (1428s)
=== 2026-10-02 00:01:07  notes/partB29_censoring.py   -> notes/review_results/partB/censoring_run.log
git=13e7299
   FD read: 473 TRs above 0.4 mm of 23520 (1s)
# The replaced volumes and the autocorrelation (partB29_censoring.py)
git=13e7299

TRs with framewise displacement above 0.4 mm (the release's scrubbing threshold, at which the data authors' Reporting Summary says the volume was replaced by the mean of the surrounding volumes), from data/FDlong.mat, per subject, run and window of 60 TRs; r₁ = the window's whole-brain lag-1 autocorrelation (rev_series.autocorr_series, window mode). DiD = windows 6–14 minus 1–4, DMT minus placebo; p = exact sign-flip over the 14 subjects.

## (a) TRs above the threshold per run, and the DiD of the count per window and of the mean FD

| subject | DMT: count (share), mean FD | placebo: count (share), mean FD | count per window: DMT pre / post, placebo pre / post | count DiD | mean-FD DiD |
|---|---|---|---|---|---|
| 1 | 62 (0.074), 0.187 | 5 (0.006), 0.130 | 0.75 / 5.33, 0.00 / 0.56 | +4.03 | +0.0033 |
| 2 | 14 (0.017), 0.145 | 38 (0.045), 0.164 | 2.25 / 0.00, 2.50 / 2.56 | -2.31 | -0.0389 |
| 3 | 0 (0.000), 0.068 | 0 (0.000), 0.094 | 0.00 / 0.00, 0.00 / 0.00 | +0.00 | -0.0077 |
| 4 | 3 (0.004), 0.111 | 24 (0.029), 0.148 | 0.25 / 0.22, 4.50 / 0.56 | +3.92 | +0.0602 |
| 5 | 6 (0.007), 0.102 | 4 (0.005), 0.093 | 0.00 / 0.67, 0.50 / 0.22 | +0.94 | -0.0125 |
| 6 | 30 (0.036), 0.145 | 7 (0.008), 0.120 | 1.50 / 2.67, 1.25 / 0.22 | +2.19 | +0.0669 |
| 7 | 102 (0.121), 0.235 | 1 (0.001), 0.132 | 0.75 / 10.33, 0.00 / 0.11 | +9.47 | +0.0737 |
| 8 | 24 (0.029), 0.120 | 6 (0.007), 0.090 | 0.25 / 1.00, 1.50 / 0.00 | +2.25 | +0.0935 |
| 9 | 21 (0.025), 0.127 | 0 (0.000), 0.080 | 0.75 / 0.11, 0.00 / 0.00 | -0.64 | -0.0273 |
| 10 | 8 (0.010), 0.171 | 19 (0.023), 0.168 | 0.25 / 0.44, 0.00 / 1.78 | -1.58 | +0.0161 |
| 11 | 29 (0.035), 0.142 | 6 (0.007), 0.133 | 2.25 / 1.56, 0.00 / 0.67 | -1.36 | -0.0361 |
| 12 | 11 (0.013), 0.138 | 21 (0.025), 0.163 | 0.50 / 0.44, 0.00 / 2.00 | -2.06 | -0.0322 |
| 13 | 19 (0.023), 0.105 | 7 (0.008), 0.086 | 0.00 / 1.67, 0.00 / 0.78 | +0.89 | +0.0226 |
| 14 | 2 (0.002), 0.117 | 4 (0.005), 0.159 | 0.00 / 0.00, 0.25 / 0.33 | -0.08 | +0.0192 |
| mean | 23.6 (0.028), 0.137 | 10.1 (0.012), 0.126 | 0.68 / 1.75, 0.75 / 0.70 | +1.12 (p = 0.2166; 7/14 positive) | +0.0143 (p = 0.2452; 8/14 positive) |

## (b) Across subjects: the count DiD and the mean-FD DiD against the r₁ DiD and the sts DiD

| variant | r(count DiD, r₁ DiD) | r(count DiD, sts DiD) | r(mean-FD DiD, r₁ DiD) | r(mean-FD DiD, sts DiD) | r(count DiD, mean-FD DiD) |
|---|---|---|---|---|---|
| ts_gsr | -0.107 | -0.100 | -0.363 | -0.339 | +0.708 |
| ts_demean | +0.037 | +0.008 | -0.301 | -0.252 | +0.708 |

## (c) Within subjects and runs, across windows: the window's count against its r₁ (each run's 14 windows centred on their own means; 392 windows)

ts_gsr: r = -0.124 (windows with at least one TR above the threshold: 137 of 392; mean r₁ in them 0.8428, in the others 0.8451).
ts_demean: r = -0.025 (windows with at least one TR above the threshold: 137 of 392; mean r₁ in them 0.8342, in the others 0.8352).

## (d) Subjects 8 and 14 by window (count above the threshold / mean FD / r₁ on ts_gsr)

subject 8, DMT: w1 0 / 0.10 / 0.852; w2 0 / 0.15 / 0.859; w3 1 / 0.09 / 0.851; w4 0 / 0.05 / 0.884; w5 14 / 0.27 / 0.825; w6 3 / 0.18 / 0.829; w7 2 / 0.13 / 0.834; w8 1 / 0.15 / 0.806; w9 1 / 0.13 / 0.819; w10 0 / 0.09 / 0.820; w11 0 / 0.09 / 0.830; w12 0 / 0.10 / 0.824; w13 2 / 0.08 / 0.850; w14 0 / 0.07 / 0.839
subject 8, placebo: w1 2 / 0.16 / 0.860; w2 3 / 0.14 / 0.826; w3 0 / 0.11 / 0.807; w4 1 / 0.15 / 0.872; w5 0 / 0.12 / 0.829; w6 0 / 0.10 / 0.862; w7 0 / 0.08 / 0.851; w8 0 / 0.08 / 0.870; w9 0 / 0.06 / 0.875; w10 0 / 0.06 / 0.891; w11 0 / 0.06 / 0.879; w12 0 / 0.05 / 0.880; w13 0 / 0.04 / 0.877; w14 0 / 0.04 / 0.861
subject 14, DMT: w1 0 / 0.14 / 0.828; w2 0 / 0.14 / 0.825; w3 0 / 0.14 / 0.803; w4 0 / 0.13 / 0.783; w5 2 / 0.18 / 0.830; w6 0 / 0.10 / 0.830; w7 0 / 0.11 / 0.822; w8 0 / 0.09 / 0.835; w9 0 / 0.08 / 0.812; w10 0 / 0.09 / 0.823; w11 0 / 0.11 / 0.827; w12 0 / 0.11 / 0.850; w13 0 / 0.10 / 0.865; w14 0 / 0.12 / 0.860
subject 14, placebo: w1 0 / 0.19 / 0.833; w2 1 / 0.22 / 0.842; w3 0 / 0.19 / 0.839; w4 0 / 0.16 / 0.816; w5 0 / 0.23 / 0.806; w6 0 / 0.19 / 0.821; w7 0 / 0.16 / 0.836; w8 0 / 0.13 / 0.844; w9 0 / 0.14 / 0.837; w10 0 / 0.11 / 0.845; w11 0 / 0.12 / 0.825; w12 1 / 0.12 / 0.834; w13 0 / 0.13 / 0.832; w14 2 / 0.13 / 0.837

## (e) The non-finite TR

Non-finite TRs of ts_gsr (subject, run, TR index from 0): (3, placebo, 839); it is the last TR of its run (index 839) and falls at the end of window 14.

## Reading under the rule of the pre-run entry

Reported as computed; the entry's predictions (more marked TRs after the injection on the DMT run than before, relative to placebo, in the count and in the mean FD; within runs the count correlating positively with r₁ on both variants; no sign prediction for the count DiD against the r₁ DiD across subjects) are read against (a)–(c) in the outcome entry, and the Dataset paragraph, Results 2 or Limitations and S4 Text state the replacement and what it can and cannot do to r₁ as the rule says.
done (1s)
=== 2026-10-02 00:01:08  notes/partB16c_prewhiten_fixed.py   -> notes/review_results/partB/prewhiten_fixed_run.log
git=13e7299
   ar10 ts_gsr: whitened (2s)
   ar10 ts_gsr: subject 1/14 done (29s)
   ar10 ts_gsr: subject 2/14 done (56s)
   ar10 ts_gsr: subject 3/14 done (83s)
   ar10 ts_gsr: subject 4/14 done (110s)
   ar10 ts_gsr: subject 5/14 done (137s)
   ar10 ts_gsr: subject 6/14 done (165s)
   ar10 ts_gsr: subject 7/14 done (192s)
   ar10 ts_gsr: subject 8/14 done (220s)
   ar10 ts_gsr: subject 9/14 done (247s)
   ar10 ts_gsr: subject 10/14 done (273s)
   ar10 ts_gsr: subject 11/14 done (301s)
   ar10 ts_gsr: subject 12/14 done (329s)
   ar10 ts_gsr: subject 13/14 done (359s)
   ar10 ts_gsr: subject 14/14 done (389s)
prewhiten_fixed ar10 MMI sts ts_gsr W60 primary                DiD -0.0191 [-0.0272, -0.0113] p=0.0002 neg 13/14 | phase p=0.0010 | DMT -0.0055 (p=0.099) PCB +0.0136 (p=0.000) placebo share 0.71 | FD DiD +0.0143 (p=0.245) | FD-resid -0.0176 [-0.0246, -0.0111] p=0.0001 14/14 SURVIVES
prewhiten_fixed ar10 MMI sts ts_gsr W60 sensitivity            DiD -0.0180 [-0.0260, -0.0102] p=0.0007 neg 12/14 | phase p=0.0010 | DMT -0.0060 (p=0.069) PCB +0.0121 (p=0.000) placebo share 0.67 | FD DiD +0.0191 (p=0.108) | FD-resid -0.0162 [-0.0228, -0.0100] p=0.0002 13/14 SURVIVES
prewhiten_fixed ar10 MMI sts ts_gsr W60 early                  DiD -0.0217 [-0.0295, -0.0146] p=0.0001 neg 14/14 | phase p=0.0010 | DMT -0.0049 (p=0.133) PCB +0.0168 (p=0.000) placebo share 0.78 | FD DiD +0.0366 (p=0.010) | FD-resid -0.0206 [-0.0272, -0.0146] p=0.0001 14/14 SURVIVES
prewhiten_fixed ar10 MMI sts ts_gsr W60 late                   DiD -0.0170 [-0.0264, -0.0073] p=0.0060 neg 12/14 | phase p=0.0010 | DMT -0.0060 (p=0.108) PCB +0.0111 (p=0.001) placebo share 0.65 | FD DiD -0.0034 (p=0.807) | FD-resid -0.0152 [-0.0230, -0.0078] p=0.0029 11/14 SURVIVES
prewhiten_fixed ar10 MMI sts ts_gsr W60 trend_a_placebo_line   DiD -0.0161 [-0.0240, -0.0083] p=0.0026 neg 13/14
prewhiten_fixed ar10 MMI sts ts_gsr W60 trend_b_shared_slope   DiD -0.0151 [-0.0224, -0.0078] p=0.0027 neg 11/14
prewhiten_fixed ar10 MMI xtx+yty ts_gsr W60 primary                DiD -0.0229 [-0.0394, -0.0085] p=0.0077 neg 11/14 | phase p=0.0010 | DMT -0.0173 (p=0.002) PCB +0.0055 (p=0.281) placebo share 0.24 | FD DiD +0.0143 (p=0.245) | FD-resid -0.0237 [-0.0383, -0.0107] p=0.0029 12/14 SURVIVES
prewhiten_fixed ar10 MMI xtx+yty ts_gsr W60 sensitivity            DiD -0.0218 [-0.0369, -0.0086] p=0.0073 neg 11/14 | phase p=0.0010 | DMT -0.0174 (p=0.001) PCB +0.0045 (p=0.344) placebo share 0.21 | FD DiD +0.0191 (p=0.108) | FD-resid -0.0218 [-0.0348, -0.0097] p=0.0032 12/14 SURVIVES
prewhiten_fixed ar10 MMI xtx+yty ts_gsr W60 early                  DiD -0.0244 [-0.0393, -0.0107] p=0.0052 neg 11/14 | phase p=0.0040 | DMT -0.0212 (p=0.001) PCB +0.0032 (p=0.475) placebo share 0.13 | FD DiD +0.0366 (p=0.010) | FD-resid -0.0261 [-0.0404, -0.0124] p=0.0035 13/14 SURVIVES
prewhiten_fixed ar10 MMI xtx+yty ts_gsr W60 late                   DiD -0.0217 [-0.0404, -0.0052] p=0.0271 neg 11/14 | phase p=0.0010 | DMT -0.0143 (p=0.024) PCB +0.0074 (p=0.224) placebo share 0.34 | FD DiD -0.0034 (p=0.807) | FD-resid -0.0217 [-0.0375, -0.0078] p=0.0105 11/14 SURVIVES
prewhiten_fixed ar10 MMI xtx+yty ts_gsr W60 trend_a_placebo_line   DiD -0.0250 [-0.0413, -0.0106] p=0.0031 neg 11/14
prewhiten_fixed ar10 MMI xtx+yty ts_gsr W60 trend_b_shared_slope   DiD -0.0277 [-0.0427, -0.0139] p=0.0017 neg 11/14
prewhiten_fixed ar10 CCS sts ts_gsr W60 primary                DiD -0.0100 [-0.0147, -0.0051] p=0.0018 neg 13/14 | phase p=0.0010 | DMT -0.0058 (p=0.023) PCB +0.0042 (p=0.006) placebo share 0.42 | FD DiD +0.0143 (p=0.245) | FD-resid -0.0092 [-0.0130, -0.0051] p=0.0016 13/14 SURVIVES
prewhiten_fixed ar10 CCS sts ts_gsr W60 sensitivity            DiD -0.0093 [-0.0139, -0.0046] p=0.0028 neg 13/14 | phase p=0.0010 | DMT -0.0057 (p=0.021) PCB +0.0036 (p=0.012) placebo share 0.39 | FD DiD +0.0191 (p=0.108) | FD-resid -0.0083 [-0.0117, -0.0044] p=0.0021 13/14 SURVIVES
prewhiten_fixed ar10 CCS sts ts_gsr W60 early                  DiD -0.0119 [-0.0165, -0.0069] p=0.0010 neg 13/14 | phase p=0.0010 | DMT -0.0064 (p=0.017) PCB +0.0054 (p=0.003) placebo share 0.46 | FD DiD +0.0366 (p=0.010) | FD-resid -0.0103 [-0.0142, -0.0061] p=0.0010 13/14 SURVIVES
prewhiten_fixed ar10 CCS sts ts_gsr W60 late                   DiD -0.0085 [-0.0140, -0.0032] p=0.0099 neg 12/14 | phase p=0.0020 | DMT -0.0052 (p=0.049) PCB +0.0033 (p=0.034) placebo share 0.39 | FD DiD -0.0034 (p=0.807) | FD-resid -0.0083 [-0.0128, -0.0037] p=0.0067 10/14 SURVIVES
prewhiten_fixed ar10 CCS sts ts_gsr W60 trend_a_placebo_line   DiD -0.0096 [-0.0145, -0.0049] p=0.0016 neg 12/14
prewhiten_fixed ar10 CCS sts ts_gsr W60 trend_b_shared_slope   DiD -0.0098 [-0.0147, -0.0051] p=0.0012 neg 13/14
prewhiten_fixed ar10 autocorr ts_gsr W60 primary                DiD -0.0733 [-0.1344, -0.0176] p=0.0331 neg 11/14 | phase p=0.0100 | DMT -0.0763 (p=0.003) PCB -0.0030 (p=0.866) placebo share -0.04 | FD DiD +0.0143 (p=0.245) | FD-resid -0.0779 [-0.1349, -0.0262] p=0.0187 11/14 SURVIVES
prewhiten_fixed ar10 autocorr ts_gsr W60 sensitivity            DiD -0.0691 [-0.1244, -0.0169] p=0.0317 neg 11/14 | phase p=0.0130 | DMT -0.0746 (p=0.002) PCB -0.0055 (p=0.748) placebo share -0.08 | FD DiD +0.0191 (p=0.108) | FD-resid -0.0699 [-0.1206, -0.0204] p=0.0216 12/14 SURVIVES
prewhiten_fixed ar10 autocorr ts_gsr W60 early                  DiD -0.0783 [-0.1439, -0.0132] p=0.0413 neg 12/14 | phase p=0.0150 | DMT -0.0990 (p=0.002) PCB -0.0206 (p=0.284) placebo share -0.26 | FD DiD +0.0366 (p=0.010) | FD-resid -0.0812 [-0.1434, -0.0173] p=0.0354 10/14 SURVIVES
prewhiten_fixed ar10 autocorr ts_gsr W60 late                   DiD -0.0692 [-0.1320, -0.0085] p=0.0555 neg 10/14 | phase p=0.0240 | DMT -0.0582 (p=0.022) PCB +0.0111 (p=0.590) placebo share 0.16 | FD DiD -0.0034 (p=0.807) | FD-resid -0.0752 [-0.1330, -0.0191] p=0.0247 10/14 SURVIVES
prewhiten_fixed ar10 autocorr ts_gsr W60 trend_a_placebo_line   DiD -0.0966 [-0.1556, -0.0427] p=0.0043 neg 12/14
prewhiten_fixed ar10 autocorr ts_gsr W60 trend_b_shared_slope   DiD -0.1120 [-0.1687, -0.0579] p=0.0018 neg 12/14
prewhiten_fixed ar10 diag observed sts ts_gsr W60 primary                DiD -0.0191 [-0.0272, -0.0113] p=0.0002 neg 13/14 | phase p=0.0010 | DMT -0.0055 (p=0.099) PCB +0.0136 (p=0.000) placebo share 0.71 | FD DiD +0.0143 (p=0.245) | FD-resid -0.0176 [-0.0246, -0.0111] p=0.0001 14/14 SURVIVES
prewhiten_fixed ar10 diag observed sts ts_gsr W60 sensitivity            DiD -0.0180 [-0.0260, -0.0102] p=0.0007 neg 12/14 | phase p=0.0010 | DMT -0.0060 (p=0.069) PCB +0.0121 (p=0.000) placebo share 0.67 | FD DiD +0.0191 (p=0.108) | FD-resid -0.0162 [-0.0228, -0.0100] p=0.0002 13/14 SURVIVES
prewhiten_fixed ar10 diag observed sts ts_gsr W60 early                  DiD -0.0217 [-0.0295, -0.0146] p=0.0001 neg 14/14 | phase p=0.0010 | DMT -0.0049 (p=0.133) PCB +0.0168 (p=0.000) placebo share 0.78 | FD DiD +0.0366 (p=0.010) | FD-resid -0.0206 [-0.0272, -0.0146] p=0.0001 14/14 SURVIVES
prewhiten_fixed ar10 diag observed sts ts_gsr W60 late                   DiD -0.0170 [-0.0264, -0.0073] p=0.0060 neg 12/14 | phase p=0.0010 | DMT -0.0060 (p=0.108) PCB +0.0111 (p=0.001) placebo share 0.65 | FD DiD -0.0034 (p=0.807) | FD-resid -0.0152 [-0.0230, -0.0078] p=0.0029 11/14 SURVIVES
prewhiten_fixed ar10 diag observed sts ts_gsr W60 trend_a_placebo_line   DiD -0.0161 [-0.0240, -0.0083] p=0.0026 neg 13/14
prewhiten_fixed ar10 diag observed sts ts_gsr W60 trend_b_shared_slope   DiD -0.0151 [-0.0224, -0.0078] p=0.0027 neg 11/14
prewhiten_fixed ar10 diag predicted sts ts_gsr W60 primary                DiD -0.0100 [-0.0192, -0.0022] p=0.0289 neg 9/14 | DMT -0.0066 (p=0.005) PCB +0.0034 (p=0.346) placebo share 0.34 | FD DiD +0.0143 (p=0.245) | FD-resid -0.0111 [-0.0182, -0.0047] p=0.0052 12/14 SURVIVES
prewhiten_fixed ar10 diag predicted sts ts_gsr W60 sensitivity            DiD -0.0095 [-0.0181, -0.0022] p=0.0295 neg 10/14 | DMT -0.0067 (p=0.002) PCB +0.0029 (p=0.411) placebo share 0.30 | FD DiD +0.0191 (p=0.108) | FD-resid -0.0103 [-0.0169, -0.0044] p=0.0044 12/14 SURVIVES
prewhiten_fixed ar10 diag predicted sts ts_gsr W60 early                  DiD -0.0091 [-0.0165, -0.0026] p=0.0223 neg 9/14 | DMT -0.0068 (p=0.010) PCB +0.0023 (p=0.390) placebo share 0.25 | FD DiD +0.0366 (p=0.010) | FD-resid -0.0116 [-0.0190, -0.0051] p=0.0039 11/14 SURVIVES
prewhiten_fixed ar10 diag predicted sts ts_gsr W60 late                   DiD -0.0107 [-0.0217, -0.0015] p=0.0668 neg 10/14 | DMT -0.0064 (p=0.015) PCB +0.0043 (p=0.339) placebo share 0.40 | FD DiD -0.0034 (p=0.807) | FD-resid -0.0107 [-0.0184, -0.0035] p=0.0159 10/14 SURVIVES
prewhiten_fixed ar10 diag predicted sts ts_gsr W60 trend_a_placebo_line   DiD -0.0105 [-0.0200, -0.0028] p=0.0225 neg 10/14
prewhiten_fixed ar10 diag predicted sts ts_gsr W60 trend_b_shared_slope   DiD -0.0108 [-0.0191, -0.0035] p=0.0165 neg 10/14
prewhiten_fixed ar10 diag residual sts ts_gsr W60 primary                DiD -0.0091 [-0.0181, -0.0006] p=0.0710 neg 11/14 | phase p=0.0190 | DMT +0.0011 (p=0.727) PCB +0.0102 (p=0.003) placebo share 1.12 | FD DiD +0.0143 (p=0.245) | FD-resid -0.0065 [-0.0136, +0.0002] p=0.0951 10/14 does NOT survive
prewhiten_fixed ar10 diag residual sts ts_gsr W60 sensitivity            DiD -0.0085 [-0.0166, -0.0009] p=0.0612 neg 11/14 | phase p=0.0250 | DMT +0.0007 (p=0.805) PCB +0.0092 (p=0.004) placebo share 1.08 | FD DiD +0.0191 (p=0.108) | FD-resid -0.0059 [-0.0119, -0.0002] p=0.0807 10/14 SURVIVES
prewhiten_fixed ar10 diag residual sts ts_gsr W60 early                  DiD -0.0126 [-0.0219, -0.0043] p=0.0089 neg 12/14 | phase p=0.0050 | DMT +0.0020 (p=0.609) PCB +0.0145 (p=0.000) placebo share 1.16 | FD DiD +0.0366 (p=0.010) | FD-resid -0.0090 [-0.0156, -0.0025] p=0.0236 9/14 SURVIVES
prewhiten_fixed ar10 diag residual sts ts_gsr W60 late                   DiD -0.0063 [-0.0162, +0.0037] p=0.2469 neg 9/14 | phase p=0.1279 | DMT +0.0004 (p=0.889) PCB +0.0068 (p=0.047) placebo share 1.07 | FD DiD -0.0034 (p=0.807) | FD-resid -0.0045 [-0.0128, +0.0037] p=0.3120 9/14 does NOT survive
prewhiten_fixed ar10 diag residual sts ts_gsr W60 trend_a_placebo_line   DiD -0.0056 [-0.0148, +0.0029] p=0.2572 neg 10/14
prewhiten_fixed ar10 diag residual sts ts_gsr W60 trend_b_shared_slope   DiD -0.0044 [-0.0135, +0.0035] p=0.3579 neg 9/14
prewhiten_fixed ar10 MMI sts ts_gsr global-bins primary                DiD -0.0212 [-0.0315, -0.0118] p=0.0007 neg 12/14 | phase p=0.0010 | DMT +0.0066 (p=0.065) PCB +0.0278 (p=0.000) placebo share 1.31 | FD DiD +0.0143 (p=0.245) | FD-resid -0.0180 [-0.0271, -0.0100] p=0.0005 12/14 SURVIVES
prewhiten_fixed ar10 MMI sts ts_gsr global-bins sensitivity            DiD -0.0209 [-0.0309, -0.0116] p=0.0006 neg 13/14 | phase p=0.0010 | DMT +0.0062 (p=0.069) PCB +0.0271 (p=0.000) placebo share 1.30 | FD DiD +0.0174 (p=0.155) | FD-resid -0.0176 [-0.0266, -0.0096] p=0.0004 13/14 SURVIVES
prewhiten_fixed ar10 MMI sts ts_gsr global-bins early                  DiD -0.0228 [-0.0318, -0.0144] p=0.0001 neg 14/14 | phase p=0.0020 | DMT +0.0078 (p=0.022) PCB +0.0306 (p=0.000) placebo share 1.34 | FD DiD +0.0366 (p=0.010) | FD-resid -0.0225 [-0.0323, -0.0138] p=0.0002 13/14 SURVIVES
prewhiten_fixed ar10 MMI sts ts_gsr global-bins late                   DiD -0.0199 [-0.0319, -0.0089] p=0.0040 neg 12/14 | phase p=0.0020 | DMT +0.0057 (p=0.167) PCB +0.0256 (p=0.000) placebo share 1.29 | FD DiD -0.0034 (p=0.807) | FD-resid -0.0144 [-0.0234, -0.0062] p=0.0048 12/14 SURVIVES
prewhiten_fixed ar10 MMI sts ts_gsr global-bins trend_a_placebo_line   DiD -0.0166 [-0.0265, -0.0076] p=0.0039 neg 11/14
prewhiten_fixed ar10 MMI sts ts_gsr global-bins trend_b_shared_slope   DiD -0.0153 [-0.0238, -0.0072] p=0.0022 neg 12/14
prewhiten_fixed ar10 MMI xtx+yty ts_gsr global-bins primary                DiD -0.0160 [-0.0356, -0.0003] p=0.1156 neg 10/14 | phase p=0.0080 | DMT -0.0028 (p=0.548) PCB +0.0132 (p=0.074) placebo share 0.82 | FD DiD +0.0143 (p=0.245) | FD-resid -0.0189 [-0.0364, -0.0047] p=0.0314 12/14 SURVIVES
prewhiten_fixed ar10 MMI xtx+yty ts_gsr global-bins sensitivity            DiD -0.0166 [-0.0353, -0.0010] p=0.0826 neg 11/14 | phase p=0.0030 | DMT -0.0036 (p=0.419) PCB +0.0130 (p=0.066) placebo share 0.78 | FD DiD +0.0174 (p=0.155) | FD-resid -0.0194 [-0.0363, -0.0049] p=0.0245 12/14 SURVIVES
prewhiten_fixed ar10 MMI xtx+yty ts_gsr global-bins early                  DiD -0.0168 [-0.0346, -0.0017] p=0.0649 neg 10/14 | phase p=0.0120 | DMT -0.0055 (p=0.177) PCB +0.0114 (p=0.071) placebo share 0.68 | FD DiD +0.0366 (p=0.010) | FD-resid -0.0216 [-0.0405, -0.0054] p=0.0240 9/14 SURVIVES
prewhiten_fixed ar10 MMI xtx+yty ts_gsr global-bins late                   DiD -0.0153 [-0.0360, +0.0022] p=0.1630 neg 10/14 | phase p=0.0160 | DMT -0.0007 (p=0.899) PCB +0.0146 (p=0.097) placebo share 0.95 | FD DiD -0.0034 (p=0.807) | FD-resid -0.0168 [-0.0330, -0.0031] p=0.0575 11/14 SURVIVES
prewhiten_fixed ar10 MMI xtx+yty ts_gsr global-bins trend_a_placebo_line   DiD -0.0173 [-0.0357, -0.0013] p=0.0775 neg 11/14
prewhiten_fixed ar10 MMI xtx+yty ts_gsr global-bins trend_b_shared_slope   DiD -0.0203 [-0.0360, -0.0062] p=0.0166 neg 10/14
prewhiten_fixed ar10 CCS sts ts_gsr global-bins primary                DiD -0.0082 [-0.0126, -0.0038] p=0.0054 neg 10/14 | phase p=0.0080 | DMT +0.0068 (p=0.002) PCB +0.0150 (p=0.000) placebo share 1.83 | FD DiD +0.0143 (p=0.245) | FD-resid -0.0065 [-0.0117, -0.0016] p=0.0271 10/14 SURVIVES
prewhiten_fixed ar10 CCS sts ts_gsr global-bins sensitivity            DiD -0.0082 [-0.0125, -0.0038] p=0.0048 neg 11/14 | phase p=0.0080 | DMT +0.0066 (p=0.002) PCB +0.0148 (p=0.000) placebo share 1.81 | FD DiD +0.0174 (p=0.155) | FD-resid -0.0063 [-0.0116, -0.0016] p=0.0293 10/14 SURVIVES
prewhiten_fixed ar10 CCS sts ts_gsr global-bins early                  DiD -0.0082 [-0.0129, -0.0037] p=0.0040 neg 13/14 | phase p=0.0250 | DMT +0.0081 (p=0.000) PCB +0.0164 (p=0.000) placebo share 1.99 | FD DiD +0.0366 (p=0.010) | FD-resid -0.0078 [-0.0136, -0.0024] p=0.0181 11/14 SURVIVES
prewhiten_fixed ar10 CCS sts ts_gsr global-bins late                   DiD -0.0082 [-0.0128, -0.0033] p=0.0083 neg 10/14 | phase p=0.0090 | DMT +0.0057 (p=0.008) PCB +0.0138 (p=0.000) placebo share 1.69 | FD DiD -0.0034 (p=0.807) | FD-resid -0.0055 [-0.0106, -0.0008] p=0.0548 8/14 SURVIVES
prewhiten_fixed ar10 CCS sts ts_gsr global-bins trend_a_placebo_line   DiD -0.0060 [-0.0100, -0.0021] p=0.0161 neg 9/14
prewhiten_fixed ar10 CCS sts ts_gsr global-bins trend_b_shared_slope   DiD -0.0054 [-0.0093, -0.0017] p=0.0177 neg 9/14
prewhiten_fixed ar10 autocorr ts_gsr global-bins primary                DiD -0.1032 [-0.1840, -0.0298] p=0.0234 neg 11/14 | phase p=0.0040 | DMT -0.1144 (p=0.001) PCB -0.0113 (p=0.595) placebo share -0.11 | FD DiD +0.0143 (p=0.245) | FD-resid -0.1081 [-0.1823, -0.0401] p=0.0114 12/14 SURVIVES
prewhiten_fixed ar10 autocorr ts_gsr global-bins sensitivity            DiD -0.1061 [-0.1833, -0.0315] p=0.0186 neg 11/14 | phase p=0.0020 | DMT -0.1175 (p=0.001) PCB -0.0114 (p=0.580) placebo share -0.11 | FD DiD +0.0174 (p=0.155) | FD-resid -0.1106 [-0.1834, -0.0420] p=0.0085 12/14 SURVIVES
prewhiten_fixed ar10 autocorr ts_gsr global-bins early                  DiD -0.1092 [-0.1915, -0.0262] p=0.0272 neg 12/14 | phase p=0.0090 | DMT -0.1472 (p=0.001) PCB -0.0381 (p=0.095) placebo share -0.35 | FD DiD +0.0366 (p=0.010) | FD-resid -0.1116 [-0.1953, -0.0277] p=0.0253 12/14 SURVIVES
prewhiten_fixed ar10 autocorr ts_gsr global-bins late                   DiD -0.0984 [-0.1802, -0.0218] p=0.0367 neg 10/14 | phase p=0.0110 | DMT -0.0882 (p=0.012) PCB +0.0102 (p=0.688) placebo share 0.10 | FD DiD -0.0034 (p=0.807) | FD-resid -0.1054 [-0.1768, -0.0380] p=0.0133 11/14 SURVIVES
prewhiten_fixed ar10 autocorr ts_gsr global-bins trend_a_placebo_line   DiD -0.1366 [-0.2138, -0.0628] p=0.0028 neg 11/14
prewhiten_fixed ar10 autocorr ts_gsr global-bins trend_b_shared_slope   DiD -0.1573 [-0.2311, -0.0866] p=0.0011 neg 13/14
   ar10 ts_demean: whitened (508s)
   ar10 ts_demean: subject 1/14 done (536s)
   ar10 ts_demean: subject 2/14 done (567s)
   ar10 ts_demean: subject 3/14 done (595s)
   ar10 ts_demean: subject 4/14 done (624s)
   ar10 ts_demean: subject 5/14 done (662s)
   ar10 ts_demean: subject 6/14 done (692s)
   ar10 ts_demean: subject 7/14 done (721s)
   ar10 ts_demean: subject 8/14 done (751s)
   ar10 ts_demean: subject 9/14 done (780s)
   ar10 ts_demean: subject 10/14 done (810s)
   ar10 ts_demean: subject 11/14 done (840s)
   ar10 ts_demean: subject 12/14 done (870s)
   ar10 ts_demean: subject 13/14 done (899s)
   ar10 ts_demean: subject 14/14 done (928s)
prewhiten_fixed ar10 MMI sts ts_demean W60 primary                DiD -0.0256 [-0.0360, -0.0157] p=0.0004 neg 13/14 | phase p=0.0010 | DMT -0.0029 (p=0.554) PCB +0.0227 (p=0.000) placebo share 0.89 | FD DiD +0.0143 (p=0.245) | FD-resid -0.0217 [-0.0309, -0.0134] p=0.0002 13/14 SURVIVES
prewhiten_fixed ar10 MMI sts ts_demean W60 sensitivity            DiD -0.0236 [-0.0342, -0.0132] p=0.0012 neg 12/14 | phase p=0.0020 | DMT -0.0031 (p=0.543) PCB +0.0205 (p=0.000) placebo share 0.87 | FD DiD +0.0191 (p=0.108) | FD-resid -0.0194 [-0.0282, -0.0112] p=0.0009 12/14 SURVIVES
prewhiten_fixed ar10 MMI sts ts_demean W60 early                  DiD -0.0287 [-0.0389, -0.0193] p=0.0001 neg 14/14 | phase p=0.0010 | DMT -0.0016 (p=0.759) PCB +0.0271 (p=0.000) placebo share 0.95 | FD DiD +0.0366 (p=0.010) | FD-resid -0.0263 [-0.0352, -0.0179] p=0.0001 14/14 SURVIVES
prewhiten_fixed ar10 MMI sts ts_demean W60 late                   DiD -0.0231 [-0.0352, -0.0106] p=0.0049 neg 11/14 | phase p=0.0030 | DMT -0.0040 (p=0.448) PCB +0.0191 (p=0.000) placebo share 0.83 | FD DiD -0.0034 (p=0.807) | FD-resid -0.0181 [-0.0281, -0.0090] p=0.0021 12/14 SURVIVES
prewhiten_fixed ar10 MMI sts ts_demean W60 trend_a_placebo_line   DiD -0.0199 [-0.0308, -0.0089] p=0.0054 neg 12/14
prewhiten_fixed ar10 MMI sts ts_demean W60 trend_b_shared_slope   DiD -0.0173 [-0.0283, -0.0059] p=0.0138 neg 11/14
prewhiten_fixed ar10 MMI xtx+yty ts_demean W60 primary                DiD -0.0125 [-0.0226, -0.0030] p=0.0338 neg 9/14 | phase p=0.0060 | DMT -0.0122 (p=0.005) PCB +0.0002 (p=0.927) placebo share 0.02 | FD DiD +0.0143 (p=0.245) | FD-resid -0.0123 [-0.0210, -0.0039] p=0.0201 10/14 SURVIVES
prewhiten_fixed ar10 MMI xtx+yty ts_demean W60 sensitivity            DiD -0.0113 [-0.0208, -0.0021] p=0.0419 neg 9/14 | phase p=0.0110 | DMT -0.0115 (p=0.008) PCB -0.0002 (p=0.950) placebo share -0.01 | FD DiD +0.0191 (p=0.108) | FD-resid -0.0112 [-0.0190, -0.0032] p=0.0215 9/14 SURVIVES
prewhiten_fixed ar10 MMI xtx+yty ts_demean W60 early                  DiD -0.0130 [-0.0233, -0.0033] p=0.0295 neg 12/14 | phase p=0.0250 | DMT -0.0150 (p=0.001) PCB -0.0020 (p=0.410) placebo share -0.16 | FD DiD +0.0366 (p=0.010) | FD-resid -0.0137 [-0.0225, -0.0051] p=0.0133 11/14 SURVIVES
prewhiten_fixed ar10 MMI xtx+yty ts_demean W60 late                   DiD -0.0120 [-0.0228, -0.0012] p=0.0598 neg 9/14 | phase p=0.0150 | DMT -0.0099 (p=0.020) PCB +0.0021 (p=0.509) placebo share 0.17 | FD DiD -0.0034 (p=0.807) | FD-resid -0.0112 [-0.0208, -0.0012] p=0.0511 11/14 SURVIVES
prewhiten_fixed ar10 MMI xtx+yty ts_demean W60 trend_a_placebo_line   DiD -0.0160 [-0.0257, -0.0063] p=0.0109 neg 10/14
prewhiten_fixed ar10 MMI xtx+yty ts_demean W60 trend_b_shared_slope   DiD -0.0179 [-0.0273, -0.0089] p=0.0021 neg 12/14
prewhiten_fixed ar10 CCS sts ts_demean W60 primary                DiD -0.0138 [-0.0230, -0.0051] p=0.0132 neg 11/14 | phase p=0.0070 | DMT -0.0043 (p=0.141) PCB +0.0095 (p=0.012) placebo share 0.69 | FD DiD +0.0143 (p=0.245) | FD-resid -0.0119 [-0.0199, -0.0041] p=0.0137 11/14 SURVIVES
prewhiten_fixed ar10 CCS sts ts_demean W60 sensitivity            DiD -0.0123 [-0.0215, -0.0029] p=0.0282 neg 11/14 | phase p=0.0140 | DMT -0.0040 (p=0.203) PCB +0.0083 (p=0.019) placebo share 0.68 | FD DiD +0.0191 (p=0.108) | FD-resid -0.0101 [-0.0177, -0.0024] p=0.0305 11/14 SURVIVES
prewhiten_fixed ar10 CCS sts ts_demean W60 early                  DiD -0.0173 [-0.0290, -0.0061] p=0.0131 neg 10/14 | phase p=0.0070 | DMT -0.0055 (p=0.087) PCB +0.0119 (p=0.007) placebo share 0.68 | FD DiD +0.0366 (p=0.010) | FD-resid -0.0162 [-0.0273, -0.0057] p=0.0120 11/14 SURVIVES
prewhiten_fixed ar10 CCS sts ts_demean W60 late                   DiD -0.0110 [-0.0207, -0.0019] p=0.0438 neg 10/14 | phase p=0.0470 | DMT -0.0034 (p=0.359) PCB +0.0076 (p=0.051) placebo share 0.69 | FD DiD -0.0034 (p=0.807) | FD-resid -0.0085 [-0.0161, -0.0008] p=0.0598 9/14 SURVIVES
prewhiten_fixed ar10 CCS sts ts_demean W60 trend_a_placebo_line   DiD -0.0129 [-0.0209, -0.0055] p=0.0076 neg 9/14
prewhiten_fixed ar10 CCS sts ts_demean W60 trend_b_shared_slope   DiD -0.0130 [-0.0212, -0.0053] p=0.0088 neg 11/14
prewhiten_fixed ar10 autocorr ts_demean W60 primary                DiD -0.0626 [-0.1228, -0.0076] p=0.0602 neg 10/14 | phase p=0.0500 | DMT -0.0701 (p=0.008) PCB -0.0075 (p=0.700) placebo share -0.12 | FD DiD +0.0143 (p=0.245) | FD-resid -0.0692 [-0.1251, -0.0122] p=0.0443 10/14 SURVIVES
prewhiten_fixed ar10 autocorr ts_demean W60 sensitivity            DiD -0.0567 [-0.1131, -0.0023] p=0.0750 neg 10/14 | phase p=0.0589 | DMT -0.0666 (p=0.012) PCB -0.0099 (p=0.587) placebo share -0.17 | FD DiD +0.0191 (p=0.108) | FD-resid -0.0609 [-0.1128, -0.0044] p=0.0575 10/14 SURVIVES
prewhiten_fixed ar10 autocorr ts_demean W60 early                  DiD -0.0747 [-0.1403, -0.0106] p=0.0448 neg 11/14 | phase p=0.0460 | DMT -0.0969 (p=0.004) PCB -0.0221 (p=0.268) placebo share -0.30 | FD DiD +0.0366 (p=0.010) | FD-resid -0.0834 [-0.1439, -0.0206] p=0.0271 11/14 SURVIVES
prewhiten_fixed ar10 autocorr ts_demean W60 late                   DiD -0.0529 [-0.1170, +0.0134] p=0.1486 neg 10/14 | phase p=0.1359 | DMT -0.0487 (p=0.067) PCB +0.0042 (p=0.852) placebo share 0.08 | FD DiD -0.0034 (p=0.807) | FD-resid -0.0579 [-0.1213, +0.0115] p=0.1190 10/14 does NOT survive
prewhiten_fixed ar10 autocorr ts_demean W60 trend_a_placebo_line   DiD -0.0880 [-0.1425, -0.0330] p=0.0095 neg 11/14
prewhiten_fixed ar10 autocorr ts_demean W60 trend_b_shared_slope   DiD -0.1045 [-0.1566, -0.0508] p=0.0034 neg 11/14
prewhiten_fixed ar10 diag observed sts ts_demean W60 primary                DiD -0.0256 [-0.0360, -0.0157] p=0.0004 neg 13/14 | phase p=0.0010 | DMT -0.0029 (p=0.554) PCB +0.0227 (p=0.000) placebo share 0.89 | FD DiD +0.0143 (p=0.245) | FD-resid -0.0217 [-0.0309, -0.0134] p=0.0002 13/14 SURVIVES
prewhiten_fixed ar10 diag observed sts ts_demean W60 sensitivity            DiD -0.0236 [-0.0342, -0.0132] p=0.0012 neg 12/14 | phase p=0.0020 | DMT -0.0031 (p=0.543) PCB +0.0205 (p=0.000) placebo share 0.87 | FD DiD +0.0191 (p=0.108) | FD-resid -0.0194 [-0.0282, -0.0112] p=0.0009 12/14 SURVIVES
prewhiten_fixed ar10 diag observed sts ts_demean W60 early                  DiD -0.0287 [-0.0389, -0.0193] p=0.0001 neg 14/14 | phase p=0.0010 | DMT -0.0016 (p=0.759) PCB +0.0271 (p=0.000) placebo share 0.95 | FD DiD +0.0366 (p=0.010) | FD-resid -0.0263 [-0.0352, -0.0179] p=0.0001 14/14 SURVIVES
prewhiten_fixed ar10 diag observed sts ts_demean W60 late                   DiD -0.0231 [-0.0352, -0.0106] p=0.0049 neg 11/14 | phase p=0.0030 | DMT -0.0040 (p=0.448) PCB +0.0191 (p=0.000) placebo share 0.83 | FD DiD -0.0034 (p=0.807) | FD-resid -0.0181 [-0.0281, -0.0090] p=0.0021 12/14 SURVIVES
prewhiten_fixed ar10 diag observed sts ts_demean W60 trend_a_placebo_line   DiD -0.0199 [-0.0308, -0.0089] p=0.0054 neg 12/14
prewhiten_fixed ar10 diag observed sts ts_demean W60 trend_b_shared_slope   DiD -0.0173 [-0.0283, -0.0059] p=0.0138 neg 11/14
prewhiten_fixed ar10 diag predicted sts ts_demean W60 primary                DiD -0.0044 [-0.0081, -0.0009] p=0.0338 neg 10/14 | DMT -0.0029 (p=0.087) PCB +0.0015 (p=0.242) placebo share 0.34 | FD DiD +0.0143 (p=0.245) | FD-resid -0.0051 [-0.0081, -0.0021] p=0.0093 11/14 SURVIVES
prewhiten_fixed ar10 diag predicted sts ts_demean W60 sensitivity            DiD -0.0041 [-0.0078, -0.0009] p=0.0383 neg 10/14 | DMT -0.0026 (p=0.120) PCB +0.0015 (p=0.249) placebo share 0.37 | FD DiD +0.0191 (p=0.108) | FD-resid -0.0048 [-0.0074, -0.0022] p=0.0060 11/14 SURVIVES
prewhiten_fixed ar10 diag predicted sts ts_demean W60 early                  DiD -0.0024 [-0.0063, +0.0013] p=0.2517 neg 7/14 | DMT -0.0018 (p=0.382) PCB +0.0006 (p=0.562) placebo share 0.25 | FD DiD +0.0366 (p=0.010) | FD-resid -0.0040 [-0.0076, -0.0002] p=0.0670 11/14 SURVIVES
prewhiten_fixed ar10 diag predicted sts ts_demean W60 late                   DiD -0.0059 [-0.0107, -0.0018] p=0.0181 neg 11/14 | DMT -0.0037 (p=0.032) PCB +0.0022 (p=0.246) placebo share 0.37 | FD DiD -0.0034 (p=0.807) | FD-resid -0.0060 [-0.0097, -0.0027] p=0.0048 10/14 SURVIVES
prewhiten_fixed ar10 diag predicted sts ts_demean W60 trend_a_placebo_line   DiD -0.0042 [-0.0088, -0.0001] p=0.0848 neg 10/14
prewhiten_fixed ar10 diag predicted sts ts_demean W60 trend_b_shared_slope   DiD -0.0040 [-0.0090, +0.0002] p=0.1152 neg 10/14
prewhiten_fixed ar10 diag residual sts ts_demean W60 primary                DiD -0.0212 [-0.0322, -0.0113] p=0.0009 neg 12/14 | phase p=0.0010 | DMT -0.0001 (p=0.989) PCB +0.0212 (p=0.000) placebo share 1.00 | FD DiD +0.0143 (p=0.245) | FD-resid -0.0166 [-0.0254, -0.0084] p=0.0018 12/14 SURVIVES
prewhiten_fixed ar10 diag residual sts ts_demean W60 sensitivity            DiD -0.0194 [-0.0298, -0.0100] p=0.0011 neg 12/14 | phase p=0.0020 | DMT -0.0005 (p=0.928) PCB +0.0190 (p=0.001) placebo share 0.98 | FD DiD +0.0191 (p=0.108) | FD-resid -0.0146 [-0.0225, -0.0072] p=0.0023 12/14 SURVIVES
prewhiten_fixed ar10 diag residual sts ts_demean W60 early                  DiD -0.0263 [-0.0381, -0.0158] p=0.0001 neg 14/14 | phase p=0.0010 | DMT +0.0002 (p=0.963) PCB +0.0265 (p=0.000) placebo share 1.01 | FD DiD +0.0366 (p=0.010) | FD-resid -0.0223 [-0.0325, -0.0132] p=0.0001 14/14 SURVIVES
prewhiten_fixed ar10 diag residual sts ts_demean W60 late                   DiD -0.0172 [-0.0296, -0.0047] p=0.0212 neg 11/14 | phase p=0.0170 | DMT -0.0003 (p=0.957) PCB +0.0169 (p=0.004) placebo share 0.98 | FD DiD -0.0034 (p=0.807) | FD-resid -0.0121 [-0.0217, -0.0027] p=0.0300 11/14 SURVIVES
prewhiten_fixed ar10 diag residual sts ts_demean W60 trend_a_placebo_line   DiD -0.0157 [-0.0270, -0.0053] p=0.0125 neg 10/14
prewhiten_fixed ar10 diag residual sts ts_demean W60 trend_b_shared_slope   DiD -0.0132 [-0.0246, -0.0029] p=0.0371 neg 11/14
prewhiten_fixed ar10 MMI sts ts_demean global-bins primary                DiD -0.0329 [-0.0464, -0.0202] p=0.0004 neg 13/14 | phase p=0.0010 | DMT +0.0071 (p=0.336) PCB +0.0401 (p=0.000) placebo share 1.22 | FD DiD +0.0143 (p=0.245) | FD-resid -0.0268 [-0.0396, -0.0159] p=0.0001 14/14 SURVIVES
prewhiten_fixed ar10 MMI sts ts_demean global-bins sensitivity            DiD -0.0319 [-0.0454, -0.0188] p=0.0005 neg 13/14 | phase p=0.0010 | DMT +0.0069 (p=0.349) PCB +0.0388 (p=0.000) placebo share 1.22 | FD DiD +0.0174 (p=0.155) | FD-resid -0.0256 [-0.0384, -0.0145] p=0.0001 14/14 SURVIVES
prewhiten_fixed ar10 MMI sts ts_demean global-bins early                  DiD -0.0341 [-0.0456, -0.0232] p=0.0001 neg 14/14 | phase p=0.0010 | DMT +0.0106 (p=0.130) PCB +0.0446 (p=0.000) placebo share 1.31 | FD DiD +0.0366 (p=0.010) | FD-resid -0.0315 [-0.0427, -0.0217] p=0.0001 14/14 SURVIVES
prewhiten_fixed ar10 MMI sts ts_demean global-bins late                   DiD -0.0320 [-0.0474, -0.0169] p=0.0023 neg 13/14 | phase p=0.0020 | DMT +0.0043 (p=0.533) PCB +0.0364 (p=0.000) placebo share 1.14 | FD DiD -0.0034 (p=0.807) | FD-resid -0.0230 [-0.0376, -0.0107] p=0.0018 11/14 SURVIVES
prewhiten_fixed ar10 MMI sts ts_demean global-bins trend_a_placebo_line   DiD -0.0242 [-0.0381, -0.0102] p=0.0072 neg 12/14
prewhiten_fixed ar10 MMI sts ts_demean global-bins trend_b_shared_slope   DiD -0.0201 [-0.0334, -0.0061] p=0.0177 neg 12/14
prewhiten_fixed ar10 MMI xtx+yty ts_demean global-bins primary                DiD -0.0103 [-0.0196, -0.0014] p=0.0583 neg 9/14 | phase p=0.0070 | DMT -0.0066 (p=0.060) PCB +0.0036 (p=0.202) placebo share 0.35 | FD DiD +0.0143 (p=0.245) | FD-resid -0.0103 [-0.0189, -0.0020] p=0.0422 10/14 SURVIVES
prewhiten_fixed ar10 MMI xtx+yty ts_demean global-bins sensitivity            DiD -0.0103 [-0.0196, -0.0014] p=0.0549 neg 9/14 | phase p=0.0060 | DMT -0.0068 (p=0.055) PCB +0.0035 (p=0.200) placebo share 0.34 | FD DiD +0.0174 (p=0.155) | FD-resid -0.0104 [-0.0190, -0.0022] p=0.0366 10/14 SURVIVES
prewhiten_fixed ar10 MMI xtx+yty ts_demean global-bins early                  DiD -0.0110 [-0.0206, -0.0022] p=0.0428 neg 9/14 | phase p=0.0210 | DMT -0.0081 (p=0.023) PCB +0.0028 (p=0.322) placebo share 0.26 | FD DiD +0.0366 (p=0.010) | FD-resid -0.0123 [-0.0217, -0.0036] p=0.0212 9/14 SURVIVES
prewhiten_fixed ar10 MMI xtx+yty ts_demean global-bins late                   DiD -0.0098 [-0.0200, +0.0004] p=0.0919 neg 9/14 | phase p=0.0240 | DMT -0.0055 (p=0.137) PCB +0.0043 (p=0.148) placebo share 0.44 | FD DiD -0.0034 (p=0.807) | FD-resid -0.0087 [-0.0175, +0.0004] p=0.0876 9/14 does NOT survive
prewhiten_fixed ar10 MMI xtx+yty ts_demean global-bins trend_a_placebo_line   DiD -0.0125 [-0.0221, -0.0030] p=0.0278 neg 10/14
prewhiten_fixed ar10 MMI xtx+yty ts_demean global-bins trend_b_shared_slope   DiD -0.0137 [-0.0228, -0.0049] p=0.0157 neg 10/14
prewhiten_fixed ar10 CCS sts ts_demean global-bins primary                DiD -0.0188 [-0.0281, -0.0098] p=0.0018 neg 13/14 | phase p=0.0010 | DMT +0.0070 (p=0.078) PCB +0.0258 (p=0.000) placebo share 1.37 | FD DiD +0.0143 (p=0.245) | FD-resid -0.0154 [-0.0244, -0.0075] p=0.0010 13/14 SURVIVES
prewhiten_fixed ar10 CCS sts ts_demean global-bins sensitivity            DiD -0.0185 [-0.0277, -0.0091] p=0.0024 neg 12/14 | phase p=0.0010 | DMT +0.0069 (p=0.083) PCB +0.0254 (p=0.000) placebo share 1.37 | FD DiD +0.0174 (p=0.155) | FD-resid -0.0150 [-0.0239, -0.0071] p=0.0021 13/14 SURVIVES
prewhiten_fixed ar10 CCS sts ts_demean global-bins early                  DiD -0.0191 [-0.0287, -0.0099] p=0.0018 neg 13/14 | phase p=0.0050 | DMT +0.0087 (p=0.012) PCB +0.0277 (p=0.000) placebo share 1.45 | FD DiD +0.0366 (p=0.010) | FD-resid -0.0182 [-0.0279, -0.0094] p=0.0011 13/14 SURVIVES
prewhiten_fixed ar10 CCS sts ts_demean global-bins late                   DiD -0.0185 [-0.0280, -0.0089] p=0.0049 neg 13/14 | phase p=0.0020 | DMT +0.0056 (p=0.224) PCB +0.0242 (p=0.000) placebo share 1.30 | FD DiD -0.0034 (p=0.807) | FD-resid -0.0132 [-0.0219, -0.0053] p=0.0057 10/14 SURVIVES
prewhiten_fixed ar10 CCS sts ts_demean global-bins trend_a_placebo_line   DiD -0.0147 [-0.0238, -0.0055] p=0.0111 neg 11/14
prewhiten_fixed ar10 CCS sts ts_demean global-bins trend_b_shared_slope   DiD -0.0132 [-0.0217, -0.0043] p=0.0167 neg 11/14
prewhiten_fixed ar10 autocorr ts_demean global-bins primary                DiD -0.0634 [-0.1369, +0.0035] p=0.1123 neg 10/14 | phase p=0.0879 | DMT -0.0837 (p=0.008) PCB -0.0203 (p=0.328) placebo share -0.32 | FD DiD +0.0143 (p=0.245) | FD-resid -0.0736 [-0.1412, -0.0078] p=0.0590 10/14 SURVIVES
prewhiten_fixed ar10 autocorr ts_demean global-bins sensitivity            DiD -0.0663 [-0.1368, +0.0008] p=0.0930 neg 10/14 | phase p=0.0679 | DMT -0.0862 (p=0.007) PCB -0.0199 (p=0.319) placebo share -0.30 | FD DiD +0.0174 (p=0.155) | FD-resid -0.0770 [-0.1445, -0.0095] p=0.0471 11/14 SURVIVES
prewhiten_fixed ar10 autocorr ts_demean global-bins early                  DiD -0.0711 [-0.1485, +0.0045] p=0.1027 neg 10/14 | phase p=0.0899 | DMT -0.1112 (p=0.004) PCB -0.0401 (p=0.063) placebo share -0.56 | FD DiD +0.0366 (p=0.010) | FD-resid -0.0843 [-0.1589, -0.0096] p=0.0487 11/14 SURVIVES
prewhiten_fixed ar10 autocorr ts_demean global-bins late                   DiD -0.0572 [-0.1354, +0.0190] p=0.1884 neg 9/14 | phase p=0.1469 | DMT -0.0617 (p=0.048) PCB -0.0045 (p=0.852) placebo share -0.08 | FD DiD -0.0034 (p=0.807) | FD-resid -0.0651 [-0.1360, +0.0089] p=0.1152 10/14 does NOT survive
prewhiten_fixed ar10 autocorr ts_demean global-bins trend_a_placebo_line   DiD -0.0976 [-0.1663, -0.0301] p=0.0162 neg 10/14
prewhiten_fixed ar10 autocorr ts_demean global-bins trend_b_shared_slope   DiD -0.1174 [-0.1829, -0.0518] p=0.0050 neg 11/14
   ar20 ts_gsr: whitened (1049s)
   ar20 ts_gsr: subject 1/14 done (1076s)
   ar20 ts_gsr: subject 2/14 done (1104s)
   ar20 ts_gsr: subject 3/14 done (1132s)
   ar20 ts_gsr: subject 4/14 done (1160s)
   ar20 ts_gsr: subject 5/14 done (1187s)
   ar20 ts_gsr: subject 6/14 done (1216s)
   ar20 ts_gsr: subject 7/14 done (1244s)
   ar20 ts_gsr: subject 8/14 done (1272s)
   ar20 ts_gsr: subject 9/14 done (1300s)
   ar20 ts_gsr: subject 10/14 done (1328s)
   ar20 ts_gsr: subject 11/14 done (1356s)
   ar20 ts_gsr: subject 12/14 done (1384s)
   ar20 ts_gsr: subject 13/14 done (1413s)
   ar20 ts_gsr: subject 14/14 done (1442s)
prewhiten_fixed ar20 MMI sts ts_gsr W60 primary                DiD -0.0127 [-0.0196, -0.0066] p=0.0002 neg 13/14 | phase p=0.0010 | DMT -0.0062 (p=0.031) PCB +0.0065 (p=0.001) placebo share 0.51 | FD DiD +0.0143 (p=0.245) | FD-resid -0.0116 [-0.0174, -0.0064] p=0.0005 12/14 SURVIVES
prewhiten_fixed ar20 MMI sts ts_gsr W60 sensitivity            DiD -0.0116 [-0.0179, -0.0058] p=0.0009 neg 12/14 | phase p=0.0010 | DMT -0.0067 (p=0.015) PCB +0.0049 (p=0.003) placebo share 0.42 | FD DiD +0.0191 (p=0.108) | FD-resid -0.0105 [-0.0159, -0.0054] p=0.0013 12/14 SURVIVES
prewhiten_fixed ar20 MMI sts ts_gsr W60 early                  DiD -0.0166 [-0.0243, -0.0095] p=0.0004 neg 13/14 | phase p=0.0010 | DMT -0.0055 (p=0.077) PCB +0.0111 (p=0.000) placebo share 0.67 | FD DiD +0.0366 (p=0.010) | FD-resid -0.0154 [-0.0217, -0.0095] p=0.0002 13/14 SURVIVES
prewhiten_fixed ar20 MMI sts ts_gsr W60 late                   DiD -0.0096 [-0.0167, -0.0027] p=0.0177 neg 11/14 | phase p=0.0090 | DMT -0.0068 (p=0.027) PCB +0.0028 (p=0.133) placebo share 0.29 | FD DiD -0.0034 (p=0.807) | FD-resid -0.0086 [-0.0149, -0.0024] p=0.0200 10/14 SURVIVES
prewhiten_fixed ar20 MMI sts ts_gsr W60 trend_a_placebo_line   DiD -0.0109 [-0.0179, -0.0046] p=0.0044 neg 12/14
prewhiten_fixed ar20 MMI sts ts_gsr W60 trend_b_shared_slope   DiD -0.0103 [-0.0174, -0.0040] p=0.0083 neg 10/14
prewhiten_fixed ar20 MMI xtx+yty ts_gsr W60 primary                DiD -0.0060 [-0.0094, -0.0027] p=0.0037 neg 11/14 | phase p=0.0010 | DMT -0.0065 (p=0.000) PCB -0.0005 (p=0.412) placebo share -0.09 | FD DiD +0.0143 (p=0.245) | FD-resid -0.0058 [-0.0089, -0.0030] p=0.0017 12/14 SURVIVES
prewhiten_fixed ar20 MMI xtx+yty ts_gsr W60 sensitivity            DiD -0.0057 [-0.0090, -0.0026] p=0.0039 neg 11/14 | phase p=0.0010 | DMT -0.0063 (p=0.000) PCB -0.0006 (p=0.356) placebo share -0.10 | FD DiD +0.0191 (p=0.108) | FD-resid -0.0055 [-0.0083, -0.0029] p=0.0015 12/14 SURVIVES
prewhiten_fixed ar20 MMI xtx+yty ts_gsr W60 early                  DiD -0.0062 [-0.0095, -0.0029] p=0.0039 neg 12/14 | phase p=0.0010 | DMT -0.0071 (p=0.000) PCB -0.0009 (p=0.147) placebo share -0.15 | FD DiD +0.0366 (p=0.010) | FD-resid -0.0058 [-0.0088, -0.0028] p=0.0026 13/14 SURVIVES
prewhiten_fixed ar20 MMI xtx+yty ts_gsr W60 late                   DiD -0.0058 [-0.0094, -0.0024] p=0.0078 neg 11/14 | phase p=0.0010 | DMT -0.0059 (p=0.002) PCB -0.0002 (p=0.829) placebo share -0.03 | FD DiD -0.0034 (p=0.807) | FD-resid -0.0059 [-0.0092, -0.0027] p=0.0038 11/14 SURVIVES
prewhiten_fixed ar20 MMI xtx+yty ts_gsr W60 trend_a_placebo_line   DiD -0.0064 [-0.0100, -0.0031] p=0.0028 neg 11/14
prewhiten_fixed ar20 MMI xtx+yty ts_gsr W60 trend_b_shared_slope   DiD -0.0070 [-0.0107, -0.0034] p=0.0022 neg 12/14
prewhiten_fixed ar20 CCS sts ts_gsr W60 primary                DiD -0.0098 [-0.0141, -0.0051] p=0.0021 neg 13/14 | phase p=0.0010 | DMT -0.0057 (p=0.004) PCB +0.0041 (p=0.009) placebo share 0.41 | FD DiD +0.0143 (p=0.245) | FD-resid -0.0091 [-0.0128, -0.0051] p=0.0016 13/14 SURVIVES
prewhiten_fixed ar20 CCS sts ts_gsr W60 sensitivity            DiD -0.0091 [-0.0132, -0.0047] p=0.0027 neg 13/14 | phase p=0.0010 | DMT -0.0059 (p=0.002) PCB +0.0032 (p=0.022) placebo share 0.35 | FD DiD +0.0191 (p=0.108) | FD-resid -0.0083 [-0.0115, -0.0045] p=0.0018 13/14 SURVIVES
prewhiten_fixed ar20 CCS sts ts_gsr W60 early                  DiD -0.0114 [-0.0162, -0.0063] p=0.0015 neg 13/14 | phase p=0.0010 | DMT -0.0056 (p=0.005) PCB +0.0058 (p=0.002) placebo share 0.51 | FD DiD +0.0366 (p=0.010) | FD-resid -0.0104 [-0.0150, -0.0060] p=0.0010 13/14 SURVIVES
prewhiten_fixed ar20 CCS sts ts_gsr W60 late                   DiD -0.0085 [-0.0132, -0.0035] p=0.0077 neg 12/14 | phase p=0.0010 | DMT -0.0058 (p=0.011) PCB +0.0027 (p=0.066) placebo share 0.31 | FD DiD -0.0034 (p=0.807) | FD-resid -0.0081 [-0.0118, -0.0038] p=0.0038 12/14 SURVIVES
prewhiten_fixed ar20 CCS sts ts_gsr W60 trend_a_placebo_line   DiD -0.0093 [-0.0136, -0.0050] p=0.0017 neg 13/14
prewhiten_fixed ar20 CCS sts ts_gsr W60 trend_b_shared_slope   DiD -0.0092 [-0.0135, -0.0049] p=0.0016 neg 13/14
prewhiten_fixed ar20 autocorr ts_gsr W60 primary                DiD -0.0927 [-0.1417, -0.0420] p=0.0038 neg 11/14 | phase p=0.0010 | DMT -0.0958 (p=0.000) PCB -0.0031 (p=0.811) placebo share -0.03 | FD DiD +0.0143 (p=0.245) | FD-resid -0.0925 [-0.1394, -0.0462] p=0.0028 11/14 SURVIVES
prewhiten_fixed ar20 autocorr ts_gsr W60 sensitivity            DiD -0.0878 [-0.1337, -0.0409] p=0.0038 neg 11/14 | phase p=0.0020 | DMT -0.0952 (p=0.000) PCB -0.0074 (p=0.553) placebo share -0.08 | FD DiD +0.0191 (p=0.108) | FD-resid -0.0853 [-0.1266, -0.0435] p=0.0031 12/14 SURVIVES
prewhiten_fixed ar20 autocorr ts_gsr W60 early                  DiD -0.1002 [-0.1491, -0.0476] p=0.0035 neg 12/14 | phase p=0.0010 | DMT -0.1137 (p=0.000) PCB -0.0135 (p=0.333) placebo share -0.14 | FD DiD +0.0366 (p=0.010) | FD-resid -0.0970 [-0.1470, -0.0451] p=0.0038 12/14 SURVIVES
prewhiten_fixed ar20 autocorr ts_gsr W60 late                   DiD -0.0867 [-0.1435, -0.0305] p=0.0128 neg 10/14 | phase p=0.0060 | DMT -0.0815 (p=0.003) PCB +0.0052 (p=0.741) placebo share 0.06 | FD DiD -0.0034 (p=0.807) | FD-resid -0.0888 [-0.1377, -0.0391] p=0.0061 11/14 SURVIVES
prewhiten_fixed ar20 autocorr ts_gsr W60 trend_a_placebo_line   DiD -0.1071 [-0.1589, -0.0565] p=0.0020 neg 11/14
prewhiten_fixed ar20 autocorr ts_gsr W60 trend_b_shared_slope   DiD -0.1180 [-0.1681, -0.0680] p=0.0006 neg 13/14
prewhiten_fixed ar20 diag observed sts ts_gsr W60 primary                DiD -0.0127 [-0.0196, -0.0066] p=0.0002 neg 13/14 | phase p=0.0010 | DMT -0.0062 (p=0.031) PCB +0.0065 (p=0.001) placebo share 0.51 | FD DiD +0.0143 (p=0.245) | FD-resid -0.0116 [-0.0174, -0.0064] p=0.0005 12/14 SURVIVES
prewhiten_fixed ar20 diag observed sts ts_gsr W60 sensitivity            DiD -0.0116 [-0.0179, -0.0058] p=0.0009 neg 12/14 | phase p=0.0010 | DMT -0.0067 (p=0.015) PCB +0.0049 (p=0.003) placebo share 0.42 | FD DiD +0.0191 (p=0.108) | FD-resid -0.0105 [-0.0159, -0.0054] p=0.0013 12/14 SURVIVES
prewhiten_fixed ar20 diag observed sts ts_gsr W60 early                  DiD -0.0166 [-0.0243, -0.0095] p=0.0004 neg 13/14 | phase p=0.0010 | DMT -0.0055 (p=0.077) PCB +0.0111 (p=0.000) placebo share 0.67 | FD DiD +0.0366 (p=0.010) | FD-resid -0.0154 [-0.0217, -0.0095] p=0.0002 13/14 SURVIVES
prewhiten_fixed ar20 diag observed sts ts_gsr W60 late                   DiD -0.0096 [-0.0167, -0.0027] p=0.0177 neg 11/14 | phase p=0.0090 | DMT -0.0068 (p=0.027) PCB +0.0028 (p=0.133) placebo share 0.29 | FD DiD -0.0034 (p=0.807) | FD-resid -0.0086 [-0.0149, -0.0024] p=0.0200 10/14 SURVIVES
prewhiten_fixed ar20 diag observed sts ts_gsr W60 trend_a_placebo_line   DiD -0.0109 [-0.0179, -0.0046] p=0.0044 neg 12/14
prewhiten_fixed ar20 diag observed sts ts_gsr W60 trend_b_shared_slope   DiD -0.0103 [-0.0174, -0.0040] p=0.0083 neg 10/14
prewhiten_fixed ar20 diag predicted sts ts_gsr W60 primary                DiD -0.0037 [-0.0063, -0.0012] p=0.0145 neg 12/14 | DMT -0.0033 (p=0.025) PCB +0.0004 (p=0.474) placebo share 0.11 | FD DiD +0.0143 (p=0.245) | FD-resid -0.0035 [-0.0062, -0.0009] p=0.0264 12/14 SURVIVES
prewhiten_fixed ar20 diag predicted sts ts_gsr W60 sensitivity            DiD -0.0036 [-0.0064, -0.0009] p=0.0243 neg 12/14 | DMT -0.0032 (p=0.036) PCB +0.0005 (p=0.458) placebo share 0.13 | FD DiD +0.0191 (p=0.108) | FD-resid -0.0034 [-0.0062, -0.0008] p=0.0349 12/14 SURVIVES
prewhiten_fixed ar20 diag predicted sts ts_gsr W60 early                  DiD -0.0031 [-0.0056, -0.0008] p=0.0255 neg 10/14 | DMT -0.0027 (p=0.063) PCB +0.0004 (p=0.541) placebo share 0.13 | FD DiD +0.0366 (p=0.010) | FD-resid -0.0029 [-0.0056, -0.0005] p=0.0472 10/14 SURVIVES
prewhiten_fixed ar20 diag predicted sts ts_gsr W60 late                   DiD -0.0042 [-0.0070, -0.0015] p=0.0127 neg 12/14 | DMT -0.0038 (p=0.010) PCB +0.0004 (p=0.548) placebo share 0.10 | FD DiD -0.0034 (p=0.807) | FD-resid -0.0040 [-0.0068, -0.0012] p=0.0195 12/14 SURVIVES
prewhiten_fixed ar20 diag predicted sts ts_gsr W60 trend_a_placebo_line   DiD -0.0034 [-0.0059, -0.0009] p=0.0273 neg 11/14
prewhiten_fixed ar20 diag predicted sts ts_gsr W60 trend_b_shared_slope   DiD -0.0031 [-0.0057, -0.0006] p=0.0406 neg 11/14
prewhiten_fixed ar20 diag residual sts ts_gsr W60 primary                DiD -0.0090 [-0.0140, -0.0045] p=0.0017 neg 12/14 | phase p=0.0030 | DMT -0.0029 (p=0.082) PCB +0.0061 (p=0.002) placebo share 0.68 | FD DiD +0.0143 (p=0.245) | FD-resid -0.0081 [-0.0121, -0.0040] p=0.0032 12/14 SURVIVES
prewhiten_fixed ar20 diag residual sts ts_gsr W60 sensitivity            DiD -0.0080 [-0.0125, -0.0038] p=0.0033 neg 12/14 | phase p=0.0080 | DMT -0.0035 (p=0.021) PCB +0.0045 (p=0.011) placebo share 0.56 | FD DiD +0.0191 (p=0.108) | FD-resid -0.0071 [-0.0107, -0.0032] p=0.0055 12/14 SURVIVES
prewhiten_fixed ar20 diag residual sts ts_gsr W60 early                  DiD -0.0135 [-0.0192, -0.0081] p=0.0004 neg 13/14 | phase p=0.0010 | DMT -0.0028 (p=0.193) PCB +0.0107 (p=0.000) placebo share 0.79 | FD DiD +0.0366 (p=0.010) | FD-resid -0.0125 [-0.0170, -0.0080] p=0.0004 13/14 SURVIVES
prewhiten_fixed ar20 diag residual sts ts_gsr W60 late                   DiD -0.0054 [-0.0110, +0.0001] p=0.0930 neg 10/14 | phase p=0.1289 | DMT -0.0030 (p=0.125) PCB +0.0024 (p=0.312) placebo share 0.44 | FD DiD -0.0034 (p=0.807) | FD-resid -0.0046 [-0.0097, +0.0008] p=0.1139 11/14 does NOT survive
prewhiten_fixed ar20 diag residual sts ts_gsr W60 trend_a_placebo_line   DiD -0.0075 [-0.0125, -0.0029] p=0.0065 neg 10/14
prewhiten_fixed ar20 diag residual sts ts_gsr W60 trend_b_shared_slope   DiD -0.0072 [-0.0124, -0.0024] p=0.0175 neg 11/14
prewhiten_fixed ar20 MMI sts ts_gsr global-bins primary                DiD -0.0168 [-0.0259, -0.0096] p=0.0001 neg 14/14 | phase p=0.0010 | DMT +0.0002 (p=0.948) PCB +0.0170 (p=0.000) placebo share 1.01 | FD DiD +0.0143 (p=0.245) | FD-resid -0.0139 [-0.0211, -0.0077] p=0.0004 13/14 SURVIVES
prewhiten_fixed ar20 MMI sts ts_gsr global-bins sensitivity            DiD -0.0163 [-0.0247, -0.0095] p=0.0001 neg 14/14 | phase p=0.0010 | DMT -0.0003 (p=0.940) PCB +0.0160 (p=0.000) placebo share 0.98 | FD DiD +0.0174 (p=0.155) | FD-resid -0.0133 [-0.0199, -0.0077] p=0.0004 13/14 SURVIVES
prewhiten_fixed ar20 MMI sts ts_gsr global-bins early                  DiD -0.0205 [-0.0304, -0.0121] p=0.0002 neg 13/14 | phase p=0.0010 | DMT +0.0012 (p=0.756) PCB +0.0217 (p=0.000) placebo share 1.06 | FD DiD +0.0366 (p=0.010) | FD-resid -0.0190 [-0.0276, -0.0111] p=0.0005 12/14 SURVIVES
prewhiten_fixed ar20 MMI sts ts_gsr global-bins late                   DiD -0.0138 [-0.0224, -0.0065] p=0.0013 neg 13/14 | phase p=0.0030 | DMT -0.0005 (p=0.893) PCB +0.0133 (p=0.000) placebo share 0.96 | FD DiD -0.0034 (p=0.807) | FD-resid -0.0099 [-0.0164, -0.0047] p=0.0010 12/14 SURVIVES
prewhiten_fixed ar20 MMI sts ts_gsr global-bins trend_a_placebo_line   DiD -0.0134 [-0.0216, -0.0065] p=0.0009 neg 13/14
prewhiten_fixed ar20 MMI sts ts_gsr global-bins trend_b_shared_slope   DiD -0.0123 [-0.0206, -0.0054] p=0.0018 neg 13/14
prewhiten_fixed ar20 MMI xtx+yty ts_gsr global-bins primary                DiD +0.0002 [-0.0003, +0.0006] p=0.4302 neg 5/14 | phase p=0.3417 | DMT +0.0002 (p=0.377) PCB +0.0000 (p=0.928) placebo share -0.09 | FD DiD +0.0143 (p=0.245) | FD-resid +0.0002 [-0.0002, +0.0006] p=0.3159 5/14 does NOT survive
prewhiten_fixed ar20 MMI xtx+yty ts_gsr global-bins sensitivity            DiD +0.0002 [-0.0002, +0.0006] p=0.3728 neg 5/14 | phase p=0.2907 | DMT +0.0002 (p=0.358) PCB +0.0000 (p=0.915) placebo share -0.09 | FD DiD +0.0174 (p=0.155) | FD-resid +0.0002 [-0.0002, +0.0006] p=0.2584 5/14 does NOT survive
prewhiten_fixed ar20 MMI xtx+yty ts_gsr global-bins early                  DiD +0.0002 [-0.0003, +0.0006] p=0.5082 neg 4/14 | phase p=0.4196 | DMT +0.0002 (p=0.561) PCB -0.0000 (p=0.969) placebo share 0.04 | FD DiD +0.0366 (p=0.010) | FD-resid +0.0002 [-0.0003, +0.0006] p=0.4371 4/14 does NOT survive
prewhiten_fixed ar20 MMI xtx+yty ts_gsr global-bins late                   DiD +0.0002 [-0.0002, +0.0006] p=0.4108 neg 5/14 | phase p=0.4006 | DMT +0.0002 (p=0.359) PCB +0.0000 (p=0.822) placebo share -0.20 | FD DiD -0.0034 (p=0.807) | FD-resid +0.0002 [-0.0002, +0.0006] p=0.2797 5/14 does NOT survive
prewhiten_fixed ar20 MMI xtx+yty ts_gsr global-bins trend_a_placebo_line   DiD +0.0001 [-0.0004, +0.0005] p=0.7539 neg 8/14
prewhiten_fixed ar20 MMI xtx+yty ts_gsr global-bins trend_b_shared_slope   DiD +0.0001 [-0.0004, +0.0005] p=0.7291 neg 5/14
prewhiten_fixed ar20 CCS sts ts_gsr global-bins primary                DiD -0.0088 [-0.0130, -0.0052] p=0.0001 neg 14/14 | phase p=0.0010 | DMT +0.0027 (p=0.148) PCB +0.0115 (p=0.000) placebo share 1.30 | FD DiD +0.0143 (p=0.245) | FD-resid -0.0076 [-0.0116, -0.0041] p=0.0005 12/14 SURVIVES
prewhiten_fixed ar20 CCS sts ts_gsr global-bins sensitivity            DiD -0.0086 [-0.0125, -0.0052] p=0.0001 neg 14/14 | phase p=0.0010 | DMT +0.0024 (p=0.181) PCB +0.0110 (p=0.000) placebo share 1.28 | FD DiD +0.0174 (p=0.155) | FD-resid -0.0073 [-0.0111, -0.0041] p=0.0005 12/14 SURVIVES
prewhiten_fixed ar20 CCS sts ts_gsr global-bins early                  DiD -0.0100 [-0.0148, -0.0056] p=0.0001 neg 14/14 | phase p=0.0010 | DMT +0.0040 (p=0.038) PCB +0.0140 (p=0.000) placebo share 1.40 | FD DiD +0.0366 (p=0.010) | FD-resid -0.0098 [-0.0148, -0.0052] p=0.0009 13/14 SURVIVES
prewhiten_fixed ar20 CCS sts ts_gsr global-bins late                   DiD -0.0079 [-0.0120, -0.0040] p=0.0009 neg 13/14 | phase p=0.0010 | DMT +0.0016 (p=0.393) PCB +0.0095 (p=0.000) placebo share 1.20 | FD DiD -0.0034 (p=0.807) | FD-resid -0.0058 [-0.0095, -0.0029] p=0.0006 13/14 SURVIVES
prewhiten_fixed ar20 CCS sts ts_gsr global-bins trend_a_placebo_line   DiD -0.0068 [-0.0106, -0.0034] p=0.0009 neg 12/14
prewhiten_fixed ar20 CCS sts ts_gsr global-bins trend_b_shared_slope   DiD -0.0060 [-0.0099, -0.0026] p=0.0013 neg 13/14
prewhiten_fixed ar20 autocorr ts_gsr global-bins primary                DiD -0.0963 [-0.1541, -0.0415] p=0.0066 neg 11/14 | phase p=0.0010 | DMT -0.1036 (p=0.000) PCB -0.0073 (p=0.599) placebo share -0.08 | FD DiD +0.0143 (p=0.245) | FD-resid -0.0981 [-0.1503, -0.0494] p=0.0026 12/14 SURVIVES
prewhiten_fixed ar20 autocorr ts_gsr global-bins sensitivity            DiD -0.0981 [-0.1536, -0.0427] p=0.0056 neg 11/14 | phase p=0.0010 | DMT -0.1058 (p=0.000) PCB -0.0077 (p=0.572) placebo share -0.08 | FD DiD +0.0174 (p=0.155) | FD-resid -0.0994 [-0.1495, -0.0490] p=0.0024 12/14 SURVIVES
prewhiten_fixed ar20 autocorr ts_gsr global-bins early                  DiD -0.0982 [-0.1512, -0.0439] p=0.0049 neg 12/14 | phase p=0.0020 | DMT -0.1194 (p=0.000) PCB -0.0212 (p=0.133) placebo share -0.22 | FD DiD +0.0366 (p=0.010) | FD-resid -0.0977 [-0.1509, -0.0444] p=0.0035 13/14 SURVIVES
prewhiten_fixed ar20 autocorr ts_gsr global-bins late                   DiD -0.0949 [-0.1617, -0.0311] p=0.0179 neg 10/14 | phase p=0.0020 | DMT -0.0909 (p=0.003) PCB +0.0039 (p=0.825) placebo share 0.04 | FD DiD -0.0034 (p=0.807) | FD-resid -0.0985 [-0.1534, -0.0416] p=0.0065 11/14 SURVIVES
prewhiten_fixed ar20 autocorr ts_gsr global-bins trend_a_placebo_line   DiD -0.1151 [-0.1744, -0.0570] p=0.0027 neg 10/14
prewhiten_fixed ar20 autocorr ts_gsr global-bins trend_b_shared_slope   DiD -0.1269 [-0.1847, -0.0709] p=0.0011 neg 12/14
   ar20 ts_demean: whitened (1549s)
   ar20 ts_demean: subject 1/14 done (1577s)
   ar20 ts_demean: subject 2/14 done (1604s)
   ar20 ts_demean: subject 3/14 done (1631s)
   ar20 ts_demean: subject 4/14 done (1659s)
   ar20 ts_demean: subject 5/14 done (1687s)
   ar20 ts_demean: subject 6/14 done (1714s)
   ar20 ts_demean: subject 7/14 done (1741s)
   ar20 ts_demean: subject 8/14 done (1769s)
   ar20 ts_demean: subject 9/14 done (1796s)
   ar20 ts_demean: subject 10/14 done (1824s)
   ar20 ts_demean: subject 11/14 done (1852s)
   ar20 ts_demean: subject 12/14 done (1880s)
   ar20 ts_demean: subject 13/14 done (1907s)
   ar20 ts_demean: subject 14/14 done (1935s)
prewhiten_fixed ar20 MMI sts ts_demean W60 primary                DiD -0.0200 [-0.0293, -0.0114] p=0.0006 neg 13/14 | phase p=0.0010 | DMT -0.0035 (p=0.341) PCB +0.0165 (p=0.000) placebo share 0.82 | FD DiD +0.0143 (p=0.245) | FD-resid -0.0181 [-0.0270, -0.0096] p=0.0013 12/14 SURVIVES
prewhiten_fixed ar20 MMI sts ts_demean W60 sensitivity            DiD -0.0181 [-0.0269, -0.0096] p=0.0011 neg 12/14 | phase p=0.0010 | DMT -0.0045 (p=0.202) PCB +0.0136 (p=0.001) placebo share 0.75 | FD DiD +0.0191 (p=0.108) | FD-resid -0.0157 [-0.0245, -0.0073] p=0.0040 12/14 SURVIVES
prewhiten_fixed ar20 MMI sts ts_demean W60 early                  DiD -0.0263 [-0.0380, -0.0154] p=0.0004 neg 13/14 | phase p=0.0010 | DMT -0.0033 (p=0.381) PCB +0.0230 (p=0.000) placebo share 0.87 | FD DiD +0.0366 (p=0.010) | FD-resid -0.0253 [-0.0367, -0.0150] p=0.0002 13/14 SURVIVES
prewhiten_fixed ar20 MMI sts ts_demean W60 late                   DiD -0.0150 [-0.0243, -0.0060] p=0.0082 neg 12/14 | phase p=0.0130 | DMT -0.0037 (p=0.364) PCB +0.0113 (p=0.007) placebo share 0.75 | FD DiD -0.0034 (p=0.807) | FD-resid -0.0123 [-0.0206, -0.0042] p=0.0139 11/14 SURVIVES
prewhiten_fixed ar20 MMI sts ts_demean W60 trend_a_placebo_line   DiD -0.0154 [-0.0245, -0.0067] p=0.0043 neg 11/14
prewhiten_fixed ar20 MMI sts ts_demean W60 trend_b_shared_slope   DiD -0.0133 [-0.0228, -0.0044] p=0.0165 neg 10/14
prewhiten_fixed ar20 MMI xtx+yty ts_demean W60 primary                DiD -0.0038 [-0.0068, -0.0008] p=0.0374 neg 10/14 | phase p=0.0280 | DMT -0.0049 (p=0.003) PCB -0.0011 (p=0.202) placebo share -0.29 | FD DiD +0.0143 (p=0.245) | FD-resid -0.0042 [-0.0070, -0.0015] p=0.0155 11/14 SURVIVES
prewhiten_fixed ar20 MMI xtx+yty ts_demean W60 sensitivity            DiD -0.0035 [-0.0065, -0.0005] p=0.0537 neg 10/14 | phase p=0.0410 | DMT -0.0047 (p=0.007) PCB -0.0012 (p=0.156) placebo share -0.35 | FD DiD +0.0191 (p=0.108) | FD-resid -0.0037 [-0.0063, -0.0013] p=0.0150 11/14 SURVIVES
prewhiten_fixed ar20 MMI xtx+yty ts_demean W60 early                  DiD -0.0046 [-0.0078, -0.0012] p=0.0261 neg 10/14 | phase p=0.0170 | DMT -0.0063 (p=0.002) PCB -0.0017 (p=0.068) placebo share -0.36 | FD DiD +0.0366 (p=0.010) | FD-resid -0.0048 [-0.0074, -0.0020] p=0.0072 11/14 SURVIVES
prewhiten_fixed ar20 MMI xtx+yty ts_demean W60 late                   DiD -0.0031 [-0.0065, +0.0003] p=0.1108 neg 9/14 | phase p=0.0999 | DMT -0.0037 (p=0.033) PCB -0.0007 (p=0.477) placebo share -0.21 | FD DiD -0.0034 (p=0.807) | FD-resid -0.0036 [-0.0072, -0.0003] p=0.0641 9/14 SURVIVES
prewhiten_fixed ar20 MMI xtx+yty ts_demean W60 trend_a_placebo_line   DiD -0.0048 [-0.0078, -0.0018] p=0.0089 neg 10/14
prewhiten_fixed ar20 MMI xtx+yty ts_demean W60 trend_b_shared_slope   DiD -0.0055 [-0.0086, -0.0025] p=0.0051 neg 11/14
prewhiten_fixed ar20 CCS sts ts_demean W60 primary                DiD -0.0134 [-0.0208, -0.0057] p=0.0076 neg 11/14 | phase p=0.0030 | DMT -0.0065 (p=0.004) PCB +0.0068 (p=0.058) placebo share 0.51 | FD DiD +0.0143 (p=0.245) | FD-resid -0.0130 [-0.0187, -0.0073] p=0.0013 12/14 SURVIVES
prewhiten_fixed ar20 CCS sts ts_demean W60 sensitivity            DiD -0.0120 [-0.0196, -0.0042] p=0.0138 neg 11/14 | phase p=0.0050 | DMT -0.0066 (p=0.008) PCB +0.0054 (p=0.108) placebo share 0.45 | FD DiD +0.0191 (p=0.108) | FD-resid -0.0113 [-0.0170, -0.0054] p=0.0039 11/14 SURVIVES
prewhiten_fixed ar20 CCS sts ts_demean W60 early                  DiD -0.0181 [-0.0276, -0.0081] p=0.0055 neg 11/14 | phase p=0.0010 | DMT -0.0074 (p=0.003) PCB +0.0106 (p=0.014) placebo share 0.59 | FD DiD +0.0366 (p=0.010) | FD-resid -0.0182 [-0.0267, -0.0099] p=0.0013 12/14 SURVIVES
prewhiten_fixed ar20 CCS sts ts_demean W60 late                   DiD -0.0096 [-0.0180, -0.0015] p=0.0466 neg 11/14 | phase p=0.0460 | DMT -0.0058 (p=0.031) PCB +0.0038 (p=0.330) placebo share 0.39 | FD DiD -0.0034 (p=0.807) | FD-resid -0.0089 [-0.0149, -0.0033] p=0.0122 9/14 SURVIVES
prewhiten_fixed ar20 CCS sts ts_demean W60 trend_a_placebo_line   DiD -0.0124 [-0.0196, -0.0053] p=0.0072 neg 11/14
prewhiten_fixed ar20 CCS sts ts_demean W60 trend_b_shared_slope   DiD -0.0124 [-0.0194, -0.0056] p=0.0045 neg 11/14
prewhiten_fixed ar20 autocorr ts_demean W60 primary                DiD -0.0691 [-0.1238, -0.0173] p=0.0245 neg 10/14 | phase p=0.0150 | DMT -0.0761 (p=0.001) PCB -0.0070 (p=0.668) placebo share -0.10 | FD DiD +0.0143 (p=0.245) | FD-resid -0.0758 [-0.1262, -0.0282] p=0.0128 10/14 SURVIVES
prewhiten_fixed ar20 autocorr ts_demean W60 sensitivity            DiD -0.0615 [-0.1136, -0.0118] p=0.0378 neg 10/14 | phase p=0.0200 | DMT -0.0731 (p=0.002) PCB -0.0116 (p=0.465) placebo share -0.19 | FD DiD +0.0191 (p=0.108) | FD-resid -0.0674 [-0.1135, -0.0218] p=0.0176 10/14 SURVIVES
prewhiten_fixed ar20 autocorr ts_demean W60 early                  DiD -0.0820 [-0.1303, -0.0338] p=0.0074 neg 12/14 | phase p=0.0030 | DMT -0.0931 (p=0.000) PCB -0.0111 (p=0.505) placebo share -0.14 | FD DiD +0.0366 (p=0.010) | FD-resid -0.0900 [-0.1359, -0.0442] p=0.0028 12/14 SURVIVES
prewhiten_fixed ar20 autocorr ts_demean W60 late                   DiD -0.0588 [-0.1257, +0.0044] p=0.1144 neg 10/14 | phase p=0.0500 | DMT -0.0626 (p=0.015) PCB -0.0038 (p=0.835) placebo share -0.06 | FD DiD -0.0034 (p=0.807) | FD-resid -0.0645 [-0.1230, -0.0052] p=0.0621 10/14 SURVIVES
prewhiten_fixed ar20 autocorr ts_demean W60 trend_a_placebo_line   DiD -0.0832 [-0.1359, -0.0345] p=0.0071 neg 10/14
prewhiten_fixed ar20 autocorr ts_demean W60 trend_b_shared_slope   DiD -0.0928 [-0.1386, -0.0476] p=0.0029 neg 11/14
prewhiten_fixed ar20 diag observed sts ts_demean W60 primary                DiD -0.0200 [-0.0293, -0.0114] p=0.0006 neg 13/14 | phase p=0.0010 | DMT -0.0035 (p=0.341) PCB +0.0165 (p=0.000) placebo share 0.82 | FD DiD +0.0143 (p=0.245) | FD-resid -0.0181 [-0.0270, -0.0096] p=0.0013 12/14 SURVIVES
prewhiten_fixed ar20 diag observed sts ts_demean W60 sensitivity            DiD -0.0181 [-0.0269, -0.0096] p=0.0011 neg 12/14 | phase p=0.0010 | DMT -0.0045 (p=0.202) PCB +0.0136 (p=0.001) placebo share 0.75 | FD DiD +0.0191 (p=0.108) | FD-resid -0.0157 [-0.0245, -0.0073] p=0.0040 12/14 SURVIVES
prewhiten_fixed ar20 diag observed sts ts_demean W60 early                  DiD -0.0263 [-0.0380, -0.0154] p=0.0004 neg 13/14 | phase p=0.0010 | DMT -0.0033 (p=0.381) PCB +0.0230 (p=0.000) placebo share 0.87 | FD DiD +0.0366 (p=0.010) | FD-resid -0.0253 [-0.0367, -0.0150] p=0.0002 13/14 SURVIVES
prewhiten_fixed ar20 diag observed sts ts_demean W60 late                   DiD -0.0150 [-0.0243, -0.0060] p=0.0082 neg 12/14 | phase p=0.0130 | DMT -0.0037 (p=0.364) PCB +0.0113 (p=0.007) placebo share 0.75 | FD DiD -0.0034 (p=0.807) | FD-resid -0.0123 [-0.0206, -0.0042] p=0.0139 11/14 SURVIVES
prewhiten_fixed ar20 diag observed sts ts_demean W60 trend_a_placebo_line   DiD -0.0154 [-0.0245, -0.0067] p=0.0043 neg 11/14
prewhiten_fixed ar20 diag observed sts ts_demean W60 trend_b_shared_slope   DiD -0.0133 [-0.0228, -0.0044] p=0.0165 neg 10/14
prewhiten_fixed ar20 diag predicted sts ts_demean W60 primary                DiD -0.0010 [-0.0028, +0.0008] p=0.3086 neg 9/14 | DMT -0.0013 (p=0.341) PCB -0.0003 (p=0.653) placebo share -0.31 | FD DiD +0.0143 (p=0.245) | FD-resid -0.0014 [-0.0037, +0.0008] p=0.2616 10/14 does NOT survive
prewhiten_fixed ar20 diag predicted sts ts_demean W60 sensitivity            DiD -0.0011 [-0.0028, +0.0008] p=0.2950 neg 8/14 | DMT -0.0013 (p=0.356) PCB -0.0003 (p=0.684) placebo share -0.28 | FD DiD +0.0191 (p=0.108) | FD-resid -0.0014 [-0.0035, +0.0006] p=0.2332 10/14 does NOT survive
prewhiten_fixed ar20 diag predicted sts ts_demean W60 early                  DiD -0.0003 [-0.0024, +0.0016] p=0.7504 neg 7/14 | DMT -0.0010 (p=0.539) PCB -0.0006 (p=0.466) placebo share -1.84 | FD DiD +0.0366 (p=0.010) | FD-resid -0.0005 [-0.0028, +0.0015] p=0.6416 6/14 does NOT survive
prewhiten_fixed ar20 diag predicted sts ts_demean W60 late                   DiD -0.0016 [-0.0035, +0.0005] p=0.1538 neg 9/14 | DMT -0.0017 (p=0.224) PCB -0.0001 (p=0.928) placebo share -0.05 | FD DiD -0.0034 (p=0.807) | FD-resid -0.0021 [-0.0047, +0.0004] p=0.1285 10/14 does NOT survive
prewhiten_fixed ar20 diag predicted sts ts_demean W60 trend_a_placebo_line   DiD -0.0011 [-0.0031, +0.0009] p=0.3370 neg 8/14
prewhiten_fixed ar20 diag predicted sts ts_demean W60 trend_b_shared_slope   DiD -0.0009 [-0.0031, +0.0012] p=0.4773 neg 6/14
prewhiten_fixed ar20 diag residual sts ts_demean W60 primary                DiD -0.0190 [-0.0274, -0.0108] p=0.0009 neg 13/14 | phase p=0.0010 | DMT -0.0022 (p=0.526) PCB +0.0168 (p=0.000) placebo share 0.88 | FD DiD +0.0143 (p=0.245) | FD-resid -0.0166 [-0.0257, -0.0079] p=0.0028 12/14 SURVIVES
prewhiten_fixed ar20 diag residual sts ts_demean W60 sensitivity            DiD -0.0171 [-0.0250, -0.0092] p=0.0012 neg 13/14 | phase p=0.0020 | DMT -0.0032 (p=0.324) PCB +0.0139 (p=0.001) placebo share 0.81 | FD DiD +0.0191 (p=0.108) | FD-resid -0.0143 [-0.0230, -0.0059] p=0.0072 12/14 SURVIVES
prewhiten_fixed ar20 diag residual sts ts_demean W60 early                  DiD -0.0259 [-0.0376, -0.0154] p=0.0004 neg 13/14 | phase p=0.0010 | DMT -0.0024 (p=0.490) PCB +0.0236 (p=0.000) placebo share 0.91 | FD DiD +0.0366 (p=0.010) | FD-resid -0.0247 [-0.0366, -0.0143] p=0.0002 13/14 SURVIVES
prewhiten_fixed ar20 diag residual sts ts_demean W60 late                   DiD -0.0134 [-0.0217, -0.0052] p=0.0103 neg 11/14 | phase p=0.0340 | DMT -0.0021 (p=0.672) PCB +0.0113 (p=0.014) placebo share 0.85 | FD DiD -0.0034 (p=0.807) | FD-resid -0.0102 [-0.0184, -0.0019] p=0.0415 11/14 SURVIVES
prewhiten_fixed ar20 diag residual sts ts_demean W60 trend_a_placebo_line   DiD -0.0143 [-0.0224, -0.0066] p=0.0032 neg 12/14
prewhiten_fixed ar20 diag residual sts ts_demean W60 trend_b_shared_slope   DiD -0.0124 [-0.0211, -0.0046] p=0.0110 neg 11/14
prewhiten_fixed ar20 MMI sts ts_demean global-bins primary                DiD -0.0219 [-0.0374, -0.0049] p=0.0248 neg 13/14 | phase p=0.0010 | DMT +0.0085 (p=0.430) PCB +0.0304 (p=0.000) placebo share 1.39 | FD DiD +0.0143 (p=0.245) | FD-resid -0.0177 [-0.0337, -0.0006] p=0.0651 12/14 SURVIVES
prewhiten_fixed ar20 MMI sts ts_demean global-bins sensitivity            DiD -0.0213 [-0.0363, -0.0047] p=0.0272 neg 13/14 | phase p=0.0010 | DMT +0.0075 (p=0.544) PCB +0.0288 (p=0.000) placebo share 1.35 | FD DiD +0.0174 (p=0.155) | FD-resid -0.0169 [-0.0325, -0.0003] p=0.0732 11/14 SURVIVES
prewhiten_fixed ar20 MMI sts ts_demean global-bins early                  DiD -0.0274 [-0.0449, -0.0092] p=0.0121 neg 13/14 | phase p=0.0010 | DMT +0.0091 (p=0.343) PCB +0.0365 (p=0.000) placebo share 1.33 | FD DiD +0.0366 (p=0.010) | FD-resid -0.0257 [-0.0433, -0.0081] p=0.0154 12/14 SURVIVES
prewhiten_fixed ar20 MMI sts ts_demean global-bins late                   DiD -0.0175 [-0.0323, -0.0010] p=0.0582 neg 12/14 | phase p=0.0130 | DMT +0.0080 (p=0.533) PCB +0.0255 (p=0.000) placebo share 1.45 | FD DiD -0.0034 (p=0.807) | FD-resid -0.0113 [-0.0265, +0.0051] p=0.2085 10/14 does NOT survive
prewhiten_fixed ar20 MMI sts ts_demean global-bins trend_a_placebo_line   DiD -0.0152 [-0.0295, +0.0015] p=0.0923 neg 11/14
prewhiten_fixed ar20 MMI sts ts_demean global-bins trend_b_shared_slope   DiD -0.0134 [-0.0277, +0.0018] p=0.1118 neg 11/14
prewhiten_fixed ar20 MMI xtx+yty ts_demean global-bins primary                DiD +0.0001 [-0.0002, +0.0005] p=0.5364 neg 5/14 | phase p=0.6264 | DMT +0.0000 (p=0.952) PCB -0.0001 (p=0.460) placebo share 0.91 | FD DiD +0.0143 (p=0.245) | FD-resid +0.0001 [-0.0002, +0.0004] p=0.4734 6/14 does NOT survive
prewhiten_fixed ar20 MMI xtx+yty ts_demean global-bins sensitivity            DiD +0.0001 [-0.0003, +0.0004] p=0.5826 neg 6/14 | phase p=0.6713 | DMT +0.0000 (p=0.990) PCB -0.0001 (p=0.477) placebo share 0.98 | FD DiD +0.0174 (p=0.155) | FD-resid +0.0001 [-0.0002, +0.0004] p=0.4645 6/14 does NOT survive
prewhiten_fixed ar20 MMI xtx+yty ts_demean global-bins early                  DiD -0.0000 [-0.0004, +0.0004] p=0.9263 neg 6/14 | phase p=0.9461 | DMT -0.0002 (p=0.237) PCB -0.0002 (p=0.275) placebo share -10.19 | FD DiD +0.0366 (p=0.010) | FD-resid +0.0000 [-0.0004, +0.0004] p=0.9261 7/14 does NOT survive
prewhiten_fixed ar20 MMI xtx+yty ts_demean global-bins late                   DiD +0.0002 [-0.0002, +0.0007] p=0.4149 neg 6/14 | phase p=0.3636 | DMT +0.0002 (p=0.399) PCB -0.0000 (p=0.860) placebo share 0.09 | FD DiD -0.0034 (p=0.807) | FD-resid +0.0002 [-0.0002, +0.0006] p=0.3777 6/14 does NOT survive
prewhiten_fixed ar20 MMI xtx+yty ts_demean global-bins trend_a_placebo_line   DiD -0.0000 [-0.0004, +0.0003] p=0.8524 neg 8/14
prewhiten_fixed ar20 MMI xtx+yty ts_demean global-bins trend_b_shared_slope   DiD -0.0002 [-0.0005, +0.0002] p=0.3668 neg 8/14
prewhiten_fixed ar20 CCS sts ts_demean global-bins primary                DiD -0.0127 [-0.0235, -0.0005] p=0.0583 neg 13/14 | phase p=0.0020 | DMT +0.0075 (p=0.223) PCB +0.0201 (p=0.000) placebo share 1.59 | FD DiD +0.0143 (p=0.245) | FD-resid -0.0102 [-0.0219, +0.0025] p=0.1456 12/14 does NOT survive
prewhiten_fixed ar20 CCS sts ts_demean global-bins sensitivity            DiD -0.0123 [-0.0231, -0.0005] p=0.0626 neg 13/14 | phase p=0.0020 | DMT +0.0070 (p=0.275) PCB +0.0194 (p=0.000) placebo share 1.57 | FD DiD +0.0174 (p=0.155) | FD-resid -0.0098 [-0.0212, +0.0027] p=0.1516 12/14 does NOT survive
prewhiten_fixed ar20 CCS sts ts_demean global-bins early                  DiD -0.0149 [-0.0277, -0.0008] p=0.0570 neg 12/14 | phase p=0.0010 | DMT +0.0085 (p=0.126) PCB +0.0234 (p=0.000) placebo share 1.57 | FD DiD +0.0366 (p=0.010) | FD-resid -0.0146 [-0.0276, -0.0009] p=0.0640 13/14 SURVIVES
prewhiten_fixed ar20 CCS sts ts_demean global-bins late                   DiD -0.0108 [-0.0206, -0.0002] p=0.0692 neg 12/14 | phase p=0.0080 | DMT +0.0066 (p=0.359) PCB +0.0174 (p=0.000) placebo share 1.61 | FD DiD -0.0034 (p=0.807) | FD-resid -0.0068 [-0.0176, +0.0049] p=0.2686 10/14 does NOT survive
prewhiten_fixed ar20 CCS sts ts_demean global-bins trend_a_placebo_line   DiD -0.0091 [-0.0191, +0.0025] p=0.1356 neg 12/14
prewhiten_fixed ar20 CCS sts ts_demean global-bins trend_b_shared_slope   DiD -0.0085 [-0.0185, +0.0019] p=0.1421 neg 10/14
prewhiten_fixed ar20 autocorr ts_demean global-bins primary                DiD -0.0652 [-0.1297, -0.0071] p=0.0674 neg 10/14 | phase p=0.0210 | DMT -0.0800 (p=0.002) PCB -0.0148 (p=0.384) placebo share -0.23 | FD DiD +0.0143 (p=0.245) | FD-resid -0.0756 [-0.1328, -0.0209] p=0.0239 10/14 SURVIVES
prewhiten_fixed ar20 autocorr ts_demean global-bins sensitivity            DiD -0.0662 [-0.1299, -0.0040] p=0.0630 neg 10/14 | phase p=0.0180 | DMT -0.0820 (p=0.001) PCB -0.0158 (p=0.344) placebo share -0.24 | FD DiD +0.0174 (p=0.155) | FD-resid -0.0771 [-0.1334, -0.0213] p=0.0214 10/14 SURVIVES
prewhiten_fixed ar20 autocorr ts_demean global-bins early                  DiD -0.0723 [-0.1300, -0.0175] p=0.0256 neg 11/14 | phase p=0.0200 | DMT -0.0937 (p=0.001) PCB -0.0215 (p=0.207) placebo share -0.30 | FD DiD +0.0366 (p=0.010) | FD-resid -0.0856 [-0.1386, -0.0360] p=0.0066 11/14 SURVIVES
prewhiten_fixed ar20 autocorr ts_demean global-bins late                   DiD -0.0595 [-0.1364, +0.0133] p=0.1641 neg 9/14 | phase p=0.0500 | DMT -0.0690 (p=0.019) PCB -0.0095 (p=0.621) placebo share -0.16 | FD DiD -0.0034 (p=0.807) | FD-resid -0.0677 [-0.1350, +0.0008] p=0.0811 10/14 does NOT survive
prewhiten_fixed ar20 autocorr ts_demean global-bins trend_a_placebo_line   DiD -0.0849 [-0.1474, -0.0261] p=0.0173 neg 10/14
prewhiten_fixed ar20 autocorr ts_demean global-bins trend_b_shared_slope   DiD -0.0961 [-0.1509, -0.0426] p=0.0045 neg 11/14
# The atoms and the DMT contrast after prewhitening at fixed orders (partB16c_prewhiten_fixed.py)
git=13e7299

Whitening per region and run: 'ar10' = residuals of the region's AR(10) fit, 'ar20' = of its AR(20) fit (B16's ar_fit, the order fixed). The first p TRs of each run are dropped (non-finite). Atoms as partB2_ccs_run.py (MMI: PairPhiID.atoms_mean / atoms_bins; CCS: atoms_ccs, phyid's mask); inference as the primary (rev_inference.Engine, seed 20261120); the diagnostic as partB4 (per-pair AR(1) prediction from the whitened window's a_x, a_y, q). Level = DMT pre-injection (windows 1–4; bins 1–8); DiD = post minus pre, DMT minus placebo.

## ar10 ts_gsr W60: sixteen atoms, DMT pre-injection level and primary DiD, MMI and CCS (nats)

| atom | MMI level | MMI DiD (neg/14) | CCS level | CCS DiD (neg/14) |
|---|---|---|---|---|
| rtr | +0.0062 | -0.0003 (9) | +0.0077 | +0.0008 (5) |
| rtx | +0.0105 | +0.0000 (7) | +0.0052 | +0.0004 (6) |
| rty | +0.0098 | -0.0006 (7) | +0.0047 | -0.0010 (11) |
| rts | +0.0271 | -0.0043 (9) | -0.0064 | +0.0009 (6) |
| xtr | +0.0099 | +0.0002 (7) | +0.0052 | +0.0001 (6) |
| xtx | +0.0296 | -0.0134 (12) | +0.0381 | -0.0148 (13) |
| xty | +0.0171 | +0.0048 (5) | +0.0252 | +0.0040 (6) |
| xts | -0.0015 | +0.0001 (6) | +0.0289 | -0.0040 (11) |
| ytr | +0.0102 | -0.0008 (10) | +0.0056 | -0.0012 (11) |
| ytx | +0.0205 | +0.0055 (6) | +0.0290 | +0.0044 (7) |
| yty | +0.0259 | -0.0095 (11) | +0.0340 | -0.0098 (12) |
| yts | -0.0017 | +0.0036 (3) | +0.0288 | -0.0009 (11) |
| str | +0.0269 | -0.0042 (10) | -0.0058 | +0.0009 (6) |
| stx | +0.0031 | -0.0013 (8) | +0.0319 | -0.0048 (13) |
| sty | -0.0007 | +0.0032 (4) | +0.0285 | -0.0010 (10) |
| sts | +0.0866 | -0.0191 (13) | +0.0188 | -0.0100 (13) |
| TDMI (sum) | +0.2794 | -0.0361 | +0.2794 | -0.0361 |

Whitened series: mean lag-1 autocorrelation, DMT pre-injection +0.1368; its DiD -0.0733 (raw series -0.0146); per subject r(MMI sts DiD, whitened autocorrelation DiD) = +0.445; r(MMI sts DiD, raw autocorrelation DiD) = +0.594; r(MMI sts DiD whitened, MMI sts DiD raw) = +0.631; raw MMI sts DiD -0.0809.
Diagnostic on the whitened series (W = 60): observed sts level 0.0861, predicted 0.0296, residual +0.0564; DiD observed -0.0191, predicted -0.0100, residual -0.0091 (negative in 11/14).

## ar10 ts_gsr global-bins: sixteen atoms, DMT pre-injection level and primary DiD, MMI and CCS (nats)

| atom | MMI level | MMI DiD (neg/14) | CCS level | CCS DiD (neg/14) |
|---|---|---|---|---|
| rtr | +0.0017 | +0.0001 (7) | +0.0018 | +0.0005 (6) |
| rtx | +0.0044 | -0.0007 (8) | +0.0013 | +0.0004 (5) |
| rty | +0.0046 | -0.0008 (11) | +0.0019 | -0.0004 (9) |
| rts | +0.0216 | -0.0045 (10) | -0.0082 | +0.0026 (1) |
| xtr | +0.0037 | -0.0004 (8) | +0.0018 | +0.0003 (7) |
| xtx | +0.0237 | -0.0104 (10) | +0.0285 | -0.0127 (11) |
| xty | +0.0135 | +0.0045 (6) | +0.0180 | +0.0030 (7) |
| xts | -0.0038 | -0.0023 (9) | +0.0244 | -0.0082 (14) |
| ytr | +0.0043 | -0.0008 (11) | +0.0024 | -0.0003 (9) |
| ytx | +0.0163 | +0.0060 (6) | +0.0212 | +0.0040 (7) |
| yty | +0.0193 | -0.0056 (9) | +0.0238 | -0.0070 (11) |
| yts | -0.0049 | +0.0024 (7) | +0.0232 | -0.0037 (12) |
| str | +0.0203 | -0.0040 (10) | -0.0072 | +0.0024 (2) |
| stx | -0.0002 | -0.0041 (10) | +0.0244 | -0.0090 (13) |
| sty | -0.0039 | +0.0019 (6) | +0.0210 | -0.0037 (12) |
| sts | +0.0730 | -0.0212 (12) | +0.0155 | -0.0082 (10) |
| TDMI (sum) | +0.1937 | -0.0399 | +0.1937 | -0.0399 |

Whitened series: mean lag-1 autocorrelation, DMT pre-injection +0.1819; its DiD -0.1032 (raw series -0.4580); per subject r(MMI sts DiD, whitened autocorrelation DiD) = +0.570; r(MMI sts DiD, raw autocorrelation DiD) = +0.785; r(MMI sts DiD whitened, MMI sts DiD raw) = +0.378; raw MMI sts DiD -0.0801.

## ar10 ts_demean W60: sixteen atoms, DMT pre-injection level and primary DiD, MMI and CCS (nats)

| atom | MMI level | MMI DiD (neg/14) | CCS level | CCS DiD (neg/14) |
|---|---|---|---|---|
| rtr | +0.0056 | +0.0003 (6) | +0.0081 | +0.0018 (5) |
| rtx | +0.0084 | +0.0007 (5) | +0.0037 | +0.0003 (5) |
| rty | +0.0080 | -0.0008 (11) | +0.0031 | -0.0019 (11) |
| rts | +0.0249 | -0.0042 (12) | -0.0079 | +0.0022 (5) |
| xtr | +0.0085 | +0.0013 (6) | +0.0043 | +0.0005 (9) |
| xtx | +0.0120 | -0.0076 (11) | +0.0184 | -0.0079 (12) |
| xty | +0.0234 | -0.0016 (8) | +0.0300 | -0.0012 (9) |
| xts | -0.0005 | -0.0000 (7) | +0.0305 | -0.0057 (13) |
| ytr | +0.0082 | -0.0005 (8) | +0.0039 | -0.0015 (10) |
| ytx | +0.0212 | +0.0004 (7) | +0.0278 | +0.0002 (8) |
| yty | +0.0134 | -0.0049 (8) | +0.0201 | -0.0043 (8) |
| yts | -0.0007 | +0.0032 (6) | +0.0302 | -0.0027 (11) |
| str | +0.0246 | -0.0036 (12) | -0.0076 | +0.0033 (1) |
| stx | -0.0000 | -0.0002 (6) | +0.0299 | -0.0060 (13) |
| sty | +0.0029 | +0.0045 (4) | +0.0327 | -0.0020 (11) |
| sts | +0.1075 | -0.0256 (13) | +0.0400 | -0.0138 (11) |
| TDMI (sum) | +0.2674 | -0.0386 | +0.2674 | -0.0386 |

Whitened series: mean lag-1 autocorrelation, DMT pre-injection +0.0739; its DiD -0.0626 (raw series -0.0216); per subject r(MMI sts DiD, whitened autocorrelation DiD) = +0.168; r(MMI sts DiD, raw autocorrelation DiD) = +0.556; r(MMI sts DiD whitened, MMI sts DiD raw) = +0.644; raw MMI sts DiD -0.1031.
Diagnostic on the whitened series (W = 60): observed sts level 0.1160, predicted 0.0183, residual +0.0977; DiD observed -0.0256, predicted -0.0044, residual -0.0212 (negative in 12/14).

## ar10 ts_demean global-bins: sixteen atoms, DMT pre-injection level and primary DiD, MMI and CCS (nats)

| atom | MMI level | MMI DiD (neg/14) | CCS level | CCS DiD (neg/14) |
|---|---|---|---|---|
| rtr | +0.0011 | -0.0002 (7) | +0.0008 | -0.0010 (10) |
| rtx | +0.0026 | -0.0001 (6) | +0.0020 | +0.0012 (4) |
| rty | +0.0028 | -0.0004 (9) | +0.0018 | +0.0004 (6) |
| rts | +0.0240 | -0.0059 (12) | -0.0092 | +0.0011 (4) |
| xtr | +0.0022 | +0.0001 (8) | +0.0023 | +0.0011 (8) |
| xtx | +0.0092 | -0.0060 (9) | +0.0100 | -0.0075 (11) |
| xty | +0.0219 | -0.0019 (8) | +0.0230 | -0.0029 (10) |
| xts | -0.0071 | -0.0007 (9) | +0.0259 | -0.0075 (13) |
| ytr | +0.0020 | +0.0002 (9) | +0.0024 | +0.0009 (5) |
| ytx | +0.0195 | +0.0003 (8) | +0.0201 | -0.0010 (7) |
| yty | +0.0110 | -0.0043 (8) | +0.0118 | -0.0050 (9) |
| yts | -0.0083 | +0.0038 (5) | +0.0251 | -0.0033 (9) |
| str | +0.0213 | -0.0045 (12) | -0.0088 | +0.0019 (3) |
| stx | -0.0060 | -0.0015 (8) | +0.0231 | -0.0074 (11) |
| sty | -0.0046 | +0.0038 (5) | +0.0243 | -0.0026 (9) |
| sts | +0.1014 | -0.0329 (13) | +0.0383 | -0.0188 (13) |
| TDMI (sum) | +0.1929 | -0.0503 | +0.1929 | -0.0503 |

Whitened series: mean lag-1 autocorrelation, DMT pre-injection +0.1033; its DiD -0.0634 (raw series -0.3846); per subject r(MMI sts DiD, whitened autocorrelation DiD) = +0.014; r(MMI sts DiD, raw autocorrelation DiD) = +0.403; r(MMI sts DiD whitened, MMI sts DiD raw) = +0.721; raw MMI sts DiD -0.1035.

## ar20 ts_gsr W60: sixteen atoms, DMT pre-injection level and primary DiD, MMI and CCS (nats)

| atom | MMI level | MMI DiD (neg/14) | CCS level | CCS DiD (neg/14) |
|---|---|---|---|---|
| rtr | +0.0034 | -0.0002 (7) | +0.0035 | +0.0021 (4) |
| rtx | +0.0059 | -0.0001 (7) | +0.0031 | +0.0005 (6) |
| rty | +0.0051 | -0.0004 (8) | +0.0027 | -0.0008 (9) |
| rts | +0.0181 | -0.0013 (8) | -0.0042 | +0.0015 (3) |
| xtr | +0.0056 | -0.0003 (7) | +0.0030 | +0.0000 (7) |
| xtx | +0.0023 | -0.0034 (11) | +0.0076 | -0.0066 (13) |
| xty | +0.0259 | +0.0070 (2) | +0.0308 | +0.0048 (4) |
| xts | +0.0022 | -0.0038 (11) | +0.0220 | -0.0040 (12) |
| ytr | +0.0055 | -0.0004 (6) | +0.0030 | -0.0005 (9) |
| ytx | +0.0307 | +0.0080 (3) | +0.0358 | +0.0052 (4) |
| yty | +0.0017 | -0.0025 (11) | +0.0064 | -0.0043 (12) |
| yts | +0.0030 | -0.0005 (8) | +0.0230 | -0.0012 (9) |
| str | +0.0178 | -0.0012 (7) | -0.0042 | +0.0012 (1) |
| stx | +0.0048 | -0.0052 (11) | +0.0241 | -0.0047 (12) |
| sty | +0.0011 | -0.0014 (9) | +0.0209 | -0.0019 (10) |
| sts | +0.0719 | -0.0127 (13) | +0.0274 | -0.0098 (13) |
| TDMI (sum) | +0.2050 | -0.0184 | +0.2050 | -0.0184 |

Whitened series: mean lag-1 autocorrelation, DMT pre-injection +0.0524; its DiD -0.0927 (raw series -0.0146); per subject r(MMI sts DiD, whitened autocorrelation DiD) = +0.333; r(MMI sts DiD, raw autocorrelation DiD) = +0.650; r(MMI sts DiD whitened, MMI sts DiD raw) = +0.677; raw MMI sts DiD -0.0809.
Diagnostic on the whitened series (W = 60): observed sts level 0.0705, predicted 0.0080, residual +0.0624; DiD observed -0.0127, predicted -0.0037, residual -0.0090 (negative in 12/14).

## ar20 ts_gsr global-bins: sixteen atoms, DMT pre-injection level and primary DiD, MMI and CCS (nats)

| atom | MMI level | MMI DiD (neg/14) | CCS level | CCS DiD (neg/14) |
|---|---|---|---|---|
| rtr | +0.0001 | +0.0001 (7) | -0.0018 | +0.0009 (6) |
| rtx | +0.0004 | -0.0002 (10) | +0.0009 | +0.0010 (2) |
| rty | +0.0003 | -0.0001 (6) | +0.0010 | +0.0006 (2) |
| rts | +0.0167 | -0.0034 (11) | -0.0049 | +0.0015 (0) |
| xtr | +0.0004 | -0.0002 (9) | +0.0010 | +0.0008 (3) |
| xtx | -0.0003 | +0.0002 (4) | +0.0005 | -0.0028 (12) |
| xty | +0.0243 | +0.0072 (5) | +0.0249 | +0.0048 (5) |
| xts | -0.0017 | -0.0044 (7) | +0.0186 | -0.0075 (11) |
| ytr | +0.0003 | -0.0000 (6) | +0.0009 | +0.0008 (5) |
| ytx | +0.0286 | +0.0083 (5) | +0.0295 | +0.0055 (5) |
| yty | -0.0002 | +0.0000 (8) | +0.0004 | -0.0022 (9) |
| yts | -0.0022 | +0.0001 (6) | +0.0181 | -0.0032 (8) |
| str | +0.0158 | -0.0027 (11) | -0.0049 | +0.0012 (3) |
| stx | +0.0006 | -0.0069 (11) | +0.0198 | -0.0088 (11) |
| sty | -0.0035 | -0.0015 (7) | +0.0160 | -0.0040 (11) |
| sts | +0.0687 | -0.0168 (14) | +0.0283 | -0.0088 (14) |
| TDMI (sum) | +0.1482 | -0.0202 | +0.1482 | -0.0202 |

Whitened series: mean lag-1 autocorrelation, DMT pre-injection +0.0749; its DiD -0.0963 (raw series -0.4580); per subject r(MMI sts DiD, whitened autocorrelation DiD) = +0.081; r(MMI sts DiD, raw autocorrelation DiD) = +0.441; r(MMI sts DiD whitened, MMI sts DiD raw) = +0.565; raw MMI sts DiD -0.0801.

## ar20 ts_demean W60: sixteen atoms, DMT pre-injection level and primary DiD, MMI and CCS (nats)

| atom | MMI level | MMI DiD (neg/14) | CCS level | CCS DiD (neg/14) |
|---|---|---|---|---|
| rtr | +0.0032 | +0.0005 (6) | +0.0033 | +0.0025 (6) |
| rtx | +0.0049 | +0.0007 (5) | +0.0031 | +0.0003 (6) |
| rty | +0.0048 | -0.0002 (9) | +0.0030 | -0.0012 (11) |
| rts | +0.0172 | -0.0022 (12) | -0.0060 | +0.0016 (4) |
| xtr | +0.0054 | +0.0005 (7) | +0.0036 | -0.0001 (10) |
| xtx | +0.0020 | -0.0024 (10) | +0.0055 | -0.0035 (10) |
| xty | +0.0248 | +0.0006 (6) | +0.0282 | +0.0002 (9) |
| xts | +0.0064 | -0.0022 (11) | +0.0278 | -0.0046 (13) |
| ytr | +0.0046 | -0.0002 (7) | +0.0030 | -0.0012 (11) |
| ytx | +0.0202 | +0.0015 (5) | +0.0235 | +0.0009 (5) |
| yty | +0.0012 | -0.0013 (9) | +0.0045 | -0.0013 (9) |
| yts | +0.0026 | +0.0011 (7) | +0.0242 | -0.0017 (11) |
| str | +0.0170 | -0.0027 (12) | -0.0063 | +0.0022 (4) |
| stx | +0.0028 | -0.0010 (9) | +0.0244 | -0.0042 (12) |
| sty | +0.0054 | +0.0026 (7) | +0.0271 | -0.0012 (11) |
| sts | +0.0978 | -0.0200 (13) | +0.0512 | -0.0134 (11) |
| TDMI (sum) | +0.2202 | -0.0247 | +0.2202 | -0.0247 |

Whitened series: mean lag-1 autocorrelation, DMT pre-injection +0.0323; its DiD -0.0691 (raw series -0.0216); per subject r(MMI sts DiD, whitened autocorrelation DiD) = +0.157; r(MMI sts DiD, raw autocorrelation DiD) = +0.585; r(MMI sts DiD whitened, MMI sts DiD raw) = +0.667; raw MMI sts DiD -0.1031.
Diagnostic on the whitened series (W = 60): observed sts level 0.1074, predicted 0.0074, residual +0.1000; DiD observed -0.0200, predicted -0.0010, residual -0.0190 (negative in 13/14).

## ar20 ts_demean global-bins: sixteen atoms, DMT pre-injection level and primary DiD, MMI and CCS (nats)

| atom | MMI level | MMI DiD (neg/14) | CCS level | CCS DiD (neg/14) |
|---|---|---|---|---|
| rtr | -0.0000 | +0.0002 (4) | -0.0047 | -0.0003 (9) |
| rtx | +0.0002 | -0.0001 (9) | +0.0040 | +0.0013 (2) |
| rty | +0.0001 | +0.0000 (7) | +0.0038 | +0.0011 (4) |
| rts | +0.0166 | -0.0035 (11) | -0.0085 | +0.0003 (5) |
| xtr | +0.0002 | -0.0002 (9) | +0.0040 | +0.0008 (5) |
| xtx | -0.0002 | +0.0002 (5) | -0.0030 | -0.0017 (10) |
| xty | +0.0244 | +0.0002 (7) | +0.0216 | -0.0013 (8) |
| xts | +0.0004 | -0.0022 (9) | +0.0246 | -0.0055 (9) |
| ytr | +0.0001 | +0.0000 (7) | +0.0040 | +0.0010 (4) |
| ytx | +0.0193 | +0.0015 (5) | +0.0163 | -0.0003 (7) |
| yty | -0.0001 | -0.0000 (8) | -0.0030 | -0.0015 (11) |
| yts | -0.0033 | +0.0015 (7) | +0.0210 | -0.0018 (9) |
| str | +0.0157 | -0.0043 (11) | -0.0086 | +0.0007 (4) |
| stx | -0.0031 | -0.0008 (9) | +0.0203 | -0.0049 (10) |
| sty | -0.0015 | +0.0037 (6) | +0.0218 | -0.0007 (7) |
| sts | +0.0923 | -0.0219 (13) | +0.0476 | -0.0127 (13) |
| TDMI (sum) | +0.1613 | -0.0256 | +0.1613 | -0.0256 |

Whitened series: mean lag-1 autocorrelation, DMT pre-injection +0.0521; its DiD -0.0652 (raw series -0.3846); per subject r(MMI sts DiD, whitened autocorrelation DiD) = -0.079; r(MMI sts DiD, raw autocorrelation DiD) = +0.220; r(MMI sts DiD whitened, MMI sts DiD raw) = +0.474; raw MMI sts DiD -0.1035.

## Reading under the rule of the pre-run entry

A remedy check, reported as such: not a finding about DMT, and the primary result (the raw MMI-sts DiD at W = 60) is unchanged by it. The predictions recorded (the whitened r₁ equal to B16b's at p = 10 and 20; the MMI-sts level falling with the order and below 0.1 nats at p = 20; the W = 60 contrast falling in magnitude with the order, with neither p below 0.05; the per-subject correlation with the whitened r₁ DiD weaker at p = 20 than at p ≤ 5) are read against the tables above in the outcome entry, beside B16's p ≤ 5 and p = 1.
done (2040s)
=== unit exit 0
