  604 (+2 heading)  Introduction
  171 (+2 heading)  Results
  635 (+8 heading)  1. The sixteen atoms in closed form
  919 (+5 heading)  2. The DMT contrast
  406 (+5 heading)  3. The regional map
  605 (+11 heading)  4. What the pairs' own autocorrelations and lag-0 correlations carry
  143 (+4 heading)  5. Lag dependence
  387 (+11 heading)  6. CCS: a near-zero synergy atom, nearly flat in r₁
  464 (+3 heading)  7. Remedies
    0 (+2 heading)  Discussion
  341 (+8 heading)  What the finding is and is not
  329 (+7 heading)  The fall of r₁ under DMT
  583 (+3 heading)  The literature
  249 (+2 heading)  Recommendations
  423 (+2 heading)  Limitations
    0 (+4 heading)  Materials and methods
   95 (+3 heading)  Ethics statement
  178 (+2 heading)  Dataset
  153 (+2 heading)  Estimator
  113 (+3 heading)  Redundancy functions
  251 (+4 heading)  The closed form
   61 (+3 heading)  Regional maps
  215 (+2 heading)  Inference
   87 (+8 heading)  The primary contrast and the exploratory analyses
  269 (+7 heading)  The AR(1)-substituted estimate and its calibration
   54 (+2 heading)  Remedies
  171 (+3 heading)  Literature search
  249 (+5 heading)  Use of AI tools
  217 (+4 heading)  Pre-registration and deviations
total with headings 8499 without 8372
