   τ = 1: subject 1/14 done (14s)
   τ = 1: subject 2/14 done (28s)
   τ = 1: subject 3/14 done (40s)
   τ = 1: subject 4/14 done (52s)
   τ = 1: subject 5/14 done (65s)
   τ = 1: subject 6/14 done (78s)
   τ = 1: subject 7/14 done (91s)
   τ = 1: subject 8/14 done (104s)
   τ = 1: subject 9/14 done (117s)
   τ = 1: subject 10/14 done (129s)
   τ = 1: subject 11/14 done (142s)
   τ = 1: subject 12/14 done (154s)
   τ = 1: subject 13/14 done (167s)
   τ = 1: subject 14/14 done (180s)
autocorr lag1 ts_gsr W60           primary                DiD -0.0146 [-0.0251, -0.0052] p=0.0106 neg 12/14 | phase p=0.0729 | DMT -0.0097 (p=0.043) PCB +0.0050 (p=0.142) placebo share 0.34 | FD DiD +0.0143 (p=0.245) | FD-resid -0.0123 [-0.0199, -0.0041] p=0.0135 12/14 SURVIVES
autocorr lag1 ts_gsr W60           sensitivity            DiD -0.0131 [-0.0231, -0.0032] p=0.0211 neg 10/14 | phase p=0.1229 | DMT -0.0099 (p=0.035) PCB +0.0032 (p=0.313) placebo share 0.24 | FD DiD +0.0191 (p=0.108) | FD-resid -0.0102 [-0.0178, -0.0018] p=0.0369 11/14 SURVIVES
autocorr lag1 ts_gsr W60           early                  DiD -0.0213 [-0.0304, -0.0125] p=0.0006 neg 13/14 | phase p=0.0250 | DMT -0.0180 (p=0.001) PCB +0.0033 (p=0.346) placebo share 0.16 | FD DiD +0.0366 (p=0.010) | FD-resid -0.0170 [-0.0241, -0.0096] p=0.0012 12/14 SURVIVES
autocorr lag1 ts_gsr W60           late                   DiD -0.0093 [-0.0214, +0.0022] p=0.1615 neg 9/14 | phase p=0.3387 | DMT -0.0030 (p=0.555) PCB +0.0063 (p=0.075) placebo share 0.67 | FD DiD -0.0034 (p=0.807) | FD-resid -0.0085 [-0.0178, +0.0018] p=0.1240 10/14 does NOT survive
autocorr lag1 ts_gsr W60           trend_a_placebo_line   DiD -0.0162 [-0.0262, -0.0069] p=0.0049 neg 12/14
autocorr lag1 ts_gsr W60           trend_b_shared_slope   DiD -0.0190 [-0.0282, -0.0103] p=0.0016 neg 13/14
sts tau1 ts_gsr W60                primary                DiD -0.0809 [-0.1261, -0.0377] p=0.0038 neg 13/14 | phase p=0.0020 | DMT -0.0485 (p=0.027) PCB +0.0324 (p=0.042) placebo share 0.40 | FD DiD +0.0143 (p=0.245) | FD-resid -0.0649 [-0.0966, -0.0289] p=0.0048 13/14 SURVIVES
sts tau1 ts_gsr W60                sensitivity            DiD -0.0733 [-0.1180, -0.0291] p=0.0070 neg 12/14 | phase p=0.0020 | DMT -0.0491 (p=0.023) PCB +0.0242 (p=0.104) placebo share 0.33 | FD DiD +0.0191 (p=0.108) | FD-resid -0.0555 [-0.0864, -0.0210] p=0.0100 13/14 SURVIVES
sts tau1 ts_gsr W60                early                  DiD -0.1029 [-0.1464, -0.0601] p=0.0009 neg 13/14 | phase p=0.0010 | DMT -0.0842 (p=0.001) PCB +0.0187 (p=0.221) placebo share 0.18 | FD DiD +0.0366 (p=0.010) | FD-resid -0.0806 [-0.1151, -0.0455] p=0.0018 12/14 SURVIVES
sts tau1 ts_gsr W60                late                   DiD -0.0633 [-0.1147, -0.0118] p=0.0337 neg 10/14 | phase p=0.0060 | DMT -0.0199 (p=0.388) PCB +0.0434 (p=0.014) placebo share 0.69 | FD DiD -0.0034 (p=0.807) | FD-resid -0.0523 [-0.0909, -0.0078] p=0.0345 11/14 SURVIVES
sts tau1 ts_gsr W60                trend_a_placebo_line   DiD -0.0890 [-0.1347, -0.0461] p=0.0021 neg 13/14
sts tau1 ts_gsr W60                trend_b_shared_slope   DiD -0.0995 [-0.1424, -0.0599] p=0.0007 neg 13/14
sts tau1 ts_gsr global-bins        primary                DiD -0.0801 [-0.1310, -0.0315] p=0.0071 neg 12/14 | phase p=0.0010 | DMT -0.0521 (p=0.045) PCB +0.0280 (p=0.047) placebo share 0.35 | FD DiD +0.0143 (p=0.245) | FD-resid -0.0637 [-0.1023, -0.0182] p=0.0161 12/14 SURVIVES
sts tau1 ts_gsr global-bins        sensitivity            DiD -0.0773 [-0.1280, -0.0278] p=0.0085 neg 12/14 | phase p=0.0010 | DMT -0.0538 (p=0.037) PCB +0.0235 (p=0.083) placebo share 0.30 | FD DiD +0.0174 (p=0.155) | FD-resid -0.0605 [-0.0967, -0.0150] p=0.0183 12/14 SURVIVES
sts tau1 ts_gsr global-bins        early                  DiD -0.1063 [-0.1545, -0.0612] p=0.0009 neg 13/14 | phase p=0.0010 | DMT -0.0873 (p=0.002) PCB +0.0190 (p=0.157) placebo share 0.18 | FD DiD +0.0366 (p=0.010) | FD-resid -0.0847 [-0.1209, -0.0450] p=0.0024 11/14 SURVIVES
sts tau1 ts_gsr global-bins        late                   DiD -0.0591 [-0.1194, +0.0019] p=0.0773 neg 10/14 | phase p=0.0320 | DMT -0.0240 (p=0.399) PCB +0.0351 (p=0.032) placebo share 0.59 | FD DiD -0.0034 (p=0.807) | FD-resid -0.0469 [-0.0952, +0.0090] p=0.1147 11/14 does NOT survive
sts tau1 ts_gsr global-bins        trend_a_placebo_line   DiD -0.0830 [-0.1354, -0.0322] p=0.0070 neg 13/14
sts tau1 ts_gsr global-bins        trend_b_shared_slope   DiD -0.0981 [-0.1481, -0.0508] p=0.0020 neg 13/14
   τ = 2: subject 1/14 done (221s)
   τ = 2: subject 2/14 done (233s)
   τ = 2: subject 3/14 done (245s)
   τ = 2: subject 4/14 done (257s)
   τ = 2: subject 5/14 done (269s)
   τ = 2: subject 6/14 done (281s)
   τ = 2: subject 7/14 done (292s)
   τ = 2: subject 8/14 done (304s)
   τ = 2: subject 9/14 done (316s)
   τ = 2: subject 10/14 done (328s)
   τ = 2: subject 11/14 done (341s)
   τ = 2: subject 12/14 done (352s)
   τ = 2: subject 13/14 done (364s)
   τ = 2: subject 14/14 done (376s)
autocorr lag2 ts_gsr W60           primary                DiD -0.0468 [-0.0754, -0.0174] p=0.0090 neg 12/14 | phase p=0.0040 | DMT -0.0310 (p=0.040) PCB +0.0157 (p=0.100) placebo share 0.34 | FD DiD +0.0143 (p=0.245) | FD-resid -0.0383 [-0.0606, -0.0122] p=0.0126 13/14 SURVIVES
autocorr lag2 ts_gsr W60           sensitivity            DiD -0.0415 [-0.0712, -0.0123] p=0.0176 neg 11/14 | phase p=0.0080 | DMT -0.0310 (p=0.036) PCB +0.0105 (p=0.249) placebo share 0.25 | FD DiD +0.0191 (p=0.108) | FD-resid -0.0317 [-0.0540, -0.0056] p=0.0326 13/14 SURVIVES
autocorr lag2 ts_gsr W60           early                  DiD -0.0668 [-0.0944, -0.0412] p=0.0006 neg 13/14 | phase p=0.0010 | DMT -0.0565 (p=0.001) PCB +0.0103 (p=0.305) placebo share 0.15 | FD DiD +0.0366 (p=0.010) | FD-resid -0.0526 [-0.0737, -0.0300] p=0.0011 13/14 SURVIVES
autocorr lag2 ts_gsr W60           late                   DiD -0.0307 [-0.0656, +0.0038] p=0.1198 neg 11/14 | phase p=0.0919 | DMT -0.0106 (p=0.514) PCB +0.0201 (p=0.055) placebo share 0.65 | FD DiD -0.0034 (p=0.807) | FD-resid -0.0268 [-0.0553, +0.0061] p=0.1229 11/14 does NOT survive
autocorr lag2 ts_gsr W60           trend_a_placebo_line   DiD -0.0520 [-0.0800, -0.0231] p=0.0042 neg 12/14
autocorr lag2 ts_gsr W60           trend_b_shared_slope   DiD -0.0608 [-0.0879, -0.0341] p=0.0013 neg 13/14
sts tau2 ts_gsr W60                primary                DiD -0.0429 [-0.0654, -0.0204] p=0.0037 neg 12/14 | phase p=0.0010 | DMT -0.0270 (p=0.016) PCB +0.0159 (p=0.056) placebo share 0.37 | FD DiD +0.0143 (p=0.245) | FD-resid -0.0342 [-0.0500, -0.0164] p=0.0035 13/14 SURVIVES
sts tau2 ts_gsr W60                sensitivity            DiD -0.0388 [-0.0618, -0.0166] p=0.0060 neg 11/14 | phase p=0.0010 | DMT -0.0269 (p=0.014) PCB +0.0119 (p=0.125) placebo share 0.31 | FD DiD +0.0191 (p=0.108) | FD-resid -0.0292 [-0.0449, -0.0117] p=0.0071 12/14 SURVIVES
sts tau2 ts_gsr W60                early                  DiD -0.0543 [-0.0762, -0.0338] p=0.0004 neg 13/14 | phase p=0.0010 | DMT -0.0455 (p=0.000) PCB +0.0087 (p=0.266) placebo share 0.16 | FD DiD +0.0366 (p=0.010) | FD-resid -0.0427 [-0.0587, -0.0262] p=0.0006 13/14 SURVIVES
sts tau2 ts_gsr W60                late                   DiD -0.0338 [-0.0608, -0.0074] p=0.0338 neg 11/14 | phase p=0.0080 | DMT -0.0121 (p=0.305) PCB +0.0217 (p=0.022) placebo share 0.64 | FD DiD -0.0034 (p=0.807) | FD-resid -0.0274 [-0.0472, -0.0047] p=0.0330 11/14 SURVIVES
sts tau2 ts_gsr W60                trend_a_placebo_line   DiD -0.0477 [-0.0708, -0.0252] p=0.0015 neg 13/14
sts tau2 ts_gsr W60                trend_b_shared_slope   DiD -0.0536 [-0.0754, -0.0336] p=0.0005 neg 13/14
sts tau2 ts_gsr global-bins        primary                DiD -0.0485 [-0.0811, -0.0173] p=0.0098 neg 12/14 | phase p=0.0010 | DMT -0.0325 (p=0.047) PCB +0.0160 (p=0.073) placebo share 0.33 | FD DiD +0.0143 (p=0.245) | FD-resid -0.0382 [-0.0627, -0.0087] p=0.0206 12/14 SURVIVES
sts tau2 ts_gsr global-bins        sensitivity            DiD -0.0465 [-0.0792, -0.0158] p=0.0120 neg 12/14 | phase p=0.0010 | DMT -0.0334 (p=0.040) PCB +0.0131 (p=0.138) placebo share 0.28 | FD DiD +0.0174 (p=0.155) | FD-resid -0.0359 [-0.0594, -0.0071] p=0.0247 12/14 SURVIVES
sts tau2 ts_gsr global-bins        early                  DiD -0.0666 [-0.0971, -0.0375] p=0.0011 neg 12/14 | phase p=0.0010 | DMT -0.0552 (p=0.002) PCB +0.0114 (p=0.189) placebo share 0.17 | FD DiD +0.0366 (p=0.010) | FD-resid -0.0526 [-0.0756, -0.0276] p=0.0027 11/14 SURVIVES
sts tau2 ts_gsr global-bins        late                   DiD -0.0341 [-0.0727, +0.0044] p=0.1105 neg 9/14 | phase p=0.0430 | DMT -0.0143 (p=0.417) PCB +0.0198 (p=0.064) placebo share 0.58 | FD DiD -0.0034 (p=0.807) | FD-resid -0.0267 [-0.0572, +0.0081] p=0.1525 11/14 does NOT survive
sts tau2 ts_gsr global-bins        trend_a_placebo_line   DiD -0.0505 [-0.0846, -0.0185] p=0.0103 neg 13/14
sts tau2 ts_gsr global-bins        trend_b_shared_slope   DiD -0.0608 [-0.0931, -0.0304] p=0.0020 neg 13/14
   τ = 3: subject 1/14 done (418s)
   τ = 3: subject 2/14 done (430s)
   τ = 3: subject 3/14 done (442s)
   τ = 3: subject 4/14 done (454s)
   τ = 3: subject 5/14 done (466s)
   τ = 3: subject 6/14 done (477s)
   τ = 3: subject 7/14 done (489s)
   τ = 3: subject 8/14 done (501s)
   τ = 3: subject 9/14 done (514s)
   τ = 3: subject 10/14 done (526s)
   τ = 3: subject 11/14 done (538s)
   τ = 3: subject 12/14 done (550s)
   τ = 3: subject 13/14 done (561s)
   τ = 3: subject 14/14 done (574s)
autocorr lag3 ts_gsr W60           primary                DiD -0.0681 [-0.1120, -0.0213] p=0.0132 neg 11/14 | phase p=0.0020 | DMT -0.0462 (p=0.049) PCB +0.0219 (p=0.132) placebo share 0.32 | FD DiD +0.0143 (p=0.245) | FD-resid -0.0550 [-0.0889, -0.0145] p=0.0173 13/14 SURVIVES
autocorr lag3 ts_gsr W60           sensitivity            DiD -0.0595 [-0.1026, -0.0139] p=0.0258 neg 10/14 | phase p=0.0070 | DMT -0.0452 (p=0.050) PCB +0.0143 (p=0.294) placebo share 0.24 | FD DiD +0.0191 (p=0.108) | FD-resid -0.0446 [-0.0787, -0.0057] p=0.0435 12/14 SURVIVES
autocorr lag3 ts_gsr W60           early                  DiD -0.0985 [-0.1386, -0.0594] p=0.0005 neg 13/14 | phase p=0.0010 | DMT -0.0852 (p=0.001) PCB +0.0134 (p=0.386) placebo share 0.14 | FD DiD +0.0366 (p=0.010) | FD-resid -0.0767 [-0.1089, -0.0442] p=0.0010 13/14 SURVIVES
autocorr lag3 ts_gsr W60           late                   DiD -0.0437 [-0.0959, +0.0119] p=0.1506 neg 10/14 | phase p=0.0769 | DMT -0.0150 (p=0.563) PCB +0.0287 (p=0.074) placebo share 0.66 | FD DiD -0.0034 (p=0.807) | FD-resid -0.0376 [-0.0825, +0.0132] p=0.1636 11/14 does NOT survive
autocorr lag3 ts_gsr W60           trend_a_placebo_line   DiD -0.0771 [-0.1207, -0.0316] p=0.0070 neg 12/14
autocorr lag3 ts_gsr W60           trend_b_shared_slope   DiD -0.0914 [-0.1318, -0.0479] p=0.0017 neg 13/14
sts tau3 ts_gsr W60                primary                DiD -0.0043 [-0.0063, -0.0022] p=0.0018 neg 12/14 | phase p=0.0010 | DMT -0.0027 (p=0.001) PCB +0.0015 (p=0.110) placebo share 0.36 | FD DiD +0.0143 (p=0.245) | FD-resid -0.0033 [-0.0049, -0.0017] p=0.0017 12/14 SURVIVES
sts tau3 ts_gsr W60                sensitivity            DiD -0.0039 [-0.0059, -0.0020] p=0.0023 neg 12/14 | phase p=0.0010 | DMT -0.0026 (p=0.001) PCB +0.0013 (p=0.134) placebo share 0.34 | FD DiD +0.0191 (p=0.108) | FD-resid -0.0029 [-0.0044, -0.0014] p=0.0026 12/14 SURVIVES
sts tau3 ts_gsr W60                early                  DiD -0.0046 [-0.0069, -0.0025] p=0.0005 neg 12/14 | phase p=0.0010 | DMT -0.0037 (p=0.000) PCB +0.0009 (p=0.385) placebo share 0.19 | FD DiD +0.0366 (p=0.010) | FD-resid -0.0035 [-0.0055, -0.0016] p=0.0026 12/14 SURVIVES
sts tau3 ts_gsr W60                late                   DiD -0.0040 [-0.0063, -0.0017] p=0.0078 neg 12/14 | phase p=0.0010 | DMT -0.0019 (p=0.030) PCB +0.0021 (p=0.063) placebo share 0.52 | FD DiD -0.0034 (p=0.807) | FD-resid -0.0031 [-0.0049, -0.0014] p=0.0050 12/14 SURVIVES
sts tau3 ts_gsr W60                trend_a_placebo_line   DiD -0.0045 [-0.0063, -0.0028] p=0.0004 neg 13/14
sts tau3 ts_gsr W60                trend_b_shared_slope   DiD -0.0048 [-0.0064, -0.0032] p=0.0001 neg 14/14
sts tau3 ts_gsr global-bins        primary                DiD -0.0116 [-0.0185, -0.0058] p=0.0012 neg 12/14 | phase p=0.0010 | DMT -0.0081 (p=0.005) PCB +0.0035 (p=0.119) placebo share 0.30 | FD DiD +0.0143 (p=0.245) | FD-resid -0.0091 [-0.0132, -0.0048] p=0.0022 11/14 SURVIVES
sts tau3 ts_gsr global-bins        sensitivity            DiD -0.0110 [-0.0179, -0.0054] p=0.0017 neg 12/14 | phase p=0.0010 | DMT -0.0082 (p=0.004) PCB +0.0028 (p=0.201) placebo share 0.25 | FD DiD +0.0174 (p=0.155) | FD-resid -0.0084 [-0.0123, -0.0042] p=0.0028 11/14 SURVIVES
sts tau3 ts_gsr global-bins        early                  DiD -0.0143 [-0.0209, -0.0084] p=0.0006 neg 13/14 | phase p=0.0010 | DMT -0.0116 (p=0.000) PCB +0.0027 (p=0.241) placebo share 0.19 | FD DiD +0.0366 (p=0.010) | FD-resid -0.0111 [-0.0156, -0.0064] p=0.0015 11/14 SURVIVES
sts tau3 ts_gsr global-bins        late                   DiD -0.0094 [-0.0169, -0.0029] p=0.0150 neg 10/14 | phase p=0.0050 | DMT -0.0053 (p=0.064) PCB +0.0041 (p=0.117) placebo share 0.43 | FD DiD -0.0034 (p=0.807) | FD-resid -0.0074 [-0.0121, -0.0027] p=0.0116 11/14 SURVIVES
sts tau3 ts_gsr global-bins        trend_a_placebo_line   DiD -0.0124 [-0.0195, -0.0064] p=0.0006 neg 13/14
sts tau3 ts_gsr global-bins        trend_b_shared_slope   DiD -0.0138 [-0.0207, -0.0079] p=0.0004 neg 13/14
   τ = 5: subject 1/14 done (613s)
   τ = 5: subject 2/14 done (625s)
   τ = 5: subject 3/14 done (637s)
   τ = 5: subject 4/14 done (650s)
   τ = 5: subject 5/14 done (662s)
   τ = 5: subject 6/14 done (674s)
   τ = 5: subject 7/14 done (686s)
   τ = 5: subject 8/14 done (698s)
   τ = 5: subject 9/14 done (710s)
   τ = 5: subject 10/14 done (722s)
   τ = 5: subject 11/14 done (735s)
   τ = 5: subject 12/14 done (748s)
   τ = 5: subject 13/14 done (759s)
   τ = 5: subject 14/14 done (771s)
autocorr lag5 ts_gsr W60           primary                DiD -0.0108 [-0.0453, +0.0263] p=0.5670 neg 9/14 | phase p=0.5834 | DMT -0.0142 (p=0.401) PCB -0.0034 (p=0.771) placebo share -0.31 | FD DiD +0.0143 (p=0.245) | FD-resid -0.0068 [-0.0346, +0.0228] p=0.6635 9/14 does NOT survive
autocorr lag5 ts_gsr W60           sensitivity            DiD -0.0048 [-0.0388, +0.0314] p=0.7964 neg 9/14 | phase p=0.8022 | DMT -0.0107 (p=0.513) PCB -0.0059 (p=0.615) placebo share -1.22 | FD DiD +0.0191 (p=0.108) | FD-resid +0.0001 [-0.0276, +0.0300] p=0.9944 9/14 does NOT survive
autocorr lag5 ts_gsr W60           early                  DiD -0.0299 [-0.0622, +0.0009] p=0.0972 neg 9/14 | phase p=0.1868 | DMT -0.0385 (p=0.016) PCB -0.0085 (p=0.563) placebo share -0.29 | FD DiD +0.0366 (p=0.010) | FD-resid -0.0201 [-0.0512, +0.0079] p=0.2458 9/14 does NOT survive
autocorr lag5 ts_gsr W60           late                   DiD +0.0044 [-0.0415, +0.0532] p=0.8593 neg 6/14 | phase p=0.8452 | DMT +0.0051 (p=0.818) PCB +0.0007 (p=0.963) placebo share -0.16 | FD DiD -0.0034 (p=0.807) | FD-resid +0.0039 [-0.0348, +0.0462] p=0.8558 7/14 does NOT survive
autocorr lag5 ts_gsr W60           trend_a_placebo_line   DiD -0.0215 [-0.0579, +0.0163] p=0.2922 neg 9/14
autocorr lag5 ts_gsr W60           trend_b_shared_slope   DiD -0.0352 [-0.0679, -0.0008] p=0.0729 neg 11/14
sts tau5 ts_gsr W60                primary                DiD -0.0024 [-0.0073, +0.0022] p=0.3688 neg 6/14 | phase p=0.2607 | DMT -0.0008 (p=0.669) PCB +0.0016 (p=0.331) placebo share 0.67 | FD DiD +0.0143 (p=0.245) | FD-resid -0.0020 [-0.0058, +0.0017] p=0.3260 8/14 does NOT survive
sts tau5 ts_gsr W60                sensitivity            DiD -0.0029 [-0.0078, +0.0017] p=0.2689 neg 6/14 | phase p=0.1708 | DMT -0.0010 (p=0.566) PCB +0.0019 (p=0.231) placebo share 0.65 | FD DiD +0.0191 (p=0.108) | FD-resid -0.0029 [-0.0068, +0.0009] p=0.1873 8/14 does NOT survive
sts tau5 ts_gsr W60                early                  DiD +0.0004 [-0.0046, +0.0058] p=0.8794 neg 9/14 | phase p=0.8432 | DMT +0.0020 (p=0.255) PCB +0.0016 (p=0.384) placebo share -3.67 | FD DiD +0.0366 (p=0.010) | FD-resid -0.0000 [-0.0043, +0.0046] p=0.9875 6/14 does NOT survive
sts tau5 ts_gsr W60                late                   DiD -0.0046 [-0.0111, +0.0011] p=0.1697 neg 6/14 | phase p=0.0569 | DMT -0.0030 (p=0.246) PCB +0.0016 (p=0.387) placebo share 0.35 | FD DiD -0.0034 (p=0.807) | FD-resid -0.0037 [-0.0088, +0.0010] p=0.1857 8/14 does NOT survive
sts tau5 ts_gsr W60                trend_a_placebo_line   DiD -0.0012 [-0.0060, +0.0029] p=0.6401 neg 6/14
sts tau5 ts_gsr W60                trend_b_shared_slope   DiD +0.0003 [-0.0039, +0.0040] p=0.8948 neg 6/14
sts tau5 ts_gsr global-bins        primary                DiD +0.0015 [-0.0098, +0.0113] p=0.7997 neg 4/14 | phase p=0.7692 | DMT +0.0032 (p=0.552) PCB +0.0017 (p=0.532) placebo share -1.10 | FD DiD +0.0143 (p=0.245) | FD-resid +0.0011 [-0.0093, +0.0106] p=0.8411 5/14 does NOT survive
sts tau5 ts_gsr global-bins        sensitivity            DiD +0.0008 [-0.0109, +0.0105] p=0.8910 neg 4/14 | phase p=0.8521 | DMT +0.0030 (p=0.574) PCB +0.0022 (p=0.417) placebo share -2.72 | FD DiD +0.0174 (p=0.155) | FD-resid +0.0002 [-0.0107, +0.0102] p=0.9711 5/14 does NOT survive
sts tau5 ts_gsr global-bins        early                  DiD +0.0102 [+0.0028, +0.0171] p=0.0205 neg 3/14 | phase p=0.0899 | DMT +0.0125 (p=0.010) PCB +0.0022 (p=0.378) placebo share -0.22 | FD DiD +0.0366 (p=0.010) | FD-resid +0.0076 [+0.0007, +0.0150] p=0.0620 3/14 SURVIVES
sts tau5 ts_gsr global-bins        late                   DiD -0.0055 [-0.0212, +0.0081] p=0.5250 neg 8/14 | phase p=0.3437 | DMT -0.0042 (p=0.560) PCB +0.0012 (p=0.725) placebo share 0.22 | FD DiD -0.0034 (p=0.807) | FD-resid -0.0042 [-0.0191, +0.0091] p=0.5995 6/14 does NOT survive
sts tau5 ts_gsr global-bins        trend_a_placebo_line   DiD +0.0034 [-0.0083, +0.0136] p=0.5835 neg 5/14
sts tau5 ts_gsr global-bins        trend_b_shared_slope   DiD +0.0095 [-0.0007, +0.0189] p=0.0945 neg 3/14
# Lag-dependence tables (partB3_lag.py)

## Summary across τ (ts_gsr)

| τ | estimator | DMT pre r_τ (window-std.) | sts level (DMT pre) | xtx+yty level | sts DiD [CI], p, phase p, neg/14 | survives FD | r(sts DiD, lag-1 autocorr DiD) | r(sts DiD, lag-τ autocorr DiD) | r_τ DiD [CI], p | real pairs r-dominated (subj. 1, w1–4 & 6) | pair r_τ median | ∂sts/∂r ÷ ∂sts/∂q at (median r_τ, median \|q\|) |
|---|---|---|---|---|---|---|---|---|---|---|---|---|
| 1 | W60 | 0.848 | 1.1554 | 1.2398 | -0.0809 [-0.1261, -0.0377], 0.0038, 0.0020, 13 | yes | +0.953 | +0.953 | -0.0146, 0.0106 | 100.0 % | +0.853 | 32.1 |
| 1 | global-bins | 0.848 | 1.3085 | 1.3616 | -0.0801 [-0.1310, -0.0315], 0.0071, 0.0010, 12 | yes | +0.967 | +0.967 | -0.0146, 0.0106 | 100.0 % | +0.853 | 32.1 |
| 2 | W60 | 0.513 | 0.1797 | 0.2315 | -0.0429 [-0.0654, -0.0204], 0.0037, 0.0010, 12 | yes | +0.952 | +0.970 | -0.0468, 0.0090 | 100.0 % | +0.486 | 20.7 |
| 2 | global-bins | 0.513 | 0.2805 | 0.3213 | -0.0485 [-0.0811, -0.0173], 0.0098, 0.0010, 12 | yes | +0.962 | +0.963 | -0.0468, 0.0090 | 100.0 % | +0.486 | 20.7 |
| 3 | W60 | 0.139 | 0.0262 | 0.0245 | -0.0043 [-0.0063, -0.0022], 0.0018, 0.0010, 12 | yes | +0.675 | +0.626 | -0.0681, 0.0132 | 97.7 % | +0.076 | 97.5 |
| 3 | global-bins | 0.139 | 0.0156 | 0.0292 | -0.0116 [-0.0185, -0.0058], 0.0012, 0.0010, 12 | yes | +0.911 | +0.885 | -0.0681, 0.0132 | 97.7 % | +0.076 | 97.5 |
| 5 | W60 | -0.202 | 0.0415 | 0.0452 | -0.0024 [-0.0073, +0.0022], 0.3688, 0.2607, 6 | no | -0.371 | -0.832 | -0.0108, 0.5670 | 99.5 % | -0.275 | 30.9 |
| 5 | global-bins | -0.202 | 0.0230 | 0.0328 | +0.0015 [-0.0098, +0.0113], 0.7997, 0.7692, 4 | no | -0.671 | -0.912 | -0.0108, 0.5670 | 99.5 % | -0.275 | 30.9 |

Scope map re-evaluated on r ∈ [−0.95, 0.95] × q ∈ [−0.95, 0.95]: r-dominated 99.5 %, q-dominated 0.0 %, flat 0.5 % of cells; q-dominated cells lie at |r| ≤ 0.00.

| r (lag-τ autocorrelation) | model sts at |q| = 0.25 | ∂sts/∂r | ∂sts/∂q | ratio |
|---|---|---|---|---|
| -0.30 | 0.0915 | -0.640 | -0.023 | 28.3 |
| -0.20 | 0.0396 | -0.404 | -0.010 | 40.3 |
| -0.10 | 0.0097 | -0.196 | -0.003 | 78.3 |
| +0.00 | 0.0000 | +0.000 | +0.000 | inf |
| +0.10 | 0.0097 | +0.196 | -0.003 | 78.3 |
| +0.15 | 0.0221 | +0.298 | -0.006 | 52.8 |
| +0.20 | 0.0396 | +0.404 | -0.010 | 40.3 |
| +0.30 | 0.0915 | +0.640 | -0.023 | 28.3 |
| +0.50 | 0.2798 | +1.302 | -0.063 | 20.5 |
| +0.85 | 1.2588 | +6.071 | -0.189 | 32.1 |

τ = 1: subject-1 pairs (both runs, windows 1–4 and 6): r_τ median +0.853 (5–95 % +0.800–+0.896), |q| median 0.245; r-dominated 100.0 %, q-dominated 0.0 %, flat 0.0 %; ∂sts/∂r = +6.071, ∂sts/∂q = -0.189 at the medians

## τ = 1, W60: 16-atom DMT pre level and primary DiD (τ = 1 MMI in brackets)

| atom | level τ | DiD τ (neg/14) |
|---|---|---|
| rtr | +0.0388 (+0.0388) | -0.0078 (10) [-0.0078] |
| rtx | +0.0258 (+0.0258) | -0.0012 (9) [-0.0012] |
| rty | +0.0254 (+0.0254) | -0.0012 (9) [-0.0012] |
| rts | +0.5669 (+0.5669) | -0.0407 (12) [-0.0407] |
| xtr | +0.0254 (+0.0254) | -0.0012 (9) [-0.0012] |
| xtx | +0.6273 (+0.6273) | -0.0523 (12) [-0.0523] |
| xty | -0.0254 (-0.0254) | +0.0012 (5) [+0.0012] |
| xts | -0.5352 (-0.5352) | +0.0399 (2) [+0.0399] |
| ytr | +0.0258 (+0.0258) | -0.0012 (9) [-0.0012] |
| ytx | -0.0258 (-0.0258) | +0.0012 (5) [+0.0012] |
| yty | +0.6125 (+0.6125) | -0.0396 (13) [-0.0396] |
| yts | -0.5358 (-0.5358) | +0.0404 (2) [+0.0404] |
| str | +0.5667 (+0.5667) | -0.0408 (12) [-0.0408] |
| stx | -0.5350 (-0.5350) | +0.0401 (2) [+0.0401] |
| sty | -0.5357 (-0.5357) | +0.0403 (2) [+0.0403] |
| sts | +1.1554 (+1.1554) | -0.0809 (13) [-0.0809] |
done (798s)
