variant=ts_gsr regions=115 pairs=6555 git=66b570e-dirty
bins with fewer than 30 TRs (subject, cond, bin0, n): [(2, 1, 27, np.int64(29))]

mean pairwise Pearson r per bin, 14-subject group mean
bin :      1      2      3      4      5      6      7      8      9     10     11     12     13     14     15     16     17     18     19     20     21     22     23     24     25     26     27     28
DMT : -0.0024 -0.0021 -0.0023 -0.0018 -0.0022 -0.0028 -0.0008 -0.0017 -0.0016 -0.0058 -0.0052 -0.0055 -0.0048 -0.0046 -0.0048 -0.0044 -0.0029 -0.0054 -0.0039 -0.0050 -0.0038 -0.0029 -0.0022 -0.0045 -0.0038 -0.0026 -0.0039 -0.0029
PCB : -0.0053 -0.0042 -0.0020 -0.0031 -0.0033 -0.0039 -0.0045 -0.0047 -0.0031 -0.0043 -0.0036 -0.0019 -0.0028 -0.0033 -0.0025 -0.0041 -0.0033 -0.0022 -0.0029 -0.0018 -0.0026 -0.0027 -0.0024 -0.0014 -0.0010 -0.0030 -0.0017 -0.0024
D-P : +0.0028 +0.0021 -0.0003 +0.0013 +0.0010 +0.0011 +0.0037 +0.0030 +0.0015 -0.0014 -0.0015 -0.0036 -0.0019 -0.0014 -0.0023 -0.0003 +0.0004 -0.0031 -0.0011 -0.0032 -0.0012 -0.0002 +0.0002 -0.0031 -0.0028 +0.0004 -0.0021 -0.0005

set                    quantity               name                       value     ci_lo     ci_hi       p neg pos
primary_bins11-28      mean_r                 DMT_post_minus_pre       -0.0020   -0.0034   -0.0008  0.0063  10   4
primary_bins11-28      mean_r                 PCB_post_minus_pre       +0.0013   +0.0003   +0.0025  0.0200   4  10
primary_bins11-28      mean_r                 DiD                      -0.0034   -0.0051   -0.0017  0.0024  11   3
primary_bins11-28      mean_r                 pre_DMT_mean             -0.0020                                    
primary_bins11-28      mean_r                 pre_PCB_mean             -0.0039                                    
primary_bins11-28      mean_r                 DiD_share_of_pre_DMT     +1.6530                                    
primary_bins11-28      sts_global_fit_nats    DMT_post_minus_pre       -0.0521   -0.0934   -0.0065  0.0450  11   3
primary_bins11-28      sts_global_fit_nats    PCB_post_minus_pre       +0.0280   +0.0046   +0.0524  0.0466   3  11
primary_bins11-28      sts_global_fit_nats    DiD                      -0.0801   -0.1303   -0.0310  0.0071  12   2
primary_bins11-28      sts_global_fit_nats    pre_DMT_mean             +1.3085                                    
primary_bins11-28      sts_global_fit_nats    pre_PCB_mean             +1.2893                                    
primary_bins11-28      sts_global_fit_nats    DiD_share_of_pre_DMT     -0.0612                                    
sensitivity_bins9-28   mean_r                 DMT_post_minus_pre       -0.0020   -0.0033   -0.0008  0.0045  11   3
sensitivity_bins9-28   mean_r                 PCB_post_minus_pre       +0.0012   +0.0003   +0.0023  0.0220   5   9
sensitivity_bins9-28   mean_r                 DiD                      -0.0032   -0.0047   -0.0017  0.0017  11   3
sensitivity_bins9-28   mean_r                 pre_DMT_mean             -0.0020                                    
sensitivity_bins9-28   mean_r                 pre_PCB_mean             -0.0039                                    
sensitivity_bins9-28   mean_r                 DiD_share_of_pre_DMT     +1.5758                                    
sensitivity_bins9-28   sts_global_fit_nats    DMT_post_minus_pre       -0.0515   -0.0937   -0.0067  0.0452  11   3
sensitivity_bins9-28   sts_global_fit_nats    PCB_post_minus_pre       +0.0220   -0.0005   +0.0449  0.0919   4  10
sensitivity_bins9-28   sts_global_fit_nats    DiD                      -0.0735   -0.1237   -0.0236  0.0112  12   2
sensitivity_bins9-28   sts_global_fit_nats    pre_DMT_mean             +1.3085                                    
sensitivity_bins9-28   sts_global_fit_nats    pre_PCB_mean             +1.2893                                    
sensitivity_bins9-28   sts_global_fit_nats    DiD_share_of_pre_DMT     -0.0562                                    
peak_bins9-14          mean_r                 DMT_post_minus_pre       -0.0025   -0.0037   -0.0014  0.0002  13   1
peak_bins9-14          mean_r                 PCB_post_minus_pre       +0.0007   -0.0004   +0.0019  0.2825   7   7
peak_bins9-14          mean_r                 DiD                      -0.0032   -0.0050   -0.0015  0.0023  12   2
peak_bins9-14          mean_r                 pre_DMT_mean             -0.0020                                    
peak_bins9-14          mean_r                 pre_PCB_mean             -0.0039                                    
peak_bins9-14          mean_r                 DiD_share_of_pre_DMT     +1.5866                                    
peak_bins9-14          sts_global_fit_nats    DMT_post_minus_pre       -0.0808   -0.1201   -0.0374  0.0044  13   1
peak_bins9-14          sts_global_fit_nats    PCB_post_minus_pre       -0.0056   -0.0265   +0.0142  0.6111   6   8
peak_bins9-14          sts_global_fit_nats    DiD                      -0.0752   -0.1114   -0.0335  0.0044  13   1
peak_bins9-14          sts_global_fit_nats    pre_DMT_mean             +1.3085                                    
peak_bins9-14          sts_global_fit_nats    pre_PCB_mean             +1.2893                                    
peak_bins9-14          sts_global_fit_nats    DiD_share_of_pre_DMT     -0.0575                                    

wrote results/global_fc_did_ts_gsr.csv
