(a) analytic correction per window-mean atom, nats, ADDED to the plug-in estimate
    every MMI candidate set compares MIs of identical dimensions -> no selection can change
    W= 30 N= 29: rtr=-0.01886  rts=-0.01960  str=-0.01960  sts=-0.02040   (sts prediction -0.5[psi((N-3)/2)-psi((N-4)/2)] = -0.02040: matches)
    W= 60 N= 59: rtr=-0.00885  rts=-0.00901  str=-0.00901  sts=-0.00917   (sts prediction -0.5[psi((N-3)/2)-psi((N-4)/2)] = -0.00917: matches)
    W=840 N=839: rtr=-0.00060  rts=-0.00060  str=-0.00060  sts=-0.00060   (sts prediction -0.5[psi((N-3)/2)-psi((N-4)/2)] = -0.00060: matches)

(b) per-condition bias, plug-in vs corrected, from 18ad8b4 tables
    baseline               W= 30 sts: analytic +0.2619  bias -0.1826 -> -0.2030  (|corrected| =  77.5 % of analytic)
    baseline               W= 30 rtr: analytic +0.0359  bias -0.0094 -> -0.0282  (|corrected| =  78.6 % of analytic)
    baseline               W= 60 sts: analytic +0.2619  bias -0.1289 -> -0.1381  (|corrected| =  52.7 % of analytic)
    baseline               W= 60 rtr: analytic +0.0359  bias -0.0081 -> -0.0170  (|corrected| =  47.2 % of analytic)
    baseline               W=840 sts: analytic +0.2619  bias -0.0291 -> -0.0297  (|corrected| =  11.4 % of analytic)
    baseline               W=840 rtr: analytic +0.0359  bias -0.0037 -> -0.0043  (|corrected| =  11.9 % of analytic)
    shift_coupling         W= 30 sts: analytic +0.1948  bias -0.1359 -> -0.1563  (|corrected| =  80.2 % of analytic)
    shift_coupling         W= 30 rtr: analytic +0.2231  bias -0.1132 -> -0.1320  (|corrected| =  59.2 % of analytic)
    shift_coupling         W= 60 sts: analytic +0.1948  bias -0.1168 -> -0.1260  (|corrected| =  64.7 % of analytic)
    shift_coupling         W= 60 rtr: analytic +0.2231  bias -0.0699 -> -0.0787  (|corrected| =  35.3 % of analytic)
    shift_coupling         W=840 sts: analytic +0.1948  bias -0.0363 -> -0.0369  (|corrected| =  18.9 % of analytic)
    shift_coupling         W=840 rtr: analytic +0.2231  bias -0.0130 -> -0.0136  (|corrected| =   6.1 % of analytic)
    shift_noisecorr        W= 30 sts: analytic +0.1948  bias -0.1309 -> -0.1513  (|corrected| =  77.7 % of analytic)
    shift_noisecorr        W= 30 rtr: analytic +0.1076  bias -0.0406 -> -0.0595  (|corrected| =  55.3 % of analytic)
    shift_noisecorr        W= 60 sts: analytic +0.1948  bias -0.0987 -> -0.1078  (|corrected| =  55.4 % of analytic)
    shift_noisecorr        W= 60 rtr: analytic +0.1076  bias -0.0300 -> -0.0389  (|corrected| =  36.1 % of analytic)
    shift_noisecorr        W=840 sts: analytic +0.1948  bias -0.0259 -> -0.0265  (|corrected| =  13.6 % of analytic)
    shift_noisecorr        W=840 rtr: analytic +0.1076  bias -0.0065 -> -0.0070  (|corrected| =   6.6 % of analytic)
    asym_baseline          W= 30 sts: analytic +0.0942  bias -0.0354 -> -0.0558  (|corrected| =  59.2 % of analytic)
    asym_baseline          W= 30 rtr: analytic +0.0137  bias +0.0075 -> -0.0113  (|corrected| =  83.1 % of analytic)
    asym_baseline          W= 60 sts: analytic +0.0942  bias -0.0156 -> -0.0248  (|corrected| =  26.3 % of analytic)
    asym_baseline          W= 60 rtr: analytic +0.0137  bias +0.0063 -> -0.0026  (|corrected| =  19.0 % of analytic)
    asym_baseline          W=840 sts: analytic +0.0942  bias -0.0000 -> -0.0006  (|corrected| =   0.6 % of analytic)
    asym_baseline          W=840 rtr: analytic +0.0137  bias +0.0006 -> +0.0000  (|corrected| =   0.3 % of analytic)
    asym_shift_coupling    W= 30 sts: analytic +0.0380  bias -0.0061 -> -0.0265  (|corrected| =  69.6 % of analytic)
    asym_shift_coupling    W= 30 rtr: analytic +0.0860  bias -0.0319 -> -0.0507  (|corrected| =  59.0 % of analytic)
    asym_shift_coupling    W= 60 sts: analytic +0.0380  bias -0.0072 -> -0.0163  (|corrected| =  42.9 % of analytic)
    asym_shift_coupling    W= 60 rtr: analytic +0.0860  bias -0.0189 -> -0.0278  (|corrected| =  32.3 % of analytic)
    asym_shift_coupling    W=840 sts: analytic +0.0380  bias -0.0001 -> -0.0007  (|corrected| =   2.0 % of analytic)
    asym_shift_coupling    W=840 rtr: analytic +0.0860  bias -0.0014 -> -0.0020  (|corrected| =   2.4 % of analytic)
    asym_shift_noisecorr   W= 30 sts: analytic +0.0396  bias +0.0007 -> -0.0197  (|corrected| =  49.8 % of analytic)
    asym_shift_noisecorr   W= 30 rtr: analytic +0.0469  bias -0.0058 -> -0.0246  (|corrected| =  52.5 % of analytic)
    asym_shift_noisecorr   W= 60 sts: analytic +0.0396  bias +0.0016 -> -0.0076  (|corrected| =  19.2 % of analytic)
    asym_shift_noisecorr   W= 60 rtr: analytic +0.0469  bias -0.0028 -> -0.0117  (|corrected| =  24.9 % of analytic)
    asym_shift_noisecorr   W=840 sts: analytic +0.0396  bias -0.0003 -> -0.0009  (|corrected| =   2.4 % of analytic)
    asym_shift_noisecorr   W=840 rtr: analytic +0.0469  bias +0.0003 -> -0.0003  (|corrected| =   0.7 % of analytic)

    differential bias, plug-in vs corrected
    shift_coupling         W= 30 sts: true -0.0671  diff bias +0.0467 -> +0.0467  change -6.9e-18  ( 69.6 % of true)
    shift_coupling         W= 30 rtr: true +0.1873  diff bias -0.1038 -> -0.1038  change -1.4e-17  ( 55.4 % of true)
    shift_coupling         W= 60 sts: true -0.0671  diff bias +0.0121 -> +0.0121  change -1.7e-18  ( 18.1 % of true)
    shift_coupling         W= 60 rtr: true +0.1873  diff bias -0.0618 -> -0.0618  change -6.9e-18  ( 33.0 % of true)
    shift_coupling         W=840 sts: true -0.0671  diff bias -0.0072 -> -0.0072  change +5.2e-18  ( 10.7 % of true)
    shift_coupling         W=840 rtr: true +0.1873  diff bias -0.0094 -> -0.0094  change -3.5e-18  (  5.0 % of true)
    shift_noisecorr        W= 30 sts: true -0.0671  diff bias +0.0517 -> +0.0517  change +0.0e+00  ( 77.0 % of true)
    shift_noisecorr        W= 30 rtr: true +0.0717  diff bias -0.0313 -> -0.0313  change +1.0e-06  ( 43.6 % of true)
    shift_noisecorr        W= 60 sts: true -0.0671  diff bias +0.0303 -> +0.0303  change +0.0e+00  ( 45.1 % of true)
    shift_noisecorr        W= 60 rtr: true +0.0717  diff bias -0.0219 -> -0.0219  change +1.0e-06  ( 30.6 % of true)
    shift_noisecorr        W=840 sts: true -0.0671  diff bias +0.0032 -> +0.0032  change -3.5e-18  (  4.8 % of true)
    shift_noisecorr        W=840 rtr: true +0.0717  diff bias -0.0028 -> -0.0028  change +1.0e-06  (  3.9 % of true)
    asym_shift_coupling    W= 30 sts: true -0.0562  diff bias +0.0293 -> +0.0293  change +3.5e-18  ( 52.2 % of true)
    asym_shift_coupling    W= 30 rtr: true +0.0723  diff bias -0.0394 -> -0.0394  change +6.9e-18  ( 54.5 % of true)
    asym_shift_coupling    W= 60 sts: true -0.0562  diff bias +0.0085 -> +0.0085  change +0.0e+00  ( 15.1 % of true)
    asym_shift_coupling    W= 60 rtr: true +0.0723  diff bias -0.0252 -> -0.0252  change +3.5e-18  ( 34.8 % of true)
    asym_shift_coupling    W=840 sts: true -0.0562  diff bias -0.0001 -> -0.0001  change -3.0e-19  (  0.3 % of true)
    asym_shift_coupling    W=840 rtr: true +0.0723  diff bias -0.0021 -> -0.0021  change +1.3e-18  (  2.9 % of true)
    asym_shift_noisecorr   W= 30 sts: true -0.0546  diff bias +0.0361 -> +0.0361  change +0.0e+00  ( 66.1 % of true)
    asym_shift_noisecorr   W= 30 rtr: true +0.0332  diff bias -0.0133 -> -0.0133  change -1.0e-06  ( 40.0 % of true)
    asym_shift_noisecorr   W= 60 sts: true -0.0546  diff bias +0.0172 -> +0.0172  change -3.5e-18  ( 31.4 % of true)
    asym_shift_noisecorr   W= 60 rtr: true +0.0332  diff bias -0.0091 -> -0.0091  change -1.7e-18  ( 27.4 % of true)
    asym_shift_noisecorr   W=840 sts: true -0.0546  diff bias -0.0003 -> -0.0003  change -4.0e-18  (  0.6 % of true)
    asym_shift_noisecorr   W=840 rtr: true +0.0332  diff bias -0.0004 -> -0.0004  change -3.4e-18  (  1.2 % of true)

    max |change in differential bias| across all rows: 1.0e-06 (zero up to the tables' 6-decimal rounding)
    criterion, sts, W=30 -- clause 1 |bias| < 10 % of analytic: baseline 78 %, shift_coupling 80 %, shift_noisecorr 78 %, asym_baseline 59 %, asym_shift_coupling 70 %, asym_shift_noisecorr 50 % -> FAIL
    criterion, sts, W=30 -- clause 2 |diff bias| < 15 % of true: shift_coupling 70 %, shift_noisecorr 77 %, asym_shift_coupling 52 %, asym_shift_noisecorr 66 % -> FAIL
    branch: Primary B = W=60 uncorrected (fallback)

(c) empirical: correction applied inside the estimator, 500 simulated windows per cell
    baseline             W=30: selections changed in 0 windows; max |(corrected - plugin) - constant| over 16 atoms = 3.6e-16
    baseline             W=60: selections changed in 0 windows; max |(corrected - plugin) - constant| over 16 atoms = 5.9e-16
    asym_baseline        W=30: selections changed in 0 windows; max |(corrected - plugin) - constant| over 16 atoms = 3.3e-16
    asym_baseline        W=60: selections changed in 0 windows; max |(corrected - plugin) - constant| over 16 atoms = 5.2e-16
    asym_shift_coupling  W=30: selections changed in 0 windows; max |(corrected - plugin) - constant| over 16 atoms = 3.1e-16
    asym_shift_coupling  W=60: selections changed in 0 windows; max |(corrected - plugin) - constant| over 16 atoms = 4.4e-16

wrote results/logdet_correction_check.csv
