variant=ts_gsr W=60 windows=14 sts from atoms_win60_115regions-all_ts_gsr_window.npy; local from atoms_win60_local_115regions-all_ts_gsr_window.npy; git=e46df8a
pre=[1 2 3 4] primary post/decay=[ 6  7  8  9 10 11 12 13 14] sensitivity=[ 5  6  7  8  9 10 11 12 13 14]

generating 1000 phase-randomised surrogates per subject and condition ...

SECTION A — step contrast on whole-brain mean sts
  A          pre-injection DMT mean sts (windows 1-4)                   +1.1554  
  A          pre-injection PCB mean sts (windows 1-4)                   +1.1378  
  A.fd       window-mean FD DMT window 1 (group mean; note = subject SD) +0.1307  sd=0.0350
  A.fd       window-mean FD DMT window 2 (group mean; note = subject SD) +0.1318  sd=0.0469
  A.fd       window-mean FD DMT window 3 (group mean; note = subject SD) +0.1247  sd=0.0377
  A.fd       window-mean FD DMT window 4 (group mean; note = subject SD) +0.1169  sd=0.0389
  A.fd       window-mean FD DMT window 5 (group mean; note = subject SD) +0.2029  sd=0.0646
  A.fd       window-mean FD DMT window 6 (group mean; note = subject SD) +0.1729  sd=0.0650
  A.fd       window-mean FD DMT window 7 (group mean; note = subject SD) +0.1614  sd=0.0583
  A.fd       window-mean FD DMT window 8 (group mean; note = subject SD) +0.1328  sd=0.0535
  A.fd       window-mean FD DMT window 9 (group mean; note = subject SD) +0.1367  sd=0.0793
  A.fd       window-mean FD DMT window 10 (group mean; note = subject SD) +0.1209  sd=0.0558
  A.fd       window-mean FD DMT window 11 (group mean; note = subject SD) +0.1321  sd=0.0745
  A.fd       window-mean FD DMT window 12 (group mean; note = subject SD) +0.1161  sd=0.0420
  A.fd       window-mean FD DMT window 13 (group mean; note = subject SD) +0.1176  sd=0.0458
  A.fd       window-mean FD DMT window 14 (group mean; note = subject SD) +0.1151  sd=0.0436
  A.fd       window-mean FD PCB window 1 (group mean; note = subject SD) +0.1367  sd=0.0411
  A.fd       window-mean FD PCB window 2 (group mean; note = subject SD) +0.1307  sd=0.0474
  A.fd       window-mean FD PCB window 3 (group mean; note = subject SD) +0.1268  sd=0.0429
  A.fd       window-mean FD PCB window 4 (group mean; note = subject SD) +0.1208  sd=0.0379
  A.fd       window-mean FD PCB window 5 (group mean; note = subject SD) +0.1437  sd=0.0459
  A.fd       window-mean FD PCB window 6 (group mean; note = subject SD) +0.1147  sd=0.0338
  A.fd       window-mean FD PCB window 7 (group mean; note = subject SD) +0.1178  sd=0.0296
  A.fd       window-mean FD PCB window 8 (group mean; note = subject SD) +0.1155  sd=0.0274
  A.fd       window-mean FD PCB window 9 (group mean; note = subject SD) +0.1205  sd=0.0437
  A.fd       window-mean FD PCB window 10 (group mean; note = subject SD) +0.1231  sd=0.0454
  A.fd       window-mean FD PCB window 11 (group mean; note = subject SD) +0.1239  sd=0.0445
  A.fd       window-mean FD PCB window 12 (group mean; note = subject SD) +0.1236  sd=0.0436
  A.fd       window-mean FD PCB window 13 (group mean; note = subject SD) +0.1249  sd=0.0485
  A.fd       window-mean FD PCB window 14 (group mean; note = subject SD) +0.1372  sd=0.0581
  A.primary  DMT post-pre sts                                           -0.0485 [-0.0819, -0.0113]  p=0.0267  
  A.primary  PCB post-pre sts                                           +0.0324 [+0.0053, +0.0606]  p=0.0425  
  A.primary  DiD raw: mean                                              -0.0809 [-0.1261, -0.0377]  p=0.0038  share of pre-injection DMT mean = -7.0 %; negative in 13/14
  A.primary  DiD raw: phase-randomised null p (two-sided)               +0.0020  null mean -0.0003 sd 0.0215
  A.primary  DiD raw: sign vs PREREG_DIRECTION (+1 = up)                -1.0000  REFUTATION of up-regulation (directional-failure rule)
  A.primary  FD DiD (same form)                                         +0.0143 [-0.0070, +0.0365]  p=0.2452  
  A.primary  DiD FD-residualised (all windows, per subject x condition): mean -0.0649 [-0.0966, -0.0289]  p=0.0048  SURVIVES motion control; negative in 13/14
  A.sensitivity DMT post-pre sts                                           -0.0491 [-0.0823, -0.0128]  p=0.0227  
  A.sensitivity PCB post-pre sts                                           +0.0242 [-0.0020, +0.0496]  p=0.1040  
  A.sensitivity DiD raw: mean                                              -0.0733 [-0.1180, -0.0291]  p=0.0070  share of pre-injection DMT mean = -6.3 %; negative in 12/14
  A.sensitivity DiD raw: phase-randomised null p (two-sided)               +0.0020  null mean -0.0003 sd 0.0206
  A.sensitivity DiD raw: sign vs PREREG_DIRECTION (+1 = up)                -1.0000  REFUTATION of up-regulation (directional-failure rule)
  A.sensitivity FD DiD (same form)                                         +0.0191 [-0.0008, +0.0402]  p=0.1083  
  A.sensitivity DiD FD-residualised (all windows, per subject x condition): mean -0.0555 [-0.0864, -0.0210]  p=0.0100  SURVIVES motion control; negative in 13/14

SECTION B — tier-2 tracking on the decay windows (DMT run)

  [primary: decay windows [ 6  7  8  9 10 11 12 13 14]]
  B.primary  raw rho_S DMT vs per-subject ratings [PRIMARY]: group mean (existence test, not thresholded) -0.4826 [-0.6291, -0.3362]  p=0.0010  n_defined=14/14; |rho|>=0.80 in 3 subjects (report only); p_one(prereg dir)=1.0000; sign - vs prereg +; significant vs null: yes
  B.primary  raw rho_S DMT vs group template f [SENSITIVITY]: group mean (existence test, not thresholded) -0.5333 [-0.6750, -0.3845]  p=0.0010  n_defined=14/14; |rho|>=0.80 in 3 subjects (report only); p_one(prereg dir)=1.0000; sign - vs prereg +; significant vs null: yes
  B.primary  raw rho_S group-mean sts series vs template [THRESHOLDED]  -0.9833  p=0.0020  |rho|>=0.80: PASS; sign - vs prereg +
  B.primary  raw control (a): rho_S PCB vs template, group mean         -0.1940 [-0.3143, -0.0785]  p=0.0809  
  B.primary  raw control (a): within-subject rho_DMT - rho_PCB (template) -0.3393 [-0.5179, -0.1619]  clears control (a) (CI includes 0: False; PCB same sign & >= half: False)
  B.primary  control (b): rho_S window-mean FD (DMT) vs template, group mean +0.4060 [+0.1774, +0.6000]  
  B.primary  FD-resid rho_S DMT vs per-subject ratings [PRIMARY]: group mean (existence test, not thresholded) -0.3310 [-0.4761, -0.1592]  p=0.0010  n_defined=14/14; |rho|>=0.80 in 0 subjects (report only); p_one(prereg dir)=1.0000; sign - vs prereg +; significant vs null: yes
  B.primary  FD-resid rho_S DMT vs group template f [SENSITIVITY]: group mean (existence test, not thresholded) -0.3643 [-0.5179, -0.1810]  p=0.0010  n_defined=14/14; |rho|>=0.80 in 0 subjects (report only); p_one(prereg dir)=1.0000; sign - vs prereg +; significant vs null: yes
  B.primary  FD-resid rho_S group-mean sts series vs template [THRESHOLDED] -0.9500  p=0.0010  |rho|>=0.80: PASS; sign - vs prereg +
  B.primary  FD-resid control (a): rho_S PCB vs template, group mean    -0.1571 [-0.3155, -0.0190]  p=0.0500  
  B.primary  FD-resid control (a): within-subject rho_DMT - rho_PCB (template) -0.2071 [-0.4345, +0.0345]  VOID (CI includes 0: True; PCB same sign & >= half: False)
  B.primary  TIER-2 CLAIM (per-subject ratings [PRIMARY]): gm threshold & subject existence & (a) & (b) +0.0000  raw: gm_pass=True, subj_sig=True, same_dir=True, (a) void=False | resid: gm_pass=True, subj_sig=True, same_dir=True, (a) void=True; sign of raw gm: - (prereg +)
  B.primary  TIER-2 CLAIM (group template f [SENSITIVITY]): gm threshold & subject existence & (a) & (b) +0.0000  raw: gm_pass=True, subj_sig=True, same_dir=True, (a) void=False | resid: gm_pass=True, subj_sig=True, same_dir=True, (a) void=True; sign of raw gm: - (prereg +)

  [sensitivity: decay windows [ 5  6  7  8  9 10 11 12 13 14]]
  B.sensitivity raw rho_S DMT vs per-subject ratings [PRIMARY]: group mean (existence test, not thresholded) -0.4267 [-0.5949, -0.2473]  p=0.0010  n_defined=14/14; |rho|>=0.80 in 2 subjects (report only); p_one(prereg dir)=1.0000; sign - vs prereg +; significant vs null: yes
  B.sensitivity raw rho_S DMT vs group template f [SENSITIVITY]: group mean (existence test, not thresholded) -0.4658 [-0.6294, -0.2840]  p=0.0010  n_defined=14/14; |rho|>=0.80 in 2 subjects (report only); p_one(prereg dir)=1.0000; sign - vs prereg +; significant vs null: yes
  B.sensitivity raw rho_S group-mean sts series vs template [THRESHOLDED]  -0.8667  p=0.0300  |rho|>=0.80: PASS; sign - vs prereg +
  B.sensitivity raw control (a): rho_S PCB vs template, group mean         -0.3307 [-0.4494, -0.2087]  p=0.0050  
  B.sensitivity raw control (a): within-subject rho_DMT - rho_PCB (template) -0.1351 [-0.2935, +0.0338]  VOID (CI includes 0: True; PCB same sign & >= half: True)
  B.sensitivity control (b): rho_S window-mean FD (DMT) vs template, group mean +0.5117 [+0.3489, +0.6632]  
  B.sensitivity FD-resid rho_S DMT vs per-subject ratings [PRIMARY]: group mean (existence test, not thresholded) -0.2358 [-0.3757, -0.0903]  p=0.0130  n_defined=14/14; |rho|>=0.80 in 0 subjects (report only); p_one(prereg dir)=0.9950; sign - vs prereg +; significant vs null: yes
  B.sensitivity FD-resid rho_S DMT vs group template f [SENSITIVITY]: group mean (existence test, not thresholded) -0.2797 [-0.4277, -0.1203]  p=0.0050  n_defined=14/14; |rho|>=0.80 in 0 subjects (report only); p_one(prereg dir)=0.9980; sign - vs prereg +; significant vs null: yes
  B.sensitivity FD-resid rho_S group-mean sts series vs template [THRESHOLDED] -0.5152  p=0.2168  |rho|>=0.80: fail; sign - vs prereg +
  B.sensitivity FD-resid control (a): rho_S PCB vs template, group mean    -0.2848 [-0.4199, -0.1558]  p=0.0010  
  B.sensitivity FD-resid control (a): within-subject rho_DMT - rho_PCB (template) +0.0052 [-0.2017, +0.2026]  VOID (CI includes 0: True; PCB same sign & >= half: True)
  B.sensitivity TIER-2 CLAIM (per-subject ratings [PRIMARY]): gm threshold & subject existence & (a) & (b) +0.0000  raw: gm_pass=True, subj_sig=True, same_dir=True, (a) void=True | resid: gm_pass=False, subj_sig=True, same_dir=True, (a) void=True; sign of raw gm: - (prereg +)
  B.sensitivity TIER-2 CLAIM (group template f [SENSITIVITY]): gm threshold & subject existence & (a) & (b) +0.0000  raw: gm_pass=True, subj_sig=True, same_dir=True, (a) void=True | resid: gm_pass=False, subj_sig=True, same_dir=True, (a) void=True; sign of raw gm: - (prereg +)

wrote results/primary_b_ts_gsr_win60.csv
