tables: results
  # script=02_bias_check.py tau=1 kind=gaussian redundancy=MMI n_windows=2000 burn_in=200 seed=20261120 git=c25a310 n_runs=20000 n_boot=2000 m_decide=1338/742 threshold=0.8
nonstat_decay_coupling     W=60 M=1338 prereg  windows  5-14 ( 9 pairs): S_analytic 0.923 [0.851, 0.966] pass | R 1.000 [0.964, 1.000] pass  [criterion table: S_analytic 0.923 [0.851, 0.966], R_boot 0.990 [0.964, 1.000]]
nonstat_decay_coupling     W=60 M=1338 primary windows  6-14 ( 8 pairs): S_analytic 0.925 [0.859, 0.966] pass | R 1.000 [0.950, 1.000] pass
nonstat_decay_coupling     W=60 M= 742 prereg  windows  5-14 ( 9 pairs): S_analytic 0.887 [0.821, 0.935] pass | R 1.000 [0.939, 1.000] pass  [criterion table: S_analytic 0.887 [0.821, 0.935], R_boot 0.984 [0.939, 1.000]]
nonstat_decay_coupling     W=60 M= 742 primary windows  6-14 ( 8 pairs): S_analytic 0.894 [0.832, 0.938] pass | R 1.000 [0.933, 1.000] pass
nonstat_decay_coupling     W=60 M= 151 prereg  windows  5-14 ( 9 pairs): S_analytic 0.760 [0.710, 0.806] FAIL straddles | R 1.000 [0.842, 1.000] pass  [criterion table: S_analytic 0.760 [0.710, 0.806], R_boot 0.942 [0.830, 1.000]]
nonstat_decay_coupling     W=60 M= 151 primary windows  6-14 ( 8 pairs): S_analytic 0.772 [0.722, 0.815] FAIL straddles | R 1.000 [0.783, 1.000] pass straddles
nonstat_decay_coupling     W=30 M=1338 prereg  windows 10-28 (18 pairs): S_analytic 0.710 [0.537, 0.844] FAIL straddles | R 0.995 [0.912, 0.989] pass  [criterion table: S_analytic 0.710 [0.537, 0.844], R_boot 0.958 [0.907, 0.989]]
nonstat_decay_coupling     W=30 M=1338 primary windows 11-28 (17 pairs): S_analytic 0.708 [0.537, 0.842] FAIL straddles | R 0.994 [0.893, 0.988] pass
nonstat_decay_coupling     W=30 M= 742 prereg  windows 10-28 (18 pairs): S_analytic 0.666 [0.529, 0.784] FAIL | R 0.995 [0.870, 0.982] pass  [criterion table: S_analytic 0.666 [0.529, 0.784], R_boot 0.938 [0.867, 0.982]]
nonstat_decay_coupling     W=30 M= 742 primary windows 11-28 (17 pairs): S_analytic 0.665 [0.528, 0.783] FAIL | R 0.994 [0.847, 0.979] pass
nonstat_decay_coupling     W=30 M= 151 prereg  windows 10-28 (18 pairs): S_analytic 0.580 [0.514, 0.644] FAIL | R 0.995 [0.681, 0.939] pass straddles  [criterion table: S_analytic 0.580 [0.514, 0.644], R_boot 0.832 [0.682, 0.937]]
nonstat_decay_coupling     W=30 M= 151 primary windows 11-28 (17 pairs): S_analytic 0.580 [0.513, 0.644] FAIL | R 0.994 [0.618, 0.928] pass straddles
nonstat_decay_noisecorr    W=60 M=1338 prereg  windows  5-14 ( 9 pairs): S_analytic 0.861 [0.763, 0.931] pass straddles | R 1.000 [0.915, 1.000] pass  [criterion table: S_analytic 0.861 [0.763, 0.931], R_boot 0.976 [0.927, 1.000]]
nonstat_decay_noisecorr    W=60 M=1338 primary windows  6-14 ( 8 pairs): S_analytic 0.874 [0.785, 0.936] pass straddles | R 1.000 [0.900, 1.000] pass
nonstat_decay_noisecorr    W=60 M= 742 prereg  windows  5-14 ( 9 pairs): S_analytic 0.823 [0.735, 0.892] pass straddles | R 1.000 [0.891, 1.000] pass  [criterion table: S_analytic 0.823 [0.735, 0.892], R_boot 0.964 [0.903, 1.000]]
nonstat_decay_noisecorr    W=60 M= 742 primary windows  6-14 ( 8 pairs): S_analytic 0.839 [0.757, 0.901] pass straddles | R 1.000 [0.850, 1.000] pass
nonstat_decay_noisecorr    W=60 M= 151 prereg  windows  5-14 ( 9 pairs): S_analytic 0.695 [0.637, 0.749] FAIL | R 1.000 [0.758, 0.988] pass straddles  [criterion table: S_analytic 0.695 [0.637, 0.749], R_boot 0.904 [0.769, 0.988]]
nonstat_decay_noisecorr    W=60 M= 151 primary windows  6-14 ( 8 pairs): S_analytic 0.708 [0.651, 0.760] FAIL | R 1.000 [0.683, 0.983] pass straddles
nonstat_decay_noisecorr    W=30 M=1338 prereg  windows 10-28 (18 pairs): S_analytic 0.622 [0.429, 0.788] FAIL | R 0.996 [0.840, 0.970] pass  [criterion table: S_analytic 0.622 [0.429, 0.788], R_boot 0.917 [0.833, 0.972]]
nonstat_decay_noisecorr    W=30 M=1338 primary windows 11-28 (17 pairs): S_analytic 0.625 [0.433, 0.790] FAIL | R 0.996 [0.812, 0.969] pass
nonstat_decay_noisecorr    W=30 M= 742 prereg  windows 10-28 (18 pairs): S_analytic 0.593 [0.447, 0.728] FAIL | R 0.996 [0.768, 0.954] pass straddles  [criterion table: S_analytic 0.593 [0.447, 0.728], R_boot 0.879 [0.763, 0.954]]
nonstat_decay_noisecorr    W=30 M= 742 primary windows 11-28 (17 pairs): S_analytic 0.596 [0.449, 0.730] FAIL | R 0.996 [0.740, 0.950] pass straddles
nonstat_decay_noisecorr    W=30 M= 151 prereg  windows 10-28 (18 pairs): S_analytic 0.543 [0.476, 0.610] FAIL | R 0.996 [0.388, 0.861] pass straddles  [criterion table: S_analytic 0.543 [0.476, 0.610], R_boot 0.678 [0.381, 0.870]]
nonstat_decay_noisecorr    W=30 M= 151 primary windows 11-28 (17 pairs): S_analytic 0.544 [0.477, 0.611] FAIL | R 0.996 [0.346, 0.851] pass straddles
wrote results/tier_check_decay_windows.csv
