# 11_regional_analysis.py EXPLORATORY variant=ts_gsr regions=115 excluded_regions=20 pre=bins1-8 post=bins11-28 signflip=exact2^14 two-sided fdr=BH q=0.05 spin=rotated_Schaefer_100 (10000 rotations, cortical only) bootstrap=10000 seed=20261120 git=4f7437b
  subject  1 DMT done (19s)
  subject  1 PCB done (38s)
  subject  2 DMT done (56s)
  subject  2 PCB done (75s)
  subject  3 DMT done (95s)
  subject  3 PCB done (113s)
  subject  4 DMT done (131s)
  subject  4 PCB done (150s)
  subject  5 DMT done (169s)
  subject  5 PCB done (188s)
  subject  6 DMT done (208s)
  subject  6 PCB done (226s)
  subject  7 DMT done (243s)
  subject  7 PCB done (261s)
  subject  8 DMT done (278s)
  subject  8 PCB done (297s)
  subject  9 DMT done (315s)
  subject  9 PCB done (333s)
  subject 10 DMT done (352s)
  subject 10 PCB done (371s)
  subject 11 DMT done (389s)
  subject 11 PCB done (407s)
  subject 12 DMT done (425s)
  subject 12 PCB done (443s)
  subject 13 DMT done (462s)
  subject 13 PCB done (480s)
  subject 14 DMT done (499s)
  subject 14 PCB done (518s)
consistency vs atoms_bins_115regions-all_ts_gsr_global.npy: max |region-mean - pair-mean| sts 2.22e-15 rtr 1.11e-16
  consistency                max_abs_diff_sts_vs_saved_pairmean           +0.0000  
  consistency                max_abs_diff_rtr_vs_saved_pairmean           +0.0000  

== per-region DiD (EXPLORATORY): 7 of 115 survive BH FDR q=0.05 (p threshold 0.00304); of these 7 negative, 0 positive; group-mean DiD negative in 114/115 regions
  regional_did               n_regions_fdr_significant                    +7.0000  BH q=0.05, p_thresh=0.00304
  regional_did               n_fdr_significant_negative                   +7.0000  
  regional_did               n_fdr_significant_positive                   +0.0000  
  regional_did               n_groupmean_negative_of_115                  +114.0000  
  regional_did               min_uncorrected_p                            +0.0002  region LH_Default_Par_1
  regional_did               mean_over_regions_of_did                     -0.0801  equals whole-brain pair-mean DiD
  regional_did               n_cortical_fdr_significant                   +7.0000  
  regional_did               n_subcortical_fdr_significant                +0.0000  
  regional_did_fdr_regions   LH_DorsAttn_Post_2                           -0.1474 p=0.0007  orig_index=16 net=3 neg=13/14
  regional_did_fdr_regions   LH_DorsAttn_PrCv_1                           -0.1435 p=0.0027  orig_index=21 net=3 neg=12/14
  regional_did_fdr_regions   LH_Default_Par_1                             -0.1684 p=0.0002  orig_index=39 net=7 neg=13/14
  regional_did_fdr_regions   RH_SomMot_3                                  -0.1039 p=0.0020  orig_index=60 net=2 neg=12/14
  regional_did_fdr_regions   RH_SomMot_8                                  -0.1162 p=0.0026  orig_index=65 net=2 neg=11/14
  regional_did_fdr_regions   RH_SalVentAttn_TempOccPar_2                  -0.1057 p=0.0018  orig_index=74 net=4 neg=13/14
  regional_did_fdr_regions   RH_Default_Temp_3                            -0.1527 p=0.0009  orig_index=92 net=7 neg=13/14

== spin test: 10000 rotations of the 100 cortical parcels; region 20 NaN in both maps
  spatial_spin_cortical99    rho_5HT2A                                    -0.1602 p=0.1164  two-sided spin p; Vasa one-sided-avg p=0.0697; null SD 0.101; BH(5) sig=0
  spatial_descriptive_115    rho_5HT2A_incl_subcortex_no_p                -0.2303  no spatial null for subcortex
  spatial_spin_cortical99    rho_5HT1A                                    +0.0094 p=0.9288  two-sided spin p; Vasa one-sided-avg p=0.4667; null SD 0.106; BH(5) sig=0
  spatial_descriptive_115    rho_5HT1A_incl_subcortex_no_p                -0.0987  no spatial null for subcortex
  spatial_spin_cortical99    rho_5HT1B                                    -0.0936 p=0.3515  two-sided spin p; Vasa one-sided-avg p=0.1845; null SD 0.100; BH(5) sig=0
  spatial_descriptive_115    rho_5HT1B_incl_subcortex_no_p                -0.1436  no spatial null for subcortex
  spatial_spin_cortical99    rho_5HT4                                     -0.0836 p=0.4221  two-sided spin p; Vasa one-sided-avg p=0.2279; null SD 0.104; BH(5) sig=0
  spatial_descriptive_115    rho_5HT4_incl_subcortex_no_p                 +0.0079  no spatial null for subcortex
  spatial_spin_cortical99    rho_5HTT                                     +0.1043 p=0.3244  two-sided spin p; Vasa one-sided-avg p=0.1448; null SD 0.103; BH(5) sig=0
  spatial_descriptive_115    rho_5HTT_incl_subcortex_no_p                 +0.1957  no spatial null for subcortex
  spatial_spin_cortical99    bh_threshold_across_5_maps                   +0.0000  
receptor inter-correlation (Spearman, 115 regions):
  5HT2A  +1.00 +0.53 +0.53 +0.44 -0.45
  receptor_intercorrelation  5HT2A_vs_5HT4                                +0.4365  
  receptor_intercorrelation  5HT2A_vs_5HTT                                -0.4514  
  5HT1A  +0.53 +1.00 -0.00 +0.40 -0.10
  receptor_intercorrelation  5HT1A_vs_5HT2A                               +0.5324  
  receptor_intercorrelation  5HT1A_vs_5HT1B                               -0.0022  
  receptor_intercorrelation  5HT1A_vs_5HT4                                +0.4047  
  receptor_intercorrelation  5HT1A_vs_5HTT                                -0.0998  
  5HT1B  +0.53 -0.00 +1.00 +0.06 -0.36
  receptor_intercorrelation  5HT1B_vs_5HT2A                               +0.5285  
  receptor_intercorrelation  5HT1B_vs_5HT4                                +0.0561  
  receptor_intercorrelation  5HT1B_vs_5HTT                                -0.3643  
  5HT4   +0.44 +0.40 +0.06 +1.00 +0.07
  receptor_intercorrelation  5HT4_vs_5HTT                                 +0.0682  
  5HTT   -0.45 -0.10 -0.36 +0.07 +1.00

== workspace comparison (network-level proxies of Luppi et al. 2024; EXPLORATORY)
  workspace_primary_Default+Cont workspace_minus_nonworkspace_vs_noncortex_ws -0.0095 [-0.0230, +0.0050] p=0.2156  n_ws=37 n_non=62 neg=9/14
  workspace_primary_Default+Cont workspace_mean_did_vs_noncortex_ws           -0.0885 [-0.1457, -0.0329] p=0.0078  
  workspace_primary_Default+Cont nonworkspace_mean_did_vs_noncortex_ws        -0.0791 [-0.1299, -0.0290] p=0.0083  
  workspace_primary_Default+Cont gateway_proxy_minus_nonworkspace_vs_noncortex_ws -0.0189 [-0.0356, -0.0012] p=0.0596  n=24 neg=10/14
  workspace_primary_Default+Cont broadcaster_proxy_minus_nonworkspace_vs_noncortex_ws +0.0079 [-0.0128, +0.0285] p=0.4735  n=13 neg=5/14
  workspace_primary_Default+Cont workspace_minus_nonworkspace_vs_noncortex_ws+subcortex -0.0124 [-0.0264, +0.0024] p=0.1300  n_ws=37 n_non=78 neg=10/14
  workspace_primary_Default+Cont workspace_mean_did_vs_noncortex_ws+subcortex -0.0885 [-0.1451, -0.0327] p=0.0078  
  workspace_primary_Default+Cont nonworkspace_mean_did_vs_noncortex_ws+subcortex -0.0761 [-0.1238, -0.0288] p=0.0083  
  workspace_primary_Default+Cont gateway_proxy_minus_nonworkspace_vs_noncortex_ws+subcortex -0.0219 [-0.0399, -0.0028] p=0.0466  n=24 neg=9/14
  workspace_primary_Default+Cont broadcaster_proxy_minus_nonworkspace_vs_noncortex_ws+subcortex +0.0049 [-0.0161, +0.0238] p=0.6442  n=13 neg=6/14
  workspace_primary_Default+Cont gateway_proxy_minus_broadcaster_proxy        -0.0268 [-0.0514, -0.0007] p=0.0723  n_gw=24 n_bc=13
  workspace_named_subregion  workspace_minus_nonworkspace_vs_noncortex_ws -0.0108 [-0.0305, +0.0099] p=0.3250  n_ws=26 n_non=73 neg=8/14
  workspace_named_subregion  workspace_mean_did_vs_noncortex_ws           -0.0905 [-0.1502, -0.0329] p=0.0087  
  workspace_named_subregion  nonworkspace_mean_did_vs_noncortex_ws        -0.0798 [-0.1304, -0.0291] p=0.0084  
  workspace_named_subregion  gateway_proxy_minus_nonworkspace_vs_noncortex_ws -0.0155 [-0.0371, +0.0072] p=0.2017  n=21 neg=9/14
  workspace_named_subregion  broadcaster_proxy_minus_nonworkspace_vs_noncortex_ws +0.0091 [-0.0215, +0.0423] p=0.5975  n=5 neg=8/14
  workspace_named_subregion  workspace_minus_nonworkspace_vs_noncortex_ws+subcortex -0.0135 [-0.0337, +0.0074] p=0.2347  n_ws=26 n_non=89 neg=9/14
  workspace_named_subregion  workspace_mean_did_vs_noncortex_ws+subcortex -0.0905 [-0.1502, -0.0337] p=0.0087  
  workspace_named_subregion  nonworkspace_mean_did_vs_noncortex_ws+subcortex -0.0770 [-0.1251, -0.0295] p=0.0079  
  workspace_named_subregion  gateway_proxy_minus_nonworkspace_vs_noncortex_ws+subcortex -0.0183 [-0.0409, +0.0056] p=0.1533  n=21 neg=9/14
  workspace_named_subregion  broadcaster_proxy_minus_nonworkspace_vs_noncortex_ws+subcortex +0.0064 [-0.0236, +0.0377] p=0.7010  n=5 neg=6/14
  workspace_named_subregion  gateway_proxy_minus_broadcaster_proxy        -0.0246 [-0.0587, +0.0092] p=0.1895  n_gw=21 n_bc=5

== rank-rule check on the placebo run (descriptive; not used for selection)
  rankrule_placebo           n_rankrule_workspace_of_115                  +52.0000  
  rankrule_placebo           n_rankrule_cortical                          +45.0000  
  rankrule_placebo           n_rankrule_subcortical                       +7.0000  
  rankrule_placebo           overlap_with_primary_proxy_count             +20.0000  proxy n=37; rule cortical n=45
  rankrule_placebo           jaccard_rule_vs_primary_proxy_cortical       +0.3226  
  rankrule_placebo           spearman_rank_sts_vs_rank_rtr_115            +0.3922  
  rankrule_placebo_composition Vis_rule_count_of_17                         +7.0000  
  rankrule_placebo_composition SomMot_rule_count_of_14                      +2.0000  
  rankrule_placebo_composition DorsAttn_rule_count_of_14                    +9.0000  
  rankrule_placebo_composition SalVentAttn_rule_count_of_12                 +3.0000  
  rankrule_placebo_composition Limbic_rule_count_of_5                       +4.0000  
  rankrule_placebo_composition Cont_rule_count_of_13                        +8.0000  
  rankrule_placebo_composition Default_rule_count_of_24                     +12.0000  
  rankrule_placebo_composition Subcortex_rule_count_of_16                   +7.0000  
  rankrule_dmt_descriptive   n_rankrule_workspace_of_115                  +45.0000  
  rankrule_dmt_descriptive   n_regions_same_membership_as_placebo         +106.0000  

wrote results/regional_analysis_ts_gsr.csv, results/regional_did_map_ts_gsr.csv, results/regional_atoms_bins_115regions-all_ts_gsr_global.npy  (552s)
