variant=ts_gsr  placebo-fitted=atoms_bins_115regions-all_ts_gsr_placebo.npy  global=atoms_bins_115regions-all_ts_gsr_global.npy  git=2af901c
PCB scored on bins 15-28 only (fit on TRs 0-419); DMT scored on bins 1-28. Both out-of-sample under the placebo-fitted model.

[placebo-fitted]  (i) within-DMT step, primary (bins 11-28) minus bins 1-8
  sts          DMT post=  1.3041        DMT pre=  1.3549  diff= -0.0508 [ -0.1047,  +0.0137]  p= 0.1338  neg/14=11  share=  -3.7 %
  rtr          DMT post=  0.0148        DMT pre=  0.0181  diff= -0.0034 [ -0.0075,  +0.0005]  p= 0.1359  neg/14= 9  share= -18.5 %
  total        DMT post=  1.3578        DMT pre=  1.4083  diff= -0.0505 [ -0.1103,  +0.0198]  p= 0.1741  neg/14=11  share=  -3.6 %

[placebo-fitted]  (i) within-DMT step, sensitivity (bins 9-28) minus bins 1-8
  sts          DMT post=  1.3072        DMT pre=  1.3549  diff= -0.0477 [ -0.1001,  +0.0148]  p= 0.1467  neg/14=11  share=  -3.5 %
  rtr          DMT post=  0.0143        DMT pre=  0.0181  diff= -0.0038 [ -0.0079,  +0.0001]  p= 0.0974  neg/14= 9  share= -21.0 %
  total        DMT post=  1.3580        DMT pre=  1.4083  diff= -0.0503 [ -0.1087,  +0.0192]  p= 0.1683  neg/14=11  share=  -3.6 %

[placebo-fitted]  (ii) DMT minus PCB on matched out-of-sample bins 15-28
  sts               DMT=  1.3213            PCB=  1.4323  diff= -0.1110 [ -0.1803,  -0.0593]  p= 0.0005  neg/14=13  share=  -7.8 %
  rtr               DMT=  0.0155            PCB=  0.0127  diff= +0.0028 [ -0.0020,  +0.0075]  p= 0.2781  neg/14= 7  share= +22.3 %
  total             DMT=  1.3738            PCB=  1.4556  diff= -0.0817 [ -0.1438,  -0.0332]  p= 0.0031  neg/14=13  share=  -5.6 %

[global (native fit, same bins)]  (i) within-DMT step, primary (bins 11-28) minus bins 1-8
  sts          DMT post=  1.2564        DMT pre=  1.3085  diff= -0.0521 [ -0.0947,  -0.0068]  p= 0.0450  neg/14=11  share=  -4.0 %
  rtr          DMT post=  0.0186        DMT pre=  0.0248  diff= -0.0062 [ -0.0122,  -0.0001]  p= 0.0752  neg/14= 9  share= -24.8 %
  total        DMT post=  1.3569        DMT pre=  1.4421  diff= -0.0852 [ -0.1461,  -0.0221]  p= 0.0248  neg/14=11  share=  -5.9 %

[global (native fit, same bins)]  (i) within-DMT step, sensitivity (bins 9-28) minus bins 1-8
  sts          DMT post=  1.2570        DMT pre=  1.3085  diff= -0.0515 [ -0.0937,  -0.0061]  p= 0.0452  neg/14=11  share=  -3.9 %
  rtr          DMT post=  0.0185        DMT pre=  0.0248  diff= -0.0063 [ -0.0121,  -0.0003]  p= 0.0657  neg/14= 9  share= -25.5 %
  total        DMT post=  1.3568        DMT pre=  1.4421  diff= -0.0853 [ -0.1443,  -0.0234]  p= 0.0236  neg/14=11  share=  -5.9 %

[global (native fit, same bins)]  (ii) DMT minus PCB on matched out-of-sample bins 15-28
  sts               DMT=  1.2696            PCB=  1.3232  diff= -0.0536 [ -0.0941,  -0.0241]  p= 0.0010  neg/14=12  share=  -4.1 %
  rtr               DMT=  0.0199            PCB=  0.0222  diff= -0.0024 [ -0.0069,  +0.0022]  p= 0.3341  neg/14= 9  share= -10.6 %
  total             DMT=  1.3741            PCB=  1.4489  diff= -0.0748 [ -0.1243,  -0.0336]  p= 0.0024  neg/14=13  share=  -5.2 %

wrote results/robustness_c_ts_gsr.csv
