variant=ts_demean regions=115 pairs=6555 git=66b570e-dirty
bins with fewer than 30 TRs (subject, cond, bin0, n): [(2, 1, 27, np.int64(29))]

mean pairwise Pearson r per bin, 14-subject group mean
bin :      1      2      3      4      5      6      7      8      9     10     11     12     13     14     15     16     17     18     19     20     21     22     23     24     25     26     27     28
DMT : 0.2008 0.1828 0.1909 0.1808 0.2051 0.1958 0.1839 0.1839 0.3256 0.2869 0.2262 0.2685 0.2515 0.2543 0.2036 0.2037 0.2184 0.2587 0.2047 0.2268 0.2379 0.2298 0.2500 0.2602 0.2406 0.2286 0.2125 0.2201
PCB : 0.2102 0.2005 0.1525 0.1489 0.1544 0.1549 0.1509 0.2778 0.3364 0.1416 0.1545 0.1522 0.1540 0.1711 0.1888 0.1740 0.1952 0.1613 0.1622 0.1832 0.1590 0.1953 0.1683 0.1695 0.1699 0.1796 0.1722 0.1723
D-P : -0.0094 -0.0177 +0.0384 +0.0318 +0.0507 +0.0409 +0.0330 -0.0939 -0.0108 +0.1453 +0.0717 +0.1163 +0.0975 +0.0832 +0.0148 +0.0296 +0.0232 +0.0974 +0.0426 +0.0436 +0.0789 +0.0346 +0.0817 +0.0907 +0.0707 +0.0490 +0.0403 +0.0478

set                    quantity               name                       value     ci_lo     ci_hi       p neg pos
primary_bins11-28      mean_r                 DMT_post_minus_pre       +0.0426   +0.0006   +0.0872  0.0934   4  10
primary_bins11-28      mean_r                 PCB_post_minus_pre       -0.0100   -0.0378   +0.0111  0.5875   5   9
primary_bins11-28      mean_r                 DiD                      +0.0526   +0.0073   +0.0976  0.0470   4  10
primary_bins11-28      mean_r                 pre_DMT_mean             +0.1905                                    
primary_bins11-28      mean_r                 pre_PCB_mean             +0.1813                                    
primary_bins11-28      mean_r                 DiD_share_of_pre_DMT     +0.2763                                    
primary_bins11-28      sts_global_fit_nats    DMT_post_minus_pre       -0.0684   -0.1279   +0.0003  0.0642   9   5
primary_bins11-28      sts_global_fit_nats    PCB_post_minus_pre       +0.0351   +0.0043   +0.0652  0.0540   3  11
primary_bins11-28      sts_global_fit_nats    DiD                      -0.1035   -0.1678   -0.0357  0.0132  11   3
primary_bins11-28      sts_global_fit_nats    pre_DMT_mean             +1.2403                                    
primary_bins11-28      sts_global_fit_nats    pre_PCB_mean             +1.2235                                    
primary_bins11-28      sts_global_fit_nats    DiD_share_of_pre_DMT     -0.0834                                    
sensitivity_bins9-28   mean_r                 DMT_post_minus_pre       +0.0500   +0.0097   +0.0939  0.0468   4  10
sensitivity_bins9-28   mean_r                 PCB_post_minus_pre       -0.0032   -0.0314   +0.0177  0.8687   4  10
sensitivity_bins9-28   mean_r                 DiD                      +0.0532   +0.0113   +0.0930  0.0322   4  10
sensitivity_bins9-28   mean_r                 pre_DMT_mean             +0.1905                                    
sensitivity_bins9-28   mean_r                 pre_PCB_mean             +0.1813                                    
sensitivity_bins9-28   mean_r                 DiD_share_of_pre_DMT     +0.2792                                    
sensitivity_bins9-28   sts_global_fit_nats    DMT_post_minus_pre       -0.0613   -0.1173   +0.0032  0.0781   9   5
sensitivity_bins9-28   sts_global_fit_nats    PCB_post_minus_pre       +0.0297   -0.0005   +0.0591  0.0864   4  10
sensitivity_bins9-28   sts_global_fit_nats    DiD                      -0.0909   -0.1536   -0.0254  0.0175  11   3
sensitivity_bins9-28   sts_global_fit_nats    pre_DMT_mean             +1.2403                                    
sensitivity_bins9-28   sts_global_fit_nats    pre_PCB_mean             +1.2235                                    
sensitivity_bins9-28   sts_global_fit_nats    DiD_share_of_pre_DMT     -0.0733                                    
peak_bins9-14          mean_r                 DMT_post_minus_pre       +0.0783   +0.0342   +0.1289  0.0029   3  11
peak_bins9-14          mean_r                 PCB_post_minus_pre       +0.0037   -0.0261   +0.0316  0.8102   6   8
peak_bins9-14          mean_r                 DiD                      +0.0746   +0.0293   +0.1282  0.0046   3  11
peak_bins9-14          mean_r                 pre_DMT_mean             +0.1905                                    
peak_bins9-14          mean_r                 pre_PCB_mean             +0.1813                                    
peak_bins9-14          mean_r                 DiD_share_of_pre_DMT     +0.3918                                    
peak_bins9-14          sts_global_fit_nats    DMT_post_minus_pre       -0.0887   -0.1527   -0.0226  0.0238  11   3
peak_bins9-14          sts_global_fit_nats    PCB_post_minus_pre       -0.0077   -0.0377   +0.0228  0.6373   8   6
peak_bins9-14          sts_global_fit_nats    DiD                      -0.0810   -0.1446   -0.0176  0.0348  11   3
peak_bins9-14          sts_global_fit_nats    pre_DMT_mean             +1.2403                                    
peak_bins9-14          sts_global_fit_nats    pre_PCB_mean             +1.2235                                    
peak_bins9-14          sts_global_fit_nats    DiD_share_of_pre_DMT     -0.0653                                    

wrote results/global_fc_did_ts_demean.csv
