variant=ts_gsr W=30 windows=28 sts from atoms_win30_115regions-all_ts_gsr_window.npy; local from atoms_win30_local_115regions-all_ts_gsr_window.npy; git=ac1fdc0
pre=[1 2 3 4 5 6 7 8] primary post/decay=[11 12 13 14 15 16 17 18 19 20 21 22 23 24 25 26 27 28] sensitivity=[10 11 12 13 14 15 16 17 18 19 20 21 22 23 24 25 26 27 28]

generating 1000 phase-randomised surrogates per subject and condition ...

SECTION A — step contrast on whole-brain mean sts
  A          pre-injection DMT mean sts (windows 1-4)                   +1.0223  
  A          pre-injection PCB mean sts (windows 1-4)                   +1.0063  
  A.fd       window-mean FD DMT window 1 (group mean; note = subject SD) +0.1337  sd=0.0448
  A.fd       window-mean FD DMT window 2 (group mean; note = subject SD) +0.1277  sd=0.0300
  A.fd       window-mean FD DMT window 3 (group mean; note = subject SD) +0.1403  sd=0.0583
  A.fd       window-mean FD DMT window 4 (group mean; note = subject SD) +0.1234  sd=0.0407
  A.fd       window-mean FD DMT window 5 (group mean; note = subject SD) +0.1357  sd=0.0459
  A.fd       window-mean FD DMT window 6 (group mean; note = subject SD) +0.1137  sd=0.0355
  A.fd       window-mean FD DMT window 7 (group mean; note = subject SD) +0.1162  sd=0.0395
  A.fd       window-mean FD DMT window 8 (group mean; note = subject SD) +0.1176  sd=0.0435
  A.fd       window-mean FD DMT window 9 (group mean; note = subject SD) +0.2156  sd=0.0774
  A.fd       window-mean FD DMT window 10 (group mean; note = subject SD) +0.1903  sd=0.0655
  A.fd       window-mean FD DMT window 11 (group mean; note = subject SD) +0.1715  sd=0.0550
  A.fd       window-mean FD DMT window 12 (group mean; note = subject SD) +0.1742  sd=0.0831
  A.fd       window-mean FD DMT window 13 (group mean; note = subject SD) +0.1675  sd=0.0635
  A.fd       window-mean FD DMT window 14 (group mean; note = subject SD) +0.1553  sd=0.0694
  A.fd       window-mean FD DMT window 15 (group mean; note = subject SD) +0.1334  sd=0.0554
  A.fd       window-mean FD DMT window 16 (group mean; note = subject SD) +0.1321  sd=0.0579
  A.fd       window-mean FD DMT window 17 (group mean; note = subject SD) +0.1309  sd=0.0712
  A.fd       window-mean FD DMT window 18 (group mean; note = subject SD) +0.1426  sd=0.0913
  A.fd       window-mean FD DMT window 19 (group mean; note = subject SD) +0.1188  sd=0.0679
  A.fd       window-mean FD DMT window 20 (group mean; note = subject SD) +0.1231  sd=0.0476
  A.fd       window-mean FD DMT window 21 (group mean; note = subject SD) +0.1299  sd=0.0776
  A.fd       window-mean FD DMT window 22 (group mean; note = subject SD) +0.1344  sd=0.0743
  A.fd       window-mean FD DMT window 23 (group mean; note = subject SD) +0.1148  sd=0.0549
  A.fd       window-mean FD DMT window 24 (group mean; note = subject SD) +0.1174  sd=0.0347
  A.fd       window-mean FD DMT window 25 (group mean; note = subject SD) +0.1190  sd=0.0412
  A.fd       window-mean FD DMT window 26 (group mean; note = subject SD) +0.1161  sd=0.0512
  A.fd       window-mean FD DMT window 27 (group mean; note = subject SD) +0.1235  sd=0.0444
  A.fd       window-mean FD DMT window 28 (group mean; note = subject SD) +0.1067  sd=0.0458
  A.fd       window-mean FD PCB window 1 (group mean; note = subject SD) +0.1438  sd=0.0497
  A.fd       window-mean FD PCB window 2 (group mean; note = subject SD) +0.1296  sd=0.0369
  A.fd       window-mean FD PCB window 3 (group mean; note = subject SD) +0.1314  sd=0.0482
  A.fd       window-mean FD PCB window 4 (group mean; note = subject SD) +0.1301  sd=0.0474
  A.fd       window-mean FD PCB window 5 (group mean; note = subject SD) +0.1270  sd=0.0446
  A.fd       window-mean FD PCB window 6 (group mean; note = subject SD) +0.1267  sd=0.0435
  A.fd       window-mean FD PCB window 7 (group mean; note = subject SD) +0.1203  sd=0.0386
  A.fd       window-mean FD PCB window 8 (group mean; note = subject SD) +0.1214  sd=0.0456
  A.fd       window-mean FD PCB window 9 (group mean; note = subject SD) +0.1666  sd=0.0521
  A.fd       window-mean FD PCB window 10 (group mean; note = subject SD) +0.1207  sd=0.0457
  A.fd       window-mean FD PCB window 11 (group mean; note = subject SD) +0.1139  sd=0.0358
  A.fd       window-mean FD PCB window 12 (group mean; note = subject SD) +0.1155  sd=0.0325
  A.fd       window-mean FD PCB window 13 (group mean; note = subject SD) +0.1169  sd=0.0319
  A.fd       window-mean FD PCB window 14 (group mean; note = subject SD) +0.1187  sd=0.0315
  A.fd       window-mean FD PCB window 15 (group mean; note = subject SD) +0.1203  sd=0.0294
  A.fd       window-mean FD PCB window 16 (group mean; note = subject SD) +0.1106  sd=0.0280
  A.fd       window-mean FD PCB window 17 (group mean; note = subject SD) +0.1224  sd=0.0376
  A.fd       window-mean FD PCB window 18 (group mean; note = subject SD) +0.1186  sd=0.0529
  A.fd       window-mean FD PCB window 19 (group mean; note = subject SD) +0.1228  sd=0.0440
  A.fd       window-mean FD PCB window 20 (group mean; note = subject SD) +0.1235  sd=0.0516
  A.fd       window-mean FD PCB window 21 (group mean; note = subject SD) +0.1319  sd=0.0562
  A.fd       window-mean FD PCB window 22 (group mean; note = subject SD) +0.1160  sd=0.0394
  A.fd       window-mean FD PCB window 23 (group mean; note = subject SD) +0.1121  sd=0.0432
  A.fd       window-mean FD PCB window 24 (group mean; note = subject SD) +0.1351  sd=0.0519
  A.fd       window-mean FD PCB window 25 (group mean; note = subject SD) +0.1234  sd=0.0481
  A.fd       window-mean FD PCB window 26 (group mean; note = subject SD) +0.1263  sd=0.0534
  A.fd       window-mean FD PCB window 27 (group mean; note = subject SD) +0.1314  sd=0.0591
  A.fd       window-mean FD PCB window 28 (group mean; note = subject SD) +0.1430  sd=0.0639
  A.primary  DMT post-pre sts                                           -0.0390 [-0.0680, -0.0058]  p=0.0354  
  A.primary  PCB post-pre sts                                           +0.0296 [+0.0076, +0.0531]  p=0.0269  
  A.primary  DiD raw: mean                                              -0.0686 [-0.1084, -0.0293]  p=0.0042  share of pre-injection DMT mean = -6.7 %; negative in 13/14
  A.primary  DiD raw: phase-randomised null p (two-sided)               +0.0010  null mean +0.0008 sd 0.0199
  A.primary  DiD raw: sign vs PREREG_DIRECTION (+1 = up)                -1.0000  REFUTATION of up-regulation (directional-failure rule)
  A.primary  FD DiD (same form)                                         +0.0143 [-0.0070, +0.0368]  p=0.2452  
  A.primary  DiD FD-residualised (all windows, per subject x condition): mean -0.0545 [-0.0836, -0.0215]  p=0.0065  SURVIVES motion control; negative in 13/14
  A.sensitivity DMT post-pre sts                                           -0.0407 [-0.0698, -0.0084]  p=0.0311  
  A.sensitivity PCB post-pre sts                                           +0.0252 [+0.0035, +0.0476]  p=0.0490  
  A.sensitivity DiD raw: mean                                              -0.0658 [-0.1072, -0.0261]  p=0.0067  share of pre-injection DMT mean = -6.4 %; negative in 12/14
  A.sensitivity DiD raw: phase-randomised null p (two-sided)               +0.0010  null mean +0.0009 sd 0.0195
  A.sensitivity DiD raw: sign vs PREREG_DIRECTION (+1 = up)                -1.0000  REFUTATION of up-regulation (directional-failure rule)
  A.sensitivity FD DiD (same form)                                         +0.0174 [-0.0038, +0.0393]  p=0.1550  
  A.sensitivity DiD FD-residualised (all windows, per subject x condition): mean -0.0514 [-0.0799, -0.0179]  p=0.0109  SURVIVES motion control; negative in 12/14

SECTION B — tier-2 tracking on the decay windows (DMT run)

  [primary: decay windows [11 12 13 14 15 16 17 18 19 20 21 22 23 24 25 26 27 28]]
  B.primary  raw rho_S DMT vs per-subject ratings [PRIMARY]: group mean (existence test, not thresholded) -0.3876 [-0.5201, -0.2616]  p=0.0010  n_defined=14/14; |rho|>=0.80 in 2 subjects (report only); p_one(prereg dir)=1.0000; sign - vs prereg +; significant vs null: yes
  B.primary  raw rho_S DMT vs group template f [SENSITIVITY]: group mean (existence test, not thresholded) -0.4075 [-0.5486, -0.2713]  p=0.0010  n_defined=14/14; |rho|>=0.80 in 1 subjects (report only); p_one(prereg dir)=1.0000; sign - vs prereg +; significant vs null: yes
  B.primary  raw rho_S group-mean sts series vs template [THRESHOLDED]  -0.9752  p=0.0010  |rho|>=0.80: PASS; sign - vs prereg +
  B.primary  raw control (a): rho_S PCB vs template, group mean         -0.1846 [-0.3112, -0.0634]  p=0.0300  
  B.primary  raw control (a): within-subject rho_DMT - rho_PCB (template) -0.2229 [-0.4146, -0.0430]  clears control (a) (CI includes 0: False; PCB same sign & >= half: False)
  B.primary  control (b): rho_S window-mean FD (DMT) vs template, group mean +0.3534 [+0.1492, +0.5319]  
  B.primary  FD-resid rho_S DMT vs per-subject ratings [PRIMARY]: group mean (existence test, not thresholded) -0.2665 [-0.3715, -0.1682]  p=0.0020  n_defined=14/14; |rho|>=0.80 in 0 subjects (report only); p_one(prereg dir)=0.9990; sign - vs prereg +; significant vs null: yes
  B.primary  FD-resid rho_S DMT vs group template f [SENSITIVITY]: group mean (existence test, not thresholded) -0.2791 [-0.3982, -0.1614]  p=0.0010  n_defined=14/14; |rho|>=0.80 in 0 subjects (report only); p_one(prereg dir)=1.0000; sign - vs prereg +; significant vs null: yes
  B.primary  FD-resid rho_S group-mean sts series vs template [THRESHOLDED] -0.8535  p=0.0020  |rho|>=0.80: PASS; sign - vs prereg +
  B.primary  FD-resid control (a): rho_S PCB vs template, group mean    -0.1330 [-0.2492, -0.0175]  p=0.0480  
  B.primary  FD-resid control (a): within-subject rho_DMT - rho_PCB (template) -0.1461 [-0.3369, +0.0308]  VOID (CI includes 0: True; PCB same sign & >= half: False)
  B.primary  TIER-2 CLAIM (per-subject ratings [PRIMARY]): gm threshold & subject existence & (a) & (b) +0.0000  raw: gm_pass=True, subj_sig=True, same_dir=True, (a) void=False | resid: gm_pass=True, subj_sig=True, same_dir=True, (a) void=True; sign of raw gm: - (prereg +)
  B.primary  TIER-2 CLAIM (group template f [SENSITIVITY]): gm threshold & subject existence & (a) & (b) +0.0000  raw: gm_pass=True, subj_sig=True, same_dir=True, (a) void=False | resid: gm_pass=True, subj_sig=True, same_dir=True, (a) void=True; sign of raw gm: - (prereg +)

  [sensitivity: decay windows [10 11 12 13 14 15 16 17 18 19 20 21 22 23 24 25 26 27 28]]
  B.sensitivity raw rho_S DMT vs per-subject ratings [PRIMARY]: group mean (existence test, not thresholded) -0.3967 [-0.5283, -0.2618]  p=0.0010  n_defined=14/14; |rho|>=0.80 in 2 subjects (report only); p_one(prereg dir)=1.0000; sign - vs prereg +; significant vs null: yes
  B.sensitivity raw rho_S DMT vs group template f [SENSITIVITY]: group mean (existence test, not thresholded) -0.4197 [-0.5533, -0.2846]  p=0.0010  n_defined=14/14; |rho|>=0.80 in 1 subjects (report only); p_one(prereg dir)=1.0000; sign - vs prereg +; significant vs null: yes
  B.sensitivity raw rho_S group-mean sts series vs template [THRESHOLDED]  -0.9684  p=0.0010  |rho|>=0.80: PASS; sign - vs prereg +
  B.sensitivity raw control (a): rho_S PCB vs template, group mean         -0.2559 [-0.3900, -0.1296]  p=0.0010  
  B.sensitivity raw control (a): within-subject rho_DMT - rho_PCB (template) -0.1638 [-0.3341, +0.0028]  VOID (CI includes 0: True; PCB same sign & >= half: True)
  B.sensitivity control (b): rho_S window-mean FD (DMT) vs template, group mean +0.4054 [+0.2361, +0.5599]  
  B.sensitivity FD-resid rho_S DMT vs per-subject ratings [PRIMARY]: group mean (existence test, not thresholded) -0.2602 [-0.3677, -0.1595]  p=0.0030  n_defined=14/14; |rho|>=0.80 in 0 subjects (report only); p_one(prereg dir)=0.9980; sign - vs prereg +; significant vs null: yes
  B.sensitivity FD-resid rho_S DMT vs group template f [SENSITIVITY]: group mean (existence test, not thresholded) -0.2781 [-0.3925, -0.1655]  p=0.0020  n_defined=14/14; |rho|>=0.80 in 0 subjects (report only); p_one(prereg dir)=0.9990; sign - vs prereg +; significant vs null: yes
  B.sensitivity FD-resid rho_S group-mean sts series vs template [THRESHOLDED] -0.8000  p=0.0030  |rho|>=0.80: PASS; sign - vs prereg +
  B.sensitivity FD-resid control (a): rho_S PCB vs template, group mean    -0.1680 [-0.2985, -0.0406]  p=0.0080  
  B.sensitivity FD-resid control (a): within-subject rho_DMT - rho_PCB (template) -0.1100 [-0.2907, +0.0729]  VOID (CI includes 0: True; PCB same sign & >= half: True)
  B.sensitivity TIER-2 CLAIM (per-subject ratings [PRIMARY]): gm threshold & subject existence & (a) & (b) +0.0000  raw: gm_pass=True, subj_sig=True, same_dir=True, (a) void=True | resid: gm_pass=True, subj_sig=True, same_dir=True, (a) void=True; sign of raw gm: - (prereg +)
  B.sensitivity TIER-2 CLAIM (group template f [SENSITIVITY]): gm threshold & subject existence & (a) & (b) +0.0000  raw: gm_pass=True, subj_sig=True, same_dir=True, (a) void=True | resid: gm_pass=True, subj_sig=True, same_dir=True, (a) void=True; sign of raw gm: - (prereg +)

wrote results/primary_b_ts_gsr_win30.csv
