12_figures.py  seed=20261120  git=1fb074f

== Figure 1: whole-brain mean sts per window, ts_gsr, W=60
  source: atoms_win60_115regions-all_ts_gsr_window.npy; pre-injection means DMT 1.1554 PCB 1.1378 (match primary_b_ts_gsr_win60.csv)
  window  t(min)  DMT mean  DMT SEM  PCB mean  PCB SEM
       1     1.0    1.1627   0.0168    1.1214   0.0158
       2     3.0    1.1446   0.0206    1.1282   0.0160
       3     5.0    1.1386   0.0216    1.1499   0.0174
       4     7.0    1.1756   0.0343    1.1516   0.0148
       5     9.0    1.1002   0.0217    1.0882   0.0207
       6    11.0    1.0473   0.0167    1.1456   0.0198
       7    13.0    1.0687   0.0102    1.1397   0.0181
       8    15.0    1.0792   0.0194    1.1745   0.0212
       9    17.0    1.0897   0.0184    1.1662   0.0212
      10    19.0    1.1010   0.0146    1.1707   0.0230
      11    21.0    1.1296   0.0145    1.1815   0.0181
      12    23.0    1.1272   0.0178    1.1821   0.0180
      13    25.0    1.1400   0.0163    1.1933   0.0204
      14    27.0    1.1794   0.0168    1.1782   0.0213
  group-mean DMT intensity per bin: 0.64 0.36 0.36 0.29 0.36 0.29 0.21 0.36 8.50 9.29 8.71 7.86 6.79 5.86 5.07 4.43 3.71 3.21 2.43 2.00 1.71 1.36 1.21 1.00 0.79 0.64 0.71 0.43
  group-mean PCB intensity per bin: 0.07 0.07 0.00 0.07 0.07 0.00 0.07 0.14 0.29 0.00 0.14 0.00 0.00 0.00 0.00 0.00 0.00 0.00 0.00 0.00 0.00 0.00 0.00 0.00 0.00 0.00 0.00 0.00
  wrote manuscript/figures/fig1_sts_timecourse_ts_gsr_win60.png / .pdf

== Figure 2: per-subject DiD, primary windows 6-14 vs 1-4, W=60
  ts_gsr: source atoms_win60_115regions-all_ts_gsr_window.npy; per-subject DiD (subject order 1-14): -0.0813 -0.0446 -0.1572 -0.1379 -0.0118 -0.0536 -0.0653 -0.2795 -0.1316 -0.1533 -0.0405 -0.0677 -0.0027 +0.0949
  ts_gsr: mean -0.0809 [-0.1261, -0.0377] p=0.0038  negative 13/14  (share of pre-injection DMT mean = -7.0 %; negative in 13/14)
  ts_demean: source atoms_win60_115regions-all_ts_demean_window.npy; per-subject DiD (subject order 1-14): -0.0343 +0.0040 -0.1578 -0.1458 -0.0292 -0.0305 -0.0863 -0.3111 -0.2125 -0.1967 -0.0683 -0.1544 -0.1141 +0.0935
  ts_demean: mean -0.1031 [-0.1558, -0.0522] p=0.0026  negative 12/14  (share of pre-injection DMT mean = -9.4 %; negative in 12/14)
  wrote manuscript/figures/fig2_per_subject_did.png / .pdf

== Figure 3: regional DiD map, ts_gsr, EXPLORATORY
  source: regional_did_map_ts_gsr.csv; negative 114/115 (table: 114); FDR survivors 7 (table: 7; BH q=0.05, p_thresh=0.00304); mean over regions -0.080081
  FDR survivors: LH_DorsAttn_Post_2 (idx 16, net 3, DiD -0.1474, p 0.00073); LH_DorsAttn_PrCv_1 (idx 21, net 3, DiD -0.1435, p 0.00269); LH_Default_Par_1 (idx 39, net 7, DiD -0.1684, p 0.00024); RH_SomMot_3 (idx 60, net 2, DiD -0.1039, p 0.00195); RH_SomMot_8 (idx 65, net 2, DiD -0.1162, p 0.00256); RH_SalVentAttn_TempOccPar_2 (idx 74, net 4, DiD -0.1057, p 0.00183); RH_Default_Temp_3 (idx 92, net 7, DiD -0.1527, p 0.00085)
  positive region(s): SUB_5 (idx 104, DiD +0.0278, p 0.495)
  wrote manuscript/figures/fig3_regional_did_ts_gsr.png / .pdf

wrote manuscript/figures/captions.md
