  [qc] s=7 DMT region 20: zero variance (constant timeseries)
  [qc] excluding region 20 for ALL subjects and BOTH conditions (pre-registered rule; defective in: s=7 DMT)
  [qc] regions entering ΦID: 115 (selected 116, excluded 1)
variant=ts_gsr  regions=115/116 (all)  pairs=6555  subjects=14  conditions=('DMT', 'PCB')
TRs=840  windows=28  TRs/window=30  tau=1  fit_mode=window
  subject  1/14 done  (417.4s elapsed)
  subject  2/14 done  (834.3s elapsed)
  [warn] s=2 PCB: dropped 1 non-finite TR(s) (tail)
  subject  3/14 done  (1255.9s elapsed)
  subject  4/14 done  (1681.0s elapsed)
  subject  5/14 done  (2109.9s elapsed)
  subject  6/14 done  (2538.0s elapsed)
  subject  7/14 done  (2966.2s elapsed)
  subject  8/14 done  (3393.0s elapsed)
  subject  9/14 done  (3824.6s elapsed)
  subject 10/14 done  (4268.9s elapsed)
  subject 11/14 done  (4702.8s elapsed)
  subject 12/14 done  (5135.1s elapsed)
  subject 13/14 done  (5565.9s elapsed)
  subject 14/14 done  (6015.2s elapsed)
compute finished in 6015.2s (32.8 ms/pair)

array shape: (14, 2, 28, 16)  (atoms: rtr, rtx, rty, rts, xtr, xtx, xty, xts, ytr, ytx, yty, yts, str, stx, sty, sts)
finite fraction: 1.000
samples/window (evaluated slots): min=28 max=29 median=29; empty slots=0
sts global mean=1.0082  std=0.0811  min=0.7585  max=1.3087

mean synergy (sts) across subjects, per window:
  DMT: [1.057 1.001 1.014 1.019 1.008 1.007 1.026 1.046 1.002 0.952 0.917 0.942
 0.945 0.958 0.962 0.964 0.96  0.982 0.966 0.988 0.99  1.004 0.998 1.001
 1.024 1.005 1.054 1.039]
  PCB: [1.009 0.979 0.978 1.012 1.043 0.995 1.035 0.998 0.978 0.951 0.999 1.028
 1.012 0.993 1.019 1.058 1.047 1.017 1.044 1.027 1.027 1.071 1.054 1.028
 1.071 1.049 1.051 1.05 ]

wrote results/atoms_win30_115regions-all_ts_gsr_window.npy
wrote results/atoms_win30_local_115regions-all_ts_gsr_window.npy
wrote results/atoms_win30_115regions-all_ts_gsr_window.csv
