nohup: ignoring input
  [qc] s=7 DMT region 20: zero variance (constant timeseries)
  [qc] excluding region 20 for ALL subjects and BOTH conditions (pre-registered rule; defective in: s=7 DMT)
  [qc] regions entering ΦID: 115 (selected 116, excluded 1)
variant=ts_gsr  regions=115/116 (all)  pairs=6555  subjects=14  conditions=('DMT', 'PCB')
TRs=840  bins=28  TRs/bin=30  tau=1  fit_mode=global
  subject  1/14 done  (37.7s elapsed)
  subject  2/14 done  (74.9s elapsed)
  [warn] s=2 PCB: dropped 1 non-finite TR(s) (tail)
  subject  3/14 done  (112.3s elapsed)
  subject  4/14 done  (149.5s elapsed)
  subject  5/14 done  (188.9s elapsed)
  subject  6/14 done  (226.3s elapsed)
  subject  7/14 done  (263.7s elapsed)
  subject  8/14 done  (300.9s elapsed)
  subject  9/14 done  (338.2s elapsed)
  subject 10/14 done  (375.4s elapsed)
  subject 11/14 done  (413.0s elapsed)
  subject 12/14 done  (452.3s elapsed)
  subject 13/14 done  (490.5s elapsed)
  subject 14/14 done  (528.4s elapsed)
compute finished in 528.4s (2.9 ms/pair)

array shape: (14, 2, 28)
finite fraction: 1.000
samples/bin: min=28 max=30 median=30
global mean=1.2884  std=0.1077  min=0.9053  max=1.7496

mean synergy across subjects, per bin:
  DMT: [1.337 1.256 1.291 1.337 1.292 1.278 1.332 1.344 1.301 1.224 1.201 1.203
 1.195 1.242 1.233 1.222 1.223 1.251 1.234 1.277 1.275 1.26  1.254 1.278
 1.303 1.279 1.337 1.348]
  PCB: [1.293 1.264 1.244 1.299 1.333 1.278 1.341 1.263 1.283 1.232 1.305 1.329
 1.285 1.268 1.302 1.342 1.327 1.309 1.328 1.318 1.304 1.351 1.327 1.291
 1.339 1.352 1.299 1.334]

wrote results/synergy_bins_115regions-all_ts_gsr_global.npy
wrote results/synergy_bins_115regions-all_ts_gsr_global.csv
