variant=ts_gsr W=60  windowed=atoms_win60_115regions-all_ts_gsr_window.npy  global=atoms_bins_115regions-all_ts_gsr_global.npy  git=553e919

[windowed, primary]  atom    pre DMT  pre PCB   DMT ch   PCB ch      DiD    CI lo    CI hi       p  neg/14
                        sts      1.1554   1.1378  -0.0485  +0.0324  -0.0809  -0.1253  -0.0365  0.0038  13
                        rtr      0.0388   0.0375  -0.0072  +0.0005  -0.0078  -0.0135  -0.0016  0.0312  10
                        total    1.4772   1.4597  -0.0678  +0.0359  -0.1037  -0.1600  -0.0479  0.0034  12
                        xtx      0.6273   0.6131  -0.0280  +0.0243  -0.0523  -0.0839  -0.0221  0.0065  12
                        yty      0.6125   0.6060  -0.0244  +0.0152  -0.0396  -0.0673  -0.0130  0.0131  13
                        rts      0.5669   0.5561  -0.0224  +0.0182  -0.0407  -0.0645  -0.0178  0.0051  12

[windowed, sensitivity]  atom    pre DMT  pre PCB   DMT ch   PCB ch      DiD    CI lo    CI hi       p  neg/14
                        sts      1.1554   1.1378  -0.0491  +0.0242  -0.0733  -0.1179  -0.0298  0.0070  12
                        rtr      0.0388   0.0375  -0.0069  +0.0002  -0.0071  -0.0127  -0.0010  0.0424  10
                        total    1.4772   1.4597  -0.0667  +0.0264  -0.0930  -0.1495  -0.0370  0.0072  12
                        xtx      0.6273   0.6131  -0.0279  +0.0188  -0.0467  -0.0787  -0.0163  0.0137  12
                        yty      0.6125   0.6060  -0.0245  +0.0106  -0.0351  -0.0632  -0.0091  0.0239  12
                        rts      0.5669   0.5561  -0.0231  +0.0140  -0.0371  -0.0606  -0.0145  0.0079  13

[windowed, peak(bins 9-14)]  atom    pre DMT  pre PCB   DMT ch   PCB ch      DiD    CI lo    CI hi       p  neg/14
                        sts      1.1554   1.1378  -0.0833  -0.0133  -0.0700  -0.1065  -0.0301  0.0055  13
                        rtr      0.0388   0.0375  -0.0101  +0.0003  -0.0103  -0.0164  -0.0036  0.0120  11
                        total    1.4772   1.4597  -0.1087  -0.0158  -0.0929  -0.1414  -0.0417  0.0051  12
                        xtx      0.6273   0.6131  -0.0478  -0.0083  -0.0396  -0.0708  -0.0086  0.0363  10
                        yty      0.6125   0.6060  -0.0431  -0.0118  -0.0313  -0.0564  -0.0054  0.0361  11
                        rts      0.5669   0.5561  -0.0407  -0.0062  -0.0345  -0.0550  -0.0129  0.0096  12

[global, primary]  atom    pre DMT  pre PCB   DMT ch   PCB ch      DiD    CI lo    CI hi       p  neg/14
                        sts      1.3085   1.2893  -0.0521  +0.0280  -0.0801  -0.1302  -0.0310  0.0071  12
                        rtr      0.0248   0.0225  -0.0062  -0.0001  -0.0060  -0.0131  +0.0014  0.1378  10
                        total    1.4421   1.4046  -0.0852  +0.0364  -0.1216  -0.1917  -0.0526  0.0051  13
                        xtx      0.6897   0.6721  -0.0323  +0.0221  -0.0544  -0.0885  -0.0216  0.0081  12
                        yty      0.6719   0.6623  -0.0289  +0.0142  -0.0431  -0.0767  -0.0128  0.0137  13
                        rts      0.6435   0.6327  -0.0239  +0.0157  -0.0396  -0.0661  -0.0141  0.0090  12

[global, sensitivity]  atom    pre DMT  pre PCB   DMT ch   PCB ch      DiD    CI lo    CI hi       p  neg/14
                        sts      1.3085   1.2893  -0.0515  +0.0220  -0.0735  -0.1242  -0.0251  0.0112  12
                        rtr      0.0248   0.0225  -0.0063  -0.0003  -0.0060  -0.0127  +0.0012  0.1285  10
                        total    1.4421   1.4046  -0.0853  +0.0285  -0.1138  -0.1835  -0.0441  0.0079  11
                        xtx      0.6897   0.6721  -0.0323  +0.0180  -0.0503  -0.0841  -0.0169  0.0121  12
                        yty      0.6719   0.6623  -0.0286  +0.0107  -0.0393  -0.0726  -0.0096  0.0210  13
                        rts      0.6435   0.6327  -0.0237  +0.0126  -0.0362  -0.0621  -0.0111  0.0131  12

[global, peak(bins 9-14)]  atom    pre DMT  pre PCB   DMT ch   PCB ch      DiD    CI lo    CI hi       p  neg/14
                        sts      1.3085   1.2893  -0.0808  -0.0056  -0.0752  -0.1108  -0.0336  0.0044  13
                        rtr      0.0248   0.0225  -0.0096  -0.0004  -0.0091  -0.0152  -0.0027  0.0203  10
                        total    1.4421   1.4046  -0.1257  -0.0082  -0.1175  -0.1701  -0.0603  0.0018  13
                        xtx      0.6897   0.6721  -0.0484  -0.0024  -0.0460  -0.0758  -0.0166  0.0128  12
                        yty      0.6719   0.6623  -0.0431  -0.0057  -0.0373  -0.0630  -0.0121  0.0155  13
                        rts      0.6435   0.6327  -0.0377  -0.0023  -0.0353  -0.0547  -0.0134  0.0082  12

wrote results/windowed_atoms_did_ts_gsr_win60.csv
