# 11_regional_analysis.py EXPLORATORY variant=ts_demean regions=115 excluded_regions=20 pre=bins1-8 post=bins11-28 signflip=exact2^14 two-sided fdr=BH q=0.05 spin=rotated_Schaefer_100 (10000 rotations, cortical only) bootstrap=10000 seed=20261120 git=4f7437b
  subject  1 DMT done (17s)
  subject  1 PCB done (34s)
  subject  2 DMT done (51s)
  subject  2 PCB done (67s)
  subject  3 DMT done (84s)
  subject  3 PCB done (102s)
  subject  4 DMT done (120s)
  subject  4 PCB done (138s)
  subject  5 DMT done (154s)
  subject  5 PCB done (171s)
  subject  6 DMT done (187s)
  subject  6 PCB done (204s)
  subject  7 DMT done (221s)
  subject  7 PCB done (237s)
  subject  8 DMT done (254s)
  subject  8 PCB done (271s)
  subject  9 DMT done (287s)
  subject  9 PCB done (304s)
  subject 10 DMT done (321s)
  subject 10 PCB done (338s)
  subject 11 DMT done (354s)
  subject 11 PCB done (371s)
  subject 12 DMT done (388s)
  subject 12 PCB done (404s)
  subject 13 DMT done (421s)
  subject 13 PCB done (438s)
  subject 14 DMT done (455s)
  subject 14 PCB done (471s)
consistency vs atoms_bins_115regions-all_ts_demean_global.npy: max |region-mean - pair-mean| sts 2.22e-15 rtr 3.05e-16
  consistency                max_abs_diff_sts_vs_saved_pairmean           +0.0000  
  consistency                max_abs_diff_rtr_vs_saved_pairmean           +0.0000  

== per-region DiD (EXPLORATORY): 19 of 115 survive BH FDR q=0.05 (p threshold 0.00826); of these 19 negative, 0 positive; group-mean DiD negative in 114/115 regions
  regional_did               n_regions_fdr_significant                    +19.0000  BH q=0.05, p_thresh=0.00826
  regional_did               n_fdr_significant_negative                   +19.0000  
  regional_did               n_fdr_significant_positive                   +0.0000  
  regional_did               n_groupmean_negative_of_115                  +114.0000  
  regional_did               min_uncorrected_p                            +0.0009  region LH_Default_Par_1
  regional_did               mean_over_regions_of_did                     -0.1035  equals whole-brain pair-mean DiD
  regional_did               n_cortical_fdr_significant                   +19.0000  
  regional_did               n_subcortical_fdr_significant                +0.0000  
  regional_did_fdr_regions   LH_Vis_3                                     -0.1595 p=0.0062  orig_index=2 net=1 neg=11/14
  regional_did_fdr_regions   LH_Vis_4                                     -0.1335 p=0.0056  orig_index=3 net=1 neg=11/14
  regional_did_fdr_regions   LH_Vis_6                                     -0.1828 p=0.0074  orig_index=5 net=1 neg=12/14
  regional_did_fdr_regions   LH_Vis_8                                     -0.1220 p=0.0081  orig_index=7 net=1 neg=12/14
  regional_did_fdr_regions   LH_Vis_9                                     -0.1581 p=0.0043  orig_index=8 net=1 neg=11/14
  regional_did_fdr_regions   LH_SomMot_4                                  -0.1072 p=0.0060  orig_index=12 net=2 neg=11/14
  regional_did_fdr_regions   LH_DorsAttn_Post_2                           -0.1514 p=0.0029  orig_index=16 net=3 neg=12/14
  regional_did_fdr_regions   LH_DorsAttn_Post_4                           -0.1356 p=0.0013  orig_index=18 net=3 neg=12/14
  regional_did_fdr_regions   LH_DorsAttn_PrCv_1                           -0.1641 p=0.0022  orig_index=21 net=3 neg=12/14
  regional_did_fdr_regions   LH_DorsAttn_FEF_1                            -0.1621 p=0.0032  orig_index=22 net=3 neg=12/14
  regional_did_fdr_regions   LH_Cont_pCun_1                               -0.1276 p=0.0071  orig_index=35 net=6 neg=12/14
  regional_did_fdr_regions   LH_Default_Par_1                             -0.1380 p=0.0009  orig_index=39 net=7 neg=13/14
  regional_did_fdr_regions   LH_Default_pCunPCC_1                         -0.1597 p=0.0026  orig_index=48 net=7 neg=12/14
  regional_did_fdr_regions   RH_Vis_5                                     -0.1240 p=0.0056  orig_index=54 net=1 neg=12/14
  regional_did_fdr_regions   RH_Vis_7                                     -0.1223 p=0.0073  orig_index=56 net=1 neg=11/14
  regional_did_fdr_regions   RH_Vis_8                                     -0.1441 p=0.0016  orig_index=57 net=1 neg=12/14
  regional_did_fdr_regions   RH_SalVentAttn_TempOccPar_2                  -0.1059 p=0.0082  orig_index=74 net=4 neg=12/14
  regional_did_fdr_regions   RH_Default_PFCv_2                            -0.1332 p=0.0052  orig_index=94 net=7 neg=12/14
  regional_did_fdr_regions   RH_Default_pCunPCC_1                         -0.1148 p=0.0078  orig_index=98 net=7 neg=12/14

== spin test: 10000 rotations of the 100 cortical parcels; region 20 NaN in both maps
  spatial_spin_cortical99    rho_5HT2A                                    -0.0552 p=0.6774  two-sided spin p; Vasa one-sided-avg p=0.3603; null SD 0.128; BH(5) sig=0
  spatial_descriptive_115    rho_5HT2A_incl_subcortex_no_p                -0.2630  no spatial null for subcortex
  spatial_spin_cortical99    rho_5HT1A                                    +0.2647 p=0.0316  two-sided spin p; Vasa one-sided-avg p=0.0116; null SD 0.130; BH(5) sig=0
  spatial_descriptive_115    rho_5HT1A_incl_subcortex_no_p                +0.0379  no spatial null for subcortex
  spatial_spin_cortical99    rho_5HT1B                                    -0.2635 p=0.0500  two-sided spin p; Vasa one-sided-avg p=0.0330; null SD 0.135; BH(5) sig=0
  spatial_descriptive_115    rho_5HT1B_incl_subcortex_no_p                -0.3140  no spatial null for subcortex
  spatial_spin_cortical99    rho_5HT4                                     +0.1815 p=0.1595  two-sided spin p; Vasa one-sided-avg p=0.0655; null SD 0.128; BH(5) sig=0
  spatial_descriptive_115    rho_5HT4_incl_subcortex_no_p                 +0.2306  no spatial null for subcortex
  spatial_spin_cortical99    rho_5HTT                                     +0.2020 p=0.0962  two-sided spin p; Vasa one-sided-avg p=0.0391; null SD 0.122; BH(5) sig=0
  spatial_descriptive_115    rho_5HTT_incl_subcortex_no_p                 +0.3649  no spatial null for subcortex
  spatial_spin_cortical99    bh_threshold_across_5_maps                   +0.0000  
receptor inter-correlation (Spearman, 115 regions):
  5HT2A  +1.00 +0.53 +0.53 +0.44 -0.45
  receptor_intercorrelation  5HT2A_vs_5HT4                                +0.4365  
  receptor_intercorrelation  5HT2A_vs_5HTT                                -0.4514  
  5HT1A  +0.53 +1.00 -0.00 +0.40 -0.10
  receptor_intercorrelation  5HT1A_vs_5HT2A                               +0.5324  
  receptor_intercorrelation  5HT1A_vs_5HT1B                               -0.0022  
  receptor_intercorrelation  5HT1A_vs_5HT4                                +0.4047  
  receptor_intercorrelation  5HT1A_vs_5HTT                                -0.0998  
  5HT1B  +0.53 -0.00 +1.00 +0.06 -0.36
  receptor_intercorrelation  5HT1B_vs_5HT2A                               +0.5285  
  receptor_intercorrelation  5HT1B_vs_5HT4                                +0.0561  
  receptor_intercorrelation  5HT1B_vs_5HTT                                -0.3643  
  5HT4   +0.44 +0.40 +0.06 +1.00 +0.07
  receptor_intercorrelation  5HT4_vs_5HTT                                 +0.0682  
  5HTT   -0.45 -0.10 -0.36 +0.07 +1.00

== workspace comparison (network-level proxies of Luppi et al. 2024; EXPLORATORY)
  workspace_primary_Default+Cont workspace_minus_nonworkspace_vs_noncortex_ws -0.0050 [-0.0225, +0.0120] p=0.5900  n_ws=37 n_non=62 neg=7/14
  workspace_primary_Default+Cont workspace_mean_did_vs_noncortex_ws           -0.1115 [-0.1816, -0.0375] p=0.0131  
  workspace_primary_Default+Cont nonworkspace_mean_did_vs_noncortex_ws        -0.1065 [-0.1722, -0.0392] p=0.0118  
  workspace_primary_Default+Cont gateway_proxy_minus_nonworkspace_vs_noncortex_ws -0.0094 [-0.0315, +0.0129] p=0.4421  n=24 neg=8/14
  workspace_primary_Default+Cont broadcaster_proxy_minus_nonworkspace_vs_noncortex_ws +0.0030 [-0.0195, +0.0276] p=0.8129  n=13 neg=7/14
  workspace_primary_Default+Cont workspace_minus_nonworkspace_vs_noncortex_ws+subcortex -0.0119 [-0.0300, +0.0063] p=0.2416  n_ws=37 n_non=78 neg=8/14
  workspace_primary_Default+Cont workspace_mean_did_vs_noncortex_ws+subcortex -0.1115 [-0.1806, -0.0381] p=0.0131  
  workspace_primary_Default+Cont nonworkspace_mean_did_vs_noncortex_ws+subcortex -0.0996 [-0.1629, -0.0345] p=0.0138  
  workspace_primary_Default+Cont gateway_proxy_minus_nonworkspace_vs_noncortex_ws+subcortex -0.0163 [-0.0392, +0.0078] p=0.2112  n=24 neg=11/14
  workspace_primary_Default+Cont broadcaster_proxy_minus_nonworkspace_vs_noncortex_ws+subcortex -0.0039 [-0.0272, +0.0203] p=0.7692  n=13 neg=8/14
  workspace_primary_Default+Cont gateway_proxy_minus_broadcaster_proxy        -0.0124 [-0.0436, +0.0183] p=0.4585  n_gw=24 n_bc=13
  workspace_named_subregion  workspace_minus_nonworkspace_vs_noncortex_ws -0.0070 [-0.0305, +0.0170] p=0.5826  n_ws=26 n_non=73 neg=8/14
  workspace_named_subregion  workspace_mean_did_vs_noncortex_ws           -0.1135 [-0.1869, -0.0377] p=0.0137  
  workspace_named_subregion  nonworkspace_mean_did_vs_noncortex_ws        -0.1066 [-0.1717, -0.0378] p=0.0123  
  workspace_named_subregion  gateway_proxy_minus_nonworkspace_vs_noncortex_ws -0.0086 [-0.0338, +0.0180] p=0.5249  n=21 neg=9/14
  workspace_named_subregion  broadcaster_proxy_minus_nonworkspace_vs_noncortex_ws -0.0002 [-0.0376, +0.0417] p=0.9934  n=5 neg=8/14
  workspace_named_subregion  workspace_minus_nonworkspace_vs_noncortex_ws+subcortex -0.0130 [-0.0363, +0.0110] p=0.3185  n_ws=26 n_non=89 neg=9/14
  workspace_named_subregion  workspace_mean_did_vs_noncortex_ws+subcortex -0.1135 [-0.1861, -0.0384] p=0.0137  
  workspace_named_subregion  nonworkspace_mean_did_vs_noncortex_ws+subcortex -0.1005 [-0.1642, -0.0331] p=0.0143  
  workspace_named_subregion  gateway_proxy_minus_nonworkspace_vs_noncortex_ws+subcortex -0.0146 [-0.0396, +0.0130] p=0.3064  n=21 neg=10/14
  workspace_named_subregion  broadcaster_proxy_minus_nonworkspace_vs_noncortex_ws+subcortex -0.0062 [-0.0426, +0.0338] p=0.7709  n=5 neg=9/14
  workspace_named_subregion  gateway_proxy_minus_broadcaster_proxy        -0.0084 [-0.0524, +0.0302] p=0.7153  n_gw=21 n_bc=5

== rank-rule check on the placebo run (descriptive; not used for selection)
  rankrule_placebo           n_rankrule_workspace_of_115                  +58.0000  
  rankrule_placebo           n_rankrule_cortical                          +51.0000  
  rankrule_placebo           n_rankrule_subcortical                       +7.0000  
  rankrule_placebo           overlap_with_primary_proxy_count             +32.0000  proxy n=37; rule cortical n=51
  rankrule_placebo           jaccard_rule_vs_primary_proxy_cortical       +0.5714  
  rankrule_placebo           spearman_rank_sts_vs_rank_rtr_115            +0.1151  
  rankrule_placebo_composition Vis_rule_count_of_17                         +4.0000  
  rankrule_placebo_composition SomMot_rule_count_of_14                      +0.0000  
  rankrule_placebo_composition DorsAttn_rule_count_of_14                    +6.0000  
  rankrule_placebo_composition SalVentAttn_rule_count_of_12                 +4.0000  
  rankrule_placebo_composition Limbic_rule_count_of_5                       +5.0000  
  rankrule_placebo_composition Cont_rule_count_of_13                        +12.0000  
  rankrule_placebo_composition Default_rule_count_of_24                     +20.0000  
  rankrule_placebo_composition Subcortex_rule_count_of_16                   +7.0000  
  rankrule_dmt_descriptive   n_rankrule_workspace_of_115                  +62.0000  
  rankrule_dmt_descriptive   n_regions_same_membership_as_placebo         +93.0000  

wrote results/regional_analysis_ts_demean.csv, results/regional_did_map_ts_demean.csv, results/regional_atoms_bins_115regions-all_ts_demean_global.npy  (500s)
