ratio at the operating point the paper uses for every quoted derivative:
  (0.85, 0.25) -> 32.09   [Abstract: '32-fold']

ratio across the observed median box (r1 0.816-0.867, |q| 0.22-0.41):
  a = 0.816: |q|=0.22 -> 32.00  |q|=0.24 -> 29.10  |q|=0.25 -> 27.81  |q|=0.31 -> 21.77  |q|=0.41 -> 15.39
  a = 0.840: |q|=0.22 -> 35.24  |q|=0.24 -> 32.04  |q|=0.25 -> 30.63  |q|=0.31 -> 23.95  |q|=0.41 -> 16.90
  a = 0.850: |q|=0.22 -> 36.93  |q|=0.24 -> 33.58  |q|=0.25 -> 32.09  |q|=0.31 -> 25.09  |q|=0.41 -> 17.69
  a = 0.860: |q|=0.22 -> 38.89  |q|=0.24 -> 35.35  |q|=0.25 -> 33.78  |q|=0.31 -> 26.40  |q|=0.41 -> 18.60
  a = 0.867: |q|=0.22 -> 40.44  |q|=0.24 -> 36.76  |q|=0.25 -> 35.13  |q|=0.31 -> 27.45  |q|=0.41 -> 19.32
  -> range over the box: 15.39 to 40.44

and where the |q| > 0.6 minority sits (4-13 % of ts_gsr, 7-30 % of ts_demean pairs):
  (0.85, 0.60) -> 9.75
  (0.85, 0.70) -> 7.00
  (0.85, 0.80) -> 4.76
  (0.85, 0.90) -> 2.85
  (0.85, 0.95) -> 1.99

the 'lower bound' points of Results 2 (ideal band-passed white noise), at |q| = 0.25:
  (0.78, 0.25) -> 24.87
  (0.82, 0.25) -> 28.22
  (0.85, 0.25) -> 32.09
  (0.93, 0.25) -> 59.96
  (0.97, 0.25) -> 131.09
